Archive member included because of file (symbol)

c:/program files (x86)/gnu tools arm embedded/4.7 2013q2/bin/../lib/gcc/arm-none-eabi/4.7.4/armv6-m\libgcc.a(_udivsi3.o)
                              ..\obj\stm32f0xx_rcc.o (__aeabi_uidiv)
c:/program files (x86)/gnu tools arm embedded/4.7 2013q2/bin/../lib/gcc/arm-none-eabi/4.7.4/armv6-m\libgcc.a(_dvmd_tls.o)
                              c:/program files (x86)/gnu tools arm embedded/4.7 2013q2/bin/../lib/gcc/arm-none-eabi/4.7.4/armv6-m\libgcc.a(_udivsi3.o) (__aeabi_idiv0)
c:/program files (x86)/gnu tools arm embedded/4.7 2013q2/bin/../lib/gcc/arm-none-eabi/4.7.4/../../../../arm-none-eabi/lib/armv6-m\libg.a(lib_a-memcmp.o)
                              ..\obj\ipstack.o (memcmp)
c:/program files (x86)/gnu tools arm embedded/4.7 2013q2/bin/../lib/gcc/arm-none-eabi/4.7.4/../../../../arm-none-eabi/lib/armv6-m\libg.a(lib_a-memcpy.o)
                              ..\obj\ipstack.o (memcpy)
c:/program files (x86)/gnu tools arm embedded/4.7 2013q2/bin/../lib/gcc/arm-none-eabi/4.7.4/../../../../arm-none-eabi/lib/armv6-m\libg.a(lib_a-memset.o)
                              ..\obj\ipstack.o (memset)
c:/program files (x86)/gnu tools arm embedded/4.7 2013q2/bin/../lib/gcc/arm-none-eabi/4.7.4/../../../../arm-none-eabi/lib/armv6-m\libg.a(lib_a-strlen.o)
                              ..\obj\ipstack.o (strlen)

Allocating common symbols
Common symbol       size              file

serverIP            0x4               ..\obj\ipstack.o
xQueueRegistry      0x40              ..\obj\queue.o

Discarded input sections

 .text          0x00000000        0x0 ..\obj\enc28j60_jose.o
 .data          0x00000000        0x0 ..\obj\enc28j60_jose.o
 .text          0x00000000        0x0 ..\obj\heap_4.o
 .text.xPortGetFreeHeapSize
                0x00000000       0x14 ..\obj\heap_4.o
 .text.xPortGetMinimumEverFreeHeapSize
                0x00000000       0x14 ..\obj\heap_4.o
 .text.vPortInitialiseBlocks
                0x00000000        0x8 ..\obj\heap_4.o
 .text          0x00000000        0x0 ..\obj\usart_jose.o
 .data          0x00000000        0x0 ..\obj\usart_jose.o
 .bss           0x00000000        0x0 ..\obj\usart_jose.o
 .text.usartSendString
                0x00000000       0x44 ..\obj\usart_jose.o
 .text          0x00000000        0x0 ..\obj\ipstack.o
 .bss           0x00000000        0x0 ..\obj\ipstack.o
 .text.add32    0x00000000       0xc8 ..\obj\ipstack.o
 .text.ackTcp   0x00000000      0x2d0 ..\obj\ipstack.o
 .text.DNSLookup
                0x00000000      0x3e8 ..\obj\ipstack.o
 .text.IPstackHTMLPost
                0x00000000      0x64c ..\obj\ipstack.o
 .text.IPstackIdle
                0x00000000       0x1c ..\obj\ipstack.o
 .text.printStruct
                0x00000000       0x3c ..\obj\ipstack.o
 COMMON         0x00000000        0x4 ..\obj\ipstack.o
 .text          0x00000000        0x0 ..\obj\stm32f0xx_rcc.o
 .bss           0x00000000        0x0 ..\obj\stm32f0xx_rcc.o
 .text.RCC_DeInit
                0x00000000       0x88 ..\obj\stm32f0xx_rcc.o
 .text.RCC_HSEConfig
                0x00000000       0x24 ..\obj\stm32f0xx_rcc.o
 .text.RCC_WaitForHSEStartUp
                0x00000000       0x60 ..\obj\stm32f0xx_rcc.o
 .text.RCC_AdjustHSICalibrationValue
                0x00000000       0x3c ..\obj\stm32f0xx_rcc.o
 .text.RCC_HSICmd
                0x00000000       0x38 ..\obj\stm32f0xx_rcc.o
 .text.RCC_AdjustHSI14CalibrationValue
                0x00000000       0x3c ..\obj\stm32f0xx_rcc.o
 .text.RCC_HSI14Cmd
                0x00000000       0x38 ..\obj\stm32f0xx_rcc.o
 .text.RCC_HSI14ADCRequestCmd
                0x00000000       0x38 ..\obj\stm32f0xx_rcc.o
 .text.RCC_LSEConfig
                0x00000000       0x38 ..\obj\stm32f0xx_rcc.o
 .text.RCC_LSEDriveConfig
                0x00000000       0x2c ..\obj\stm32f0xx_rcc.o
 .text.RCC_LSICmd
                0x00000000       0x38 ..\obj\stm32f0xx_rcc.o
 .text.RCC_PLLConfig
                0x00000000       0x34 ..\obj\stm32f0xx_rcc.o
 .text.RCC_PLLCmd
                0x00000000       0x40 ..\obj\stm32f0xx_rcc.o
 .text.RCC_PREDIV1Config
                0x00000000       0x34 ..\obj\stm32f0xx_rcc.o
 .text.RCC_ClockSecuritySystemCmd
                0x00000000       0x40 ..\obj\stm32f0xx_rcc.o
 .text.RCC_MCOConfig
                0x00000000       0x20 ..\obj\stm32f0xx_rcc.o
 .text.RCC_SYSCLKConfig
                0x00000000       0x34 ..\obj\stm32f0xx_rcc.o
 .text.RCC_GetSYSCLKSource
                0x00000000       0x1c ..\obj\stm32f0xx_rcc.o
 .text.RCC_HCLKConfig
                0x00000000       0x34 ..\obj\stm32f0xx_rcc.o
 .text.RCC_PCLKConfig
                0x00000000       0x38 ..\obj\stm32f0xx_rcc.o
 .text.RCC_ADCCLKConfig
                0x00000000       0x50 ..\obj\stm32f0xx_rcc.o
 .text.RCC_CECCLKConfig
                0x00000000       0x2c ..\obj\stm32f0xx_rcc.o
 .text.RCC_I2CCLKConfig
                0x00000000       0x2c ..\obj\stm32f0xx_rcc.o
 .text.RCC_USARTCLKConfig
                0x00000000       0x2c ..\obj\stm32f0xx_rcc.o
 .text.RCC_RTCCLKConfig
                0x00000000       0x20 ..\obj\stm32f0xx_rcc.o
 .text.RCC_RTCCLKCmd
                0x00000000       0x40 ..\obj\stm32f0xx_rcc.o
 .text.RCC_BackupResetCmd
                0x00000000       0x40 ..\obj\stm32f0xx_rcc.o
 .text.RCC_APB2PeriphClockCmd
                0x00000000       0x3c ..\obj\stm32f0xx_rcc.o
 .text.RCC_AHBPeriphResetCmd
                0x00000000       0x3c ..\obj\stm32f0xx_rcc.o
 .text.RCC_APB2PeriphResetCmd
                0x00000000       0x3c ..\obj\stm32f0xx_rcc.o
 .text.RCC_APB1PeriphResetCmd
                0x00000000       0x3c ..\obj\stm32f0xx_rcc.o
 .text.RCC_ITConfig
                0x00000000       0x50 ..\obj\stm32f0xx_rcc.o
 .text.RCC_GetFlagStatus
                0x00000000       0x90 ..\obj\stm32f0xx_rcc.o
 .text.RCC_ClearFlag
                0x00000000       0x1c ..\obj\stm32f0xx_rcc.o
 .text.RCC_GetITStatus
                0x00000000       0x44 ..\obj\stm32f0xx_rcc.o
 .text.RCC_ClearITPendingBit
                0x00000000       0x20 ..\obj\stm32f0xx_rcc.o
 .text          0x00000000        0x0 ..\obj\stm32f0_spi_jose.o
 .data          0x00000000        0x0 ..\obj\stm32f0_spi_jose.o
 .text          0x00000000        0x0 ..\obj\main.o
 .data          0x00000000        0x0 ..\obj\main.o
 .text.vApplicationIdleHook
                0x00000000        0x8 ..\obj\main.o
 .text          0x00000000       0x14 ..\obj\startup_stm32f0xx.o
 .data          0x00000000        0x0 ..\obj\startup_stm32f0xx.o
 .bss           0x00000000        0x0 ..\obj\startup_stm32f0xx.o
 .text          0x00000000        0x0 ..\obj\timers.o
 .data          0x00000000        0x0 ..\obj\timers.o
 .text.xTimerCreate
                0x00000000       0x6c ..\obj\timers.o
 .text.xTimerIsTimerActive
                0x00000000       0x2c ..\obj\timers.o
 .text.pvTimerGetTimerID
                0x00000000       0x18 ..\obj\timers.o
 .text          0x00000000        0x0 ..\obj\tasks.o
 .text.vTaskDelete
                0x00000000       0xa4 ..\obj\tasks.o
 .text.vTaskDelay
                0x00000000       0x64 ..\obj\tasks.o
 .text.uxTaskPriorityGet
                0x00000000       0x34 ..\obj\tasks.o
 .text.vTaskPrioritySet
                0x00000000      0x120 ..\obj\tasks.o
 .text.vTaskSuspend
                0x00000000       0xb0 ..\obj\tasks.o
 .text.prvTaskIsTaskSuspended
                0x00000000       0x60 ..\obj\tasks.o
 .text.vTaskResume
                0x00000000       0x9c ..\obj\tasks.o
 .text.xTaskResumeFromISR
                0x00000000       0xbc ..\obj\tasks.o
 .text.vTaskEndScheduler
                0x00000000       0x18 ..\obj\tasks.o
 .text.xTaskGetTickCountFromISR
                0x00000000       0x2c ..\obj\tasks.o
 .text.uxTaskGetNumberOfTasks
                0x00000000       0x14 ..\obj\tasks.o
 .text.uxTaskGetSystemState
                0x00000000       0xfc ..\obj\tasks.o
 .text.vTaskPlaceOnUnorderedEventList
                0x00000000       0x8c ..\obj\tasks.o
 .text.xTaskRemoveFromUnorderedEventList
                0x00000000       0xb0 ..\obj\tasks.o
 .text.uxTaskGetTaskNumber
                0x00000000       0x28 ..\obj\tasks.o
 .text.vTaskSetTaskNumber
                0x00000000       0x20 ..\obj\tasks.o
 .text.prvListTaskWithinSingleList
                0x00000000      0x11c ..\obj\tasks.o
 .text.prvTaskCheckFreeStackSpace
                0x00000000       0x34 ..\obj\tasks.o
 .text.uxTaskResetEventItemValue
                0x00000000       0x2c ..\obj\tasks.o
 .text          0x00000000        0x0 ..\obj\stm32f0xx_spi.o
 .data          0x00000000        0x0 ..\obj\stm32f0xx_spi.o
 .bss           0x00000000        0x0 ..\obj\stm32f0xx_spi.o
 .text.SPI_I2S_DeInit
                0x00000000       0x58 ..\obj\stm32f0xx_spi.o
 .text.SPI_StructInit
                0x00000000       0x48 ..\obj\stm32f0xx_spi.o
 .text.I2S_StructInit
                0x00000000       0x34 ..\obj\stm32f0xx_spi.o
 .text.I2S_Init
                0x00000000      0x1c0 ..\obj\stm32f0xx_spi.o
 .text.SPI_TIModeCmd
                0x00000000       0x40 ..\obj\stm32f0xx_spi.o
 .text.I2S_Cmd  0x00000000       0x44 ..\obj\stm32f0xx_spi.o
 .text.SPI_DataSizeConfig
                0x00000000       0x58 ..\obj\stm32f0xx_spi.o
 .text.SPI_BiDirectionalLineConfig
                0x00000000       0x48 ..\obj\stm32f0xx_spi.o
 .text.SPI_NSSInternalSoftwareConfig
                0x00000000       0x4c ..\obj\stm32f0xx_spi.o
 .text.SPI_SSOutputCmd
                0x00000000       0x40 ..\obj\stm32f0xx_spi.o
 .text.SPI_NSSPulseModeCmd
                0x00000000       0x40 ..\obj\stm32f0xx_spi.o
 .text.SPI_I2S_SendData16
                0x00000000       0x1c ..\obj\stm32f0xx_spi.o
 .text.SPI_I2S_ReceiveData16
                0x00000000       0x18 ..\obj\stm32f0xx_spi.o
 .text.SPI_CRCLengthConfig
                0x00000000       0x3c ..\obj\stm32f0xx_spi.o
 .text.SPI_TransmitCRC
                0x00000000       0x20 ..\obj\stm32f0xx_spi.o
 .text.SPI_GetCRC
                0x00000000       0x44 ..\obj\stm32f0xx_spi.o
 .text.SPI_GetCRCPolynomial
                0x00000000       0x18 ..\obj\stm32f0xx_spi.o
 .text.SPI_I2S_DMACmd
                0x00000000       0x48 ..\obj\stm32f0xx_spi.o
 .text.SPI_LastDMATransferCmd
                0x00000000       0x3c ..\obj\stm32f0xx_spi.o
 .text.SPI_I2S_ITConfig
                0x00000000       0x7c ..\obj\stm32f0xx_spi.o
 .text.SPI_GetTransmissionFIFOStatus
                0x00000000       0x20 ..\obj\stm32f0xx_spi.o
 .text.SPI_GetReceptionFIFOStatus
                0x00000000       0x20 ..\obj\stm32f0xx_spi.o
 .text.SPI_I2S_ClearFlag
                0x00000000       0x20 ..\obj\stm32f0xx_spi.o
 .text.SPI_I2S_GetITStatus
                0x00000000       0xb0 ..\obj\stm32f0xx_spi.o
 .text          0x00000000        0x0 ..\obj\stm32f0xx_gpio.o
 .data          0x00000000        0x0 ..\obj\stm32f0xx_gpio.o
 .bss           0x00000000        0x0 ..\obj\stm32f0xx_gpio.o
 .text.GPIO_DeInit
                0x00000000       0xc8 ..\obj\stm32f0xx_gpio.o
 .text.GPIO_PinLockConfig
                0x00000000       0x44 ..\obj\stm32f0xx_gpio.o
 .text.GPIO_ReadInputDataBit
                0x00000000       0x48 ..\obj\stm32f0xx_gpio.o
 .text.GPIO_ReadInputData
                0x00000000       0x18 ..\obj\stm32f0xx_gpio.o
 .text.GPIO_ReadOutputDataBit
                0x00000000       0x48 ..\obj\stm32f0xx_gpio.o
 .text.GPIO_ReadOutputData
                0x00000000       0x18 ..\obj\stm32f0xx_gpio.o
 .text.GPIO_SetBits
                0x00000000       0x1c ..\obj\stm32f0xx_gpio.o
 .text.GPIO_ResetBits
                0x00000000       0x1c ..\obj\stm32f0xx_gpio.o
 .text.GPIO_WriteBit
                0x00000000       0x30 ..\obj\stm32f0xx_gpio.o
 .text.GPIO_Write
                0x00000000       0x1c ..\obj\stm32f0xx_gpio.o
 .text          0x00000000        0x0 ..\obj\list.o
 .data          0x00000000        0x0 ..\obj\list.o
 .bss           0x00000000        0x0 ..\obj\list.o
 .text          0x00000000        0x0 ..\obj\stm32f0xx_usart.o
 .data          0x00000000        0x0 ..\obj\stm32f0xx_usart.o
 .bss           0x00000000        0x0 ..\obj\stm32f0xx_usart.o
 .text.USART_DeInit
                0x00000000       0x58 ..\obj\stm32f0xx_usart.o
 .text.USART_StructInit
                0x00000000       0x34 ..\obj\stm32f0xx_usart.o
 .text.USART_ClockInit
                0x00000000       0x48 ..\obj\stm32f0xx_usart.o
 .text.USART_ClockStructInit
                0x00000000       0x28 ..\obj\stm32f0xx_usart.o
 .text.USART_DirectionModeCmd
                0x00000000       0x38 ..\obj\stm32f0xx_usart.o
 .text.USART_OverSampling8Cmd
                0x00000000       0x3c ..\obj\stm32f0xx_usart.o
 .text.USART_OneBitMethodCmd
                0x00000000       0x3c ..\obj\stm32f0xx_usart.o
 .text.USART_MSBFirstCmd
                0x00000000       0x3c ..\obj\stm32f0xx_usart.o
 .text.USART_DataInvCmd
                0x00000000       0x3c ..\obj\stm32f0xx_usart.o
 .text.USART_InvPinCmd
                0x00000000       0x38 ..\obj\stm32f0xx_usart.o
 .text.USART_SWAPPinCmd
                0x00000000       0x3c ..\obj\stm32f0xx_usart.o
 .text.USART_ReceiverTimeOutCmd
                0x00000000       0x3c ..\obj\stm32f0xx_usart.o
 .text.USART_SetReceiverTimeOut
                0x00000000       0x28 ..\obj\stm32f0xx_usart.o
 .text.USART_SetPrescaler
                0x00000000       0x38 ..\obj\stm32f0xx_usart.o
 .text.USART_STOPModeCmd
                0x00000000       0x3c ..\obj\stm32f0xx_usart.o
 .text.USART_StopModeWakeUpSourceConfig
                0x00000000       0x2c ..\obj\stm32f0xx_usart.o
 .text.USART_AutoBaudRateCmd
                0x00000000       0x3c ..\obj\stm32f0xx_usart.o
 .text.USART_AutoBaudRateConfig
                0x00000000       0x2c ..\obj\stm32f0xx_usart.o
 .text.USART_ReceiveData
                0x00000000       0x1c ..\obj\stm32f0xx_usart.o
 .text.USART_SetAddress
                0x00000000       0x30 ..\obj\stm32f0xx_usart.o
 .text.USART_MuteModeCmd
                0x00000000       0x3c ..\obj\stm32f0xx_usart.o
 .text.USART_MuteModeWakeUpConfig
                0x00000000       0x2c ..\obj\stm32f0xx_usart.o
 .text.USART_AddressDetectionConfig
                0x00000000       0x2c ..\obj\stm32f0xx_usart.o
 .text.USART_LINBreakDetectLengthConfig
                0x00000000       0x2c ..\obj\stm32f0xx_usart.o
 .text.USART_LINCmd
                0x00000000       0x3c ..\obj\stm32f0xx_usart.o
 .text.USART_HalfDuplexCmd
                0x00000000       0x3c ..\obj\stm32f0xx_usart.o
 .text.USART_SetGuardTime
                0x00000000       0x3c ..\obj\stm32f0xx_usart.o
 .text.USART_SmartCardCmd
                0x00000000       0x3c ..\obj\stm32f0xx_usart.o
 .text.USART_SmartCardNACKCmd
                0x00000000       0x3c ..\obj\stm32f0xx_usart.o
 .text.USART_SetAutoRetryCount
                0x00000000       0x34 ..\obj\stm32f0xx_usart.o
 .text.USART_SetBlockLength
                0x00000000       0x30 ..\obj\stm32f0xx_usart.o
 .text.USART_IrDAConfig
                0x00000000       0x2c ..\obj\stm32f0xx_usart.o
 .text.USART_IrDACmd
                0x00000000       0x3c ..\obj\stm32f0xx_usart.o
 .text.USART_DECmd
                0x00000000       0x3c ..\obj\stm32f0xx_usart.o
 .text.USART_DEPolarityConfig
                0x00000000       0x2c ..\obj\stm32f0xx_usart.o
 .text.USART_SetDEAssertionTime
                0x00000000       0x30 ..\obj\stm32f0xx_usart.o
 .text.USART_SetDEDeassertionTime
                0x00000000       0x30 ..\obj\stm32f0xx_usart.o
 .text.USART_DMACmd
                0x00000000       0x38 ..\obj\stm32f0xx_usart.o
 .text.USART_DMAReceptionErrorConfig
                0x00000000       0x2c ..\obj\stm32f0xx_usart.o
 .text.USART_ITConfig
                0x00000000       0x84 ..\obj\stm32f0xx_usart.o
 .text.USART_RequestCmd
                0x00000000       0x48 ..\obj\stm32f0xx_usart.o
 .text.USART_OverrunDetectionConfig
                0x00000000       0x2c ..\obj\stm32f0xx_usart.o
 .text.USART_ClearFlag
                0x00000000       0x18 ..\obj\stm32f0xx_usart.o
 .text.USART_GetITStatus
                0x00000000       0xb4 ..\obj\stm32f0xx_usart.o
 .text.USART_ClearITPendingBit
                0x00000000       0x30 ..\obj\stm32f0xx_usart.o
 .text          0x00000000        0x0 ..\obj\queue.o
 .data          0x00000000        0x0 ..\obj\queue.o
 .bss           0x00000000        0x0 ..\obj\queue.o
 .text.xQueueCreateMutex
                0x00000000       0x98 ..\obj\queue.o
 .text.xQueueGiveMutexRecursive
                0x00000000       0x58 ..\obj\queue.o
 .text.xQueueTakeMutexRecursive
                0x00000000       0x64 ..\obj\queue.o
 .text.xQueueCreateCountingSemaphore
                0x00000000       0x50 ..\obj\queue.o
 .text.xQueueReceiveFromISR
                0x00000000       0xb0 ..\obj\queue.o
 .text.xQueuePeekFromISR
                0x00000000       0x78 ..\obj\queue.o
 .text.uxQueueMessagesWaiting
                0x00000000       0x2c ..\obj\queue.o
 .text.uxQueueSpacesAvailable
                0x00000000       0x34 ..\obj\queue.o
 .text.uxQueueMessagesWaitingFromISR
                0x00000000       0x24 ..\obj\queue.o
 .text.vQueueDelete
                0x00000000       0x40 ..\obj\queue.o
 .text.uxQueueGetQueueNumber
                0x00000000       0x14 ..\obj\queue.o
 .text.vQueueSetQueueNumber
                0x00000000       0x18 ..\obj\queue.o
 .text.ucQueueGetQueueType
                0x00000000       0x18 ..\obj\queue.o
 .text.xQueueIsQueueEmptyFromISR
                0x00000000       0x30 ..\obj\queue.o
 .text.xQueueIsQueueFullFromISR
                0x00000000       0x34 ..\obj\queue.o
 .text.vQueueUnregisterQueue
                0x00000000       0x44 ..\obj\queue.o
 .text          0x00000000        0x0 ..\obj\port.o
 .bss           0x00000000        0x0 ..\obj\port.o
 .text.vPortEndScheduler
                0x00000000       0x1c ..\obj\port.o
 .text          0x00000000        0x0 ..\obj\system_stm32f0xx.o
 .bss           0x00000000        0x0 ..\obj\system_stm32f0xx.o
 .text.SystemCoreClockUpdate
                0x00000000       0xd0 ..\obj\system_stm32f0xx.o
 .text          0x00000000        0x0 ..\obj\croutine.o
 .data          0x00000000        0x0 ..\obj\croutine.o
 .bss           0x00000000       0x80 ..\obj\croutine.o
 .text.xCoRoutineCreate
                0x00000000       0xcc ..\obj\croutine.o
 .text.vCoRoutineAddToDelayedList
                0x00000000       0x84 ..\obj\croutine.o
 .text.prvCheckPendingReadyList
                0x00000000       0x74 ..\obj\croutine.o
 .text.prvCheckDelayedList
                0x00000000       0xf4 ..\obj\croutine.o
 .text.vCoRoutineSchedule
                0x00000000       0xa0 ..\obj\croutine.o
 .text.prvInitialiseCoRoutineLists
                0x00000000       0x70 ..\obj\croutine.o
 .text.xCoRoutineRemoveFromEventList
                0x00000000       0x54 ..\obj\croutine.o
 .debug_info    0x00000000      0x4ec ..\obj\croutine.o
 .debug_abbrev  0x00000000      0x180 ..\obj\croutine.o
 .debug_loc     0x00000000      0x188 ..\obj\croutine.o
 .debug_aranges
                0x00000000       0x50 ..\obj\croutine.o
 .debug_ranges  0x00000000       0x40 ..\obj\croutine.o
 .debug_line    0x00000000      0x2c8 ..\obj\croutine.o
 .debug_str     0x00000000      0x480 ..\obj\croutine.o
 .comment       0x00000000       0x71 ..\obj\croutine.o
 .ARM.attributes
                0x00000000       0x31 ..\obj\croutine.o
 .debug_frame   0x00000000       0xf0 ..\obj\croutine.o
 .text          0x00000000        0x0 ..\obj\event_groups.o
 .data          0x00000000        0x0 ..\obj\event_groups.o
 .bss           0x00000000        0x0 ..\obj\event_groups.o
 .text.xEventGroupCreate
                0x00000000       0x30 ..\obj\event_groups.o
 .text.xEventGroupSync
                0x00000000      0x120 ..\obj\event_groups.o
 .text.xEventGroupWaitBits
                0x00000000      0x150 ..\obj\event_groups.o
 .text.xEventGroupClearBits
                0x00000000       0x40 ..\obj\event_groups.o
 .text.xEventGroupClearBitsFromISR
                0x00000000       0x48 ..\obj\event_groups.o
 .text.xEventGroupSetBits
                0x00000000       0xe8 ..\obj\event_groups.o
 .text.vEventGroupDelete
                0x00000000       0x54 ..\obj\event_groups.o
 .text.vEventGroupSetBitsCallback
                0x00000000       0x1c ..\obj\event_groups.o
 .text.prvTestWaitCondition
                0x00000000       0x40 ..\obj\event_groups.o
 .text.uxEventGroupGetNumber
                0x00000000       0x28 ..\obj\event_groups.o
 .debug_info    0x00000000      0x67a ..\obj\event_groups.o
 .debug_abbrev  0x00000000      0x137 ..\obj\event_groups.o
 .debug_loc     0x00000000      0x230 ..\obj\event_groups.o
 .debug_aranges
                0x00000000       0x68 ..\obj\event_groups.o
 .debug_ranges  0x00000000       0x58 ..\obj\event_groups.o
 .debug_line    0x00000000      0x382 ..\obj\event_groups.o
 .debug_str     0x00000000      0x485 ..\obj\event_groups.o
 .comment       0x00000000       0x71 ..\obj\event_groups.o
 .ARM.attributes
                0x00000000       0x31 ..\obj\event_groups.o
 .debug_frame   0x00000000      0x150 ..\obj\event_groups.o
 .text          0x00000000        0x0 ..\obj\core_cm0.o
 .data          0x00000000        0x0 ..\obj\core_cm0.o
 .bss           0x00000000        0x0 ..\obj\core_cm0.o
 .text.__get_PSP
                0x00000000       0x10 ..\obj\core_cm0.o
 .text.__set_PSP
                0x00000000        0x8 ..\obj\core_cm0.o
 .text.__get_MSP
                0x00000000       0x10 ..\obj\core_cm0.o
 .text.__set_MSP
                0x00000000        0x8 ..\obj\core_cm0.o
 .text.__get_PRIMASK
                0x00000000       0x1c ..\obj\core_cm0.o
 .text.__set_PRIMASK
                0x00000000       0x14 ..\obj\core_cm0.o
 .text.__get_CONTROL
                0x00000000       0x1c ..\obj\core_cm0.o
 .text.__set_CONTROL
                0x00000000       0x14 ..\obj\core_cm0.o
 .text.__REV    0x00000000       0x1c ..\obj\core_cm0.o
 .text.__REV16  0x00000000       0x24 ..\obj\core_cm0.o
 .text.__REVSH  0x00000000       0x24 ..\obj\core_cm0.o
 .debug_info    0x00000000      0x2ae ..\obj\core_cm0.o
 .debug_abbrev  0x00000000       0xdb ..\obj\core_cm0.o
 .debug_loc     0x00000000      0x188 ..\obj\core_cm0.o
 .debug_aranges
                0x00000000       0x70 ..\obj\core_cm0.o
 .debug_ranges  0x00000000       0x60 ..\obj\core_cm0.o
 .debug_line    0x00000000      0x1ba ..\obj\core_cm0.o
 .debug_str     0x00000000      0x1d8 ..\obj\core_cm0.o
 .comment       0x00000000       0x71 ..\obj\core_cm0.o
 .ARM.attributes
                0x00000000       0x31 ..\obj\core_cm0.o
 .debug_frame   0x00000000      0x130 ..\obj\core_cm0.o
 .data          0x00000000        0x0 c:/program files (x86)/gnu tools arm embedded/4.7 2013q2/bin/../lib/gcc/arm-none-eabi/4.7.4/armv6-m\libgcc.a(_udivsi3.o)
 .bss           0x00000000        0x0 c:/program files (x86)/gnu tools arm embedded/4.7 2013q2/bin/../lib/gcc/arm-none-eabi/4.7.4/armv6-m\libgcc.a(_udivsi3.o)
 .data          0x00000000        0x0 c:/program files (x86)/gnu tools arm embedded/4.7 2013q2/bin/../lib/gcc/arm-none-eabi/4.7.4/armv6-m\libgcc.a(_dvmd_tls.o)
 .bss           0x00000000        0x0 c:/program files (x86)/gnu tools arm embedded/4.7 2013q2/bin/../lib/gcc/arm-none-eabi/4.7.4/armv6-m\libgcc.a(_dvmd_tls.o)
 .text          0x00000000        0x0 c:/program files (x86)/gnu tools arm embedded/4.7 2013q2/bin/../lib/gcc/arm-none-eabi/4.7.4/../../../../arm-none-eabi/lib/armv6-m\libg.a(lib_a-memcmp.o)
 .data          0x00000000        0x0 c:/program files (x86)/gnu tools arm embedded/4.7 2013q2/bin/../lib/gcc/arm-none-eabi/4.7.4/../../../../arm-none-eabi/lib/armv6-m\libg.a(lib_a-memcmp.o)
 .bss           0x00000000        0x0 c:/program files (x86)/gnu tools arm embedded/4.7 2013q2/bin/../lib/gcc/arm-none-eabi/4.7.4/../../../../arm-none-eabi/lib/armv6-m\libg.a(lib_a-memcmp.o)
 .text          0x00000000        0x0 c:/program files (x86)/gnu tools arm embedded/4.7 2013q2/bin/../lib/gcc/arm-none-eabi/4.7.4/../../../../arm-none-eabi/lib/armv6-m\libg.a(lib_a-memcpy.o)
 .data          0x00000000        0x0 c:/program files (x86)/gnu tools arm embedded/4.7 2013q2/bin/../lib/gcc/arm-none-eabi/4.7.4/../../../../arm-none-eabi/lib/armv6-m\libg.a(lib_a-memcpy.o)
 .bss           0x00000000        0x0 c:/program files (x86)/gnu tools arm embedded/4.7 2013q2/bin/../lib/gcc/arm-none-eabi/4.7.4/../../../../arm-none-eabi/lib/armv6-m\libg.a(lib_a-memcpy.o)
 .text          0x00000000        0x0 c:/program files (x86)/gnu tools arm embedded/4.7 2013q2/bin/../lib/gcc/arm-none-eabi/4.7.4/../../../../arm-none-eabi/lib/armv6-m\libg.a(lib_a-memset.o)
 .data          0x00000000        0x0 c:/program files (x86)/gnu tools arm embedded/4.7 2013q2/bin/../lib/gcc/arm-none-eabi/4.7.4/../../../../arm-none-eabi/lib/armv6-m\libg.a(lib_a-memset.o)
 .bss           0x00000000        0x0 c:/program files (x86)/gnu tools arm embedded/4.7 2013q2/bin/../lib/gcc/arm-none-eabi/4.7.4/../../../../arm-none-eabi/lib/armv6-m\libg.a(lib_a-memset.o)
 .text          0x00000000        0x0 c:/program files (x86)/gnu tools arm embedded/4.7 2013q2/bin/../lib/gcc/arm-none-eabi/4.7.4/../../../../arm-none-eabi/lib/armv6-m\libg.a(lib_a-strlen.o)
 .data          0x00000000        0x0 c:/program files (x86)/gnu tools arm embedded/4.7 2013q2/bin/../lib/gcc/arm-none-eabi/4.7.4/../../../../arm-none-eabi/lib/armv6-m\libg.a(lib_a-strlen.o)
 .bss           0x00000000        0x0 c:/program files (x86)/gnu tools arm embedded/4.7 2013q2/bin/../lib/gcc/arm-none-eabi/4.7.4/../../../../arm-none-eabi/lib/armv6-m\libg.a(lib_a-strlen.o)
 .text.strlen   0x00000000       0x10 c:/program files (x86)/gnu tools arm embedded/4.7 2013q2/bin/../lib/gcc/arm-none-eabi/4.7.4/../../../../arm-none-eabi/lib/armv6-m\libg.a(lib_a-strlen.o)
 .ARM.attributes
                0x00000000       0x2c c:/program files (x86)/gnu tools arm embedded/4.7 2013q2/bin/../lib/gcc/arm-none-eabi/4.7.4/../../../../arm-none-eabi/lib/armv6-m\libg.a(lib_a-strlen.o)
 .debug_frame   0x00000000       0x20 c:/program files (x86)/gnu tools arm embedded/4.7 2013q2/bin/../lib/gcc/arm-none-eabi/4.7.4/../../../../arm-none-eabi/lib/armv6-m\libg.a(lib_a-strlen.o)

Memory Configuration

Name             Origin             Length             Attributes
rom              0x08000000         0x00010000         xr
ram              0x20000000         0x00002000         xrw
*default*        0x00000000         0xffffffff

Linker script and memory map

                0x20002000                _eram = 0x20002000

.text           0x08000000     0x4588
 *(.isr_vector .isr_vector.*)
 .isr_vector    0x08000000       0xc4 ..\obj\startup_stm32f0xx.o
                0x08000000                g_pfnVectors
 *(.text .text.* .gnu.linkonce.t.*)
 .text.ETH_send_packet
                0x080000c4       0x90 ..\obj\enc28j60_jose.o
                0x080000c4                ETH_send_packet
 .text.ETH_ReceivePacket
                0x08000154      0x1e4 ..\obj\enc28j60_jose.o
                0x08000154                ETH_ReceivePacket
 .text.pvPortMalloc
                0x08000338      0x13c ..\obj\heap_4.o
                0x08000338                pvPortMalloc
 .text.vPortFree
                0x08000474       0x94 ..\obj\heap_4.o
                0x08000474                vPortFree
 .text.prvHeapInit
                0x08000508       0xa8 ..\obj\heap_4.o
 .text.prvInsertBlockIntoFreeList
                0x080005b0       0xac ..\obj\heap_4.o
 .text.usartInit
                0x0800065c       0xbc ..\obj\usart_jose.o
                0x0800065c                usartInit
 .text.usartSend
                0x08000718       0x38 ..\obj\usart_jose.o
                0x08000718                usartSend
 .text.chksum   0x08000750       0xbc ..\obj\ipstack.o
 .text.SetupBasicIPPacket
                0x0800080c      0x110 ..\obj\ipstack.o
                0x0800080c                SetupBasicIPPacket
 .text.SendArpPacket
                0x0800091c       0xf0 ..\obj\ipstack.o
                0x0800091c                SendArpPacket
 .text.ReplyArpPacket
                0x08000a0c       0xcc ..\obj\ipstack.o
                0x08000a0c                ReplyArpPacket
 .text.SendPing
                0x08000ad8       0xec ..\obj\ipstack.o
                0x08000ad8                SendPing
 .text.PingReply
                0x08000bc4      0x188 ..\obj\ipstack.o
                0x08000bc4                PingReply
 .text.GetPacket
                0x08000d4c       0xcc ..\obj\ipstack.o
                0x08000d4c                GetPacket
 .text.IPstackInit
                0x08000e18      0x134 ..\obj\ipstack.o
                0x08000e18                IPstackInit
 .text.RCC_GetClocksFreq
                0x08000f4c      0x1cc ..\obj\stm32f0xx_rcc.o
                0x08000f4c                RCC_GetClocksFreq
 .text.RCC_AHBPeriphClockCmd
                0x08001118       0x3c ..\obj\stm32f0xx_rcc.o
                0x08001118                RCC_AHBPeriphClockCmd
 .text.RCC_APB1PeriphClockCmd
                0x08001154       0x3c ..\obj\stm32f0xx_rcc.o
                0x08001154                RCC_APB1PeriphClockCmd
 .text.ETH_SPI_init
                0x08001190      0x180 ..\obj\stm32f0_spi_jose.o
                0x08001190                ETH_SPI_init
 .text.spi      0x08001310       0x54 ..\obj\stm32f0_spi_jose.o
                0x08001310                spi
 .text.ETH_ReadETHControlRegister
                0x08001364       0x90 ..\obj\stm32f0_spi_jose.o
                0x08001364                ETH_ReadETHControlRegister
 .text.ETH_ReadMACandMIIControlRegister
                0x080013f4       0x9c ..\obj\stm32f0_spi_jose.o
                0x080013f4                ETH_ReadMACandMIIControlRegister
 .text.ETH_WriteControlRegister
                0x08001490       0x8c ..\obj\stm32f0_spi_jose.o
                0x08001490                ETH_WriteControlRegister
 .text.ETH_WritePHYRegister
                0x0800151c       0x50 ..\obj\stm32f0_spi_jose.o
                0x0800151c                ETH_WritePHYRegister
 .text.ETH_switch_bank
                0x0800156c       0x60 ..\obj\stm32f0_spi_jose.o
                0x0800156c                ETH_switch_bank
 .text.ETH_ReadBufferMemory
                0x080015cc       0x68 ..\obj\stm32f0_spi_jose.o
                0x080015cc                ETH_ReadBufferMemory
 .text.ETH_ReadOneWordFromBufferMemory
                0x08001634       0x40 ..\obj\stm32f0_spi_jose.o
                0x08001634                ETH_ReadOneWordFromBufferMemory
 .text.ETH_WriteBufferMemory
                0x08001674       0x64 ..\obj\stm32f0_spi_jose.o
                0x08001674                ETH_WriteBufferMemory
 .text.ETH_SystemCommandSoftReset
                0x080016d8       0x24 ..\obj\stm32f0_spi_jose.o
                0x080016d8                ETH_SystemCommandSoftReset
 .text.ETH_bit_set
                0x080016fc       0x8c ..\obj\stm32f0_spi_jose.o
                0x080016fc                ETH_bit_set
 .text.ETH_bit_clear
                0x08001788       0x8c ..\obj\stm32f0_spi_jose.o
                0x08001788                ETH_bit_clear
 .text.ETH_MAC_init
                0x08001814      0x1dc ..\obj\stm32f0_spi_jose.o
                0x08001814                ETH_MAC_init
 .text.LED_init
                0x080019f0       0x58 ..\obj\main.o
                0x080019f0                LED_init
 .text.task1    0x08001a48       0x40 ..\obj\main.o
 .text.task2    0x08001a88       0x50 ..\obj\main.o
 .text.main     0x08001ad8       0x74 ..\obj\main.o
                0x08001ad8                main
 .text.vApplicationMallocFailedHook
                0x08001b4c        0x8 ..\obj\main.o
                0x08001b4c                vApplicationMallocFailedHook
 .text.vApplicationStackOverflowHook
                0x08001b54       0x10 ..\obj\main.o
                0x08001b54                vApplicationStackOverflowHook
 .text.vApplicationTickHook
                0x08001b64        0x8 ..\obj\main.o
                0x08001b64                vApplicationTickHook
 .text.Reset_Handler
                0x08001b6c       0x44 ..\obj\startup_stm32f0xx.o
                0x08001b6c                Reset_Handler
 .text.Default_Handler
                0x08001bb0        0x2 ..\obj\startup_stm32f0xx.o
                0x08001bb0                TIM1_CC_IRQHandler
                0x08001bb0                HardFault_Handler
                0x08001bb0                ADC1_COMP_IRQHandler
                0x08001bb0                PVD_IRQHandler
                0x08001bb0                NMI_Handler
                0x08001bb0                I2C1_IRQHandler
                0x08001bb0                SPI1_IRQHandler
                0x08001bb0                TIM6_DAC_IRQHandler
                0x08001bb0                EXTI2_3_IRQHandler
                0x08001bb0                I2C2_IRQHandler
                0x08001bb0                TIM17_IRQHandler
                0x08001bb0                RTC_IRQHandler
                0x08001bb0                TIM16_IRQHandler
                0x08001bb0                TIM3_IRQHandler
                0x08001bb0                EXTI4_15_IRQHandler
                0x08001bb0                RCC_IRQHandler
                0x08001bb0                DMA1_Channel1_IRQHandler
                0x08001bb0                Default_Handler
                0x08001bb0                CEC_IRQHandler
                0x08001bb0                TIM14_IRQHandler
                0x08001bb0                DMA1_Channel4_5_IRQHandler
                0x08001bb0                TIM15_IRQHandler
                0x08001bb0                EXTI0_1_IRQHandler
                0x08001bb0                SPI2_IRQHandler
                0x08001bb0                TS_IRQHandler
                0x08001bb0                WWDG_IRQHandler
                0x08001bb0                TIM2_IRQHandler
                0x08001bb0                DMA1_Channel2_3_IRQHandler
                0x08001bb0                USART2_IRQHandler
                0x08001bb0                FLASH_IRQHandler
                0x08001bb0                USART1_IRQHandler
                0x08001bb0                TIM1_BRK_UP_TRG_COM_IRQHandler
 *fill*         0x08001bb2        0x2 00
 .text.xTimerCreateTimerTask
                0x08001bb4       0x5c ..\obj\timers.o
                0x08001bb4                xTimerCreateTimerTask
 .text.xTimerGenericCommand
                0x08001c10       0xa0 ..\obj\timers.o
                0x08001c10                xTimerGenericCommand
 .text.prvProcessExpiredTimer
                0x08001cb0       0x74 ..\obj\timers.o
 .text.prvTimerTask
                0x08001d24       0x28 ..\obj\timers.o
 .text.prvProcessTimerOrBlockTask
                0x08001d4c       0x78 ..\obj\timers.o
 .text.prvGetNextExpireTime
                0x08001dc4       0x40 ..\obj\timers.o
 .text.prvSampleTimeNow
                0x08001e04       0x40 ..\obj\timers.o
 .text.prvInsertTimerInActiveList
                0x08001e44       0x84 ..\obj\timers.o
 .text.prvProcessReceivedCommands
                0x08001ec8      0x110 ..\obj\timers.o
 .text.prvSwitchTimerLists
                0x08001fd8       0xb8 ..\obj\timers.o
 .text.prvCheckForValidListAndQueue
                0x08002090       0x80 ..\obj\timers.o
 .text.xTaskGenericCreate
                0x08002110      0x16c ..\obj\tasks.o
                0x08002110                xTaskGenericCreate
 .text.vTaskDelayUntil
                0x0800227c       0xc0 ..\obj\tasks.o
                0x0800227c                vTaskDelayUntil
 .text.vTaskStartScheduler
                0x0800233c       0x74 ..\obj\tasks.o
                0x0800233c                vTaskStartScheduler
 .text.vTaskSuspendAll
                0x080023b0       0x18 ..\obj\tasks.o
                0x080023b0                vTaskSuspendAll
 .text.xTaskResumeAll
                0x080023c8      0x108 ..\obj\tasks.o
                0x080023c8                xTaskResumeAll
 .text.xTaskGetTickCount
                0x080024d0       0x24 ..\obj\tasks.o
                0x080024d0                xTaskGetTickCount
 .text.xTaskIncrementTick
                0x080024f4      0x180 ..\obj\tasks.o
                0x080024f4                xTaskIncrementTick
 .text.vTaskSwitchContext
                0x08002674       0xf0 ..\obj\tasks.o
                0x08002674                vTaskSwitchContext
 .text.vTaskPlaceOnEventList
                0x08002764       0x6c ..\obj\tasks.o
                0x08002764                vTaskPlaceOnEventList
 .text.vTaskPlaceOnEventListRestricted
                0x080027d0       0x50 ..\obj\tasks.o
                0x080027d0                vTaskPlaceOnEventListRestricted
 .text.xTaskRemoveFromEventList
                0x08002820       0xb8 ..\obj\tasks.o
                0x08002820                xTaskRemoveFromEventList
 .text.vTaskSetTimeOutState
                0x080028d8       0x30 ..\obj\tasks.o
                0x080028d8                vTaskSetTimeOutState
 .text.xTaskCheckForTimeOut
                0x08002908       0x9c ..\obj\tasks.o
                0x08002908                xTaskCheckForTimeOut
 .text.vTaskMissedYield
                0x080029a4       0x14 ..\obj\tasks.o
                0x080029a4                vTaskMissedYield
 .text.prvIdleTask
                0x080029b8       0x24 ..\obj\tasks.o
 .text.prvInitialiseTCBVariables
                0x080029dc       0x94 ..\obj\tasks.o
 .text.prvInitialiseTaskLists
                0x08002a70       0x88 ..\obj\tasks.o
 .text.prvCheckTasksWaitingTermination
                0x08002af8       0x74 ..\obj\tasks.o
 .text.prvAddCurrentTaskToDelayedList
                0x08002b6c       0x6c ..\obj\tasks.o
 .text.prvAllocateTCBAndStack
                0x08002bd8       0x70 ..\obj\tasks.o
 .text.prvDeleteTCB
                0x08002c48       0x20 ..\obj\tasks.o
 .text.prvResetNextTaskUnblockTime
                0x08002c68       0x44 ..\obj\tasks.o
 .text.xTaskGetCurrentTaskHandle
                0x08002cac       0x1c ..\obj\tasks.o
                0x08002cac                xTaskGetCurrentTaskHandle
 .text.xTaskGetSchedulerState
                0x08002cc8       0x38 ..\obj\tasks.o
                0x08002cc8                xTaskGetSchedulerState
 .text.vTaskPriorityInherit
                0x08002d00       0xbc ..\obj\tasks.o
                0x08002d00                vTaskPriorityInherit
 .text.vTaskPriorityDisinherit
                0x08002dbc       0x84 ..\obj\tasks.o
                0x08002dbc                vTaskPriorityDisinherit
 .text.SPI_Init
                0x08002e40      0x104 ..\obj\stm32f0xx_spi.o
                0x08002e40                SPI_Init
 .text.SPI_Cmd  0x08002f44       0x40 ..\obj\stm32f0xx_spi.o
                0x08002f44                SPI_Cmd
 .text.SPI_RxFIFOThresholdConfig
                0x08002f84       0x3c ..\obj\stm32f0xx_spi.o
                0x08002f84                SPI_RxFIFOThresholdConfig
 .text.SPI_SendData8
                0x08002fc0       0x2c ..\obj\stm32f0xx_spi.o
                0x08002fc0                SPI_SendData8
 .text.SPI_ReceiveData8
                0x08002fec       0x24 ..\obj\stm32f0xx_spi.o
                0x08002fec                SPI_ReceiveData8
 .text.SPI_CalculateCRC
                0x08003010       0x44 ..\obj\stm32f0xx_spi.o
                0x08003010                SPI_CalculateCRC
 .text.SPI_I2S_GetFlagStatus
                0x08003054       0x48 ..\obj\stm32f0xx_spi.o
                0x08003054                SPI_I2S_GetFlagStatus
 .text.GPIO_Init
                0x0800309c      0x138 ..\obj\stm32f0xx_gpio.o
                0x0800309c                GPIO_Init
 .text.GPIO_StructInit
                0x080031d4       0x30 ..\obj\stm32f0xx_gpio.o
                0x080031d4                GPIO_StructInit
 .text.GPIO_PinAFConfig
                0x08003204       0x9c ..\obj\stm32f0xx_gpio.o
                0x08003204                GPIO_PinAFConfig
 .text.vListInitialise
                0x080032a0       0x3c ..\obj\list.o
                0x080032a0                vListInitialise
 .text.vListInitialiseItem
                0x080032dc       0x14 ..\obj\list.o
                0x080032dc                vListInitialiseItem
 .text.vListInsertEnd
                0x080032f0       0x44 ..\obj\list.o
                0x080032f0                vListInsertEnd
 .text.vListInsert
                0x08003334       0x6c ..\obj\list.o
                0x08003334                vListInsert
 .text.uxListRemove
                0x080033a0       0x50 ..\obj\list.o
                0x080033a0                uxListRemove
 .text.USART_Init
                0x080033f0      0x160 ..\obj\stm32f0xx_usart.o
                0x080033f0                USART_Init
 .text.USART_Cmd
                0x08003550       0x3c ..\obj\stm32f0xx_usart.o
                0x08003550                USART_Cmd
 .text.USART_SendData
                0x0800358c       0x24 ..\obj\stm32f0xx_usart.o
                0x0800358c                USART_SendData
 .text.USART_GetFlagStatus
                0x080035b0       0x3c ..\obj\stm32f0xx_usart.o
                0x080035b0                USART_GetFlagStatus
 .text.xQueueGenericReset
                0x080035ec       0xac ..\obj\queue.o
                0x080035ec                xQueueGenericReset
 .text.xQueueGenericCreate
                0x08003698       0x8c ..\obj\queue.o
                0x08003698                xQueueGenericCreate
 .text.xQueueGenericSend
                0x08003724      0x180 ..\obj\queue.o
                0x08003724                xQueueGenericSend
 .text.xQueueGenericSendFromISR
                0x080038a4       0xd4 ..\obj\queue.o
                0x080038a4                xQueueGenericSendFromISR
 .text.xQueueGenericReceive
                0x08003978      0x1bc ..\obj\queue.o
                0x08003978                xQueueGenericReceive
 .text.prvCopyDataToQueue
                0x08003b34       0xd4 ..\obj\queue.o
 .text.prvCopyDataFromQueue
                0x08003c08       0x50 ..\obj\queue.o
 .text.prvUnlockQueue
                0x08003c58       0x98 ..\obj\queue.o
 .text.prvIsQueueEmpty
                0x08003cf0       0x2c ..\obj\queue.o
 .text.prvIsQueueFull
                0x08003d1c       0x30 ..\obj\queue.o
 .text.vQueueAddToRegistry
                0x08003d4c       0x4c ..\obj\queue.o
                0x08003d4c                vQueueAddToRegistry
 .text.vQueueWaitForMessageRestricted
                0x08003d98       0x58 ..\obj\queue.o
                0x08003d98                vQueueWaitForMessageRestricted
 .text.pxPortInitialiseStack
                0x08003df0       0x54 ..\obj\port.o
                0x08003df0                pxPortInitialiseStack
 .text.prvTaskExitError
                0x08003e44       0x18 ..\obj\port.o
 .text.SVC_Handler
                0x08003e5c        0x8 ..\obj\port.o
                0x08003e5c                SVC_Handler
 .text.vPortStartFirstTask
                0x08003e64       0x20 ..\obj\port.o
 .text.xPortStartScheduler
                0x08003e84       0x44 ..\obj\port.o
                0x08003e84                xPortStartScheduler
 .text.vPortYield
                0x08003ec8       0x1c ..\obj\port.o
                0x08003ec8                vPortYield
 .text.vPortEnterCritical
                0x08003ee4       0x20 ..\obj\port.o
                0x08003ee4                vPortEnterCritical
 .text.vPortExitCritical
                0x08003f04       0x2c ..\obj\port.o
                0x08003f04                vPortExitCritical
 .text.ulSetInterruptMaskFromISR
                0x08003f30        0xc ..\obj\port.o
                0x08003f30                ulSetInterruptMaskFromISR
 .text.vClearInterruptMaskFromISR
                0x08003f3c        0x8 ..\obj\port.o
                0x08003f3c                vClearInterruptMaskFromISR
 .text.PendSV_Handler
                0x08003f44       0x44 ..\obj\port.o
                0x08003f44                PendSV_Handler
 .text.SysTick_Handler
                0x08003f88       0x34 ..\obj\port.o
                0x08003f88                SysTick_Handler
 .text.prvSetupTimerInterrupt
                0x08003fbc       0x30 ..\obj\port.o
 .text.SystemInit
                0x08003fec       0x8c ..\obj\system_stm32f0xx.o
                0x08003fec                SystemInit
 .text.SetSysClock
                0x08004078       0xe0 ..\obj\system_stm32f0xx.o
 .text          0x08004158       0x9c c:/program files (x86)/gnu tools arm embedded/4.7 2013q2/bin/../lib/gcc/arm-none-eabi/4.7.4/armv6-m\libgcc.a(_udivsi3.o)
                0x08004158                __aeabi_uidiv
                0x08004158                __udivsi3
                0x080041e0                __aeabi_uidivmod
 .text          0x080041f4        0x4 c:/program files (x86)/gnu tools arm embedded/4.7 2013q2/bin/../lib/gcc/arm-none-eabi/4.7.4/armv6-m\libgcc.a(_dvmd_tls.o)
                0x080041f4                __aeabi_idiv0
                0x080041f4                __aeabi_ldiv0
 .text.memcmp   0x080041f8       0xb4 c:/program files (x86)/gnu tools arm embedded/4.7 2013q2/bin/../lib/gcc/arm-none-eabi/4.7.4/../../../../arm-none-eabi/lib/armv6-m\libg.a(lib_a-memcmp.o)
                0x080041f8                memcmp
 .text.memcpy   0x080042ac      0x144 c:/program files (x86)/gnu tools arm embedded/4.7 2013q2/bin/../lib/gcc/arm-none-eabi/4.7.4/../../../../arm-none-eabi/lib/armv6-m\libg.a(lib_a-memcpy.o)
                0x080042ac                memcpy
 .text.memset   0x080043f0      0x118 c:/program files (x86)/gnu tools arm embedded/4.7 2013q2/bin/../lib/gcc/arm-none-eabi/4.7.4/../../../../arm-none-eabi/lib/armv6-m\libg.a(lib_a-memset.o)
                0x080043f0                memset
 *(.glue_7t)
 .glue_7t       0x00000000        0x0 linker stubs
 *(.glue_7)
 .glue_7        0x00000000        0x0 linker stubs
 *(.rodata .rodata* .gnu.linkonce.r.*)
 .rodata        0x08004508        0x8 ..\obj\heap_4.o
 .rodata        0x08004510       0x10 ..\obj\ipstack.o
                0x08004510                deviceMAC
 .rodata        0x08004520       0x14 ..\obj\main.o
 .rodata        0x08004534       0x38 ..\obj\timers.o
 .rodata        0x0800456c       0x1c ..\obj\tasks.o

.vfp11_veneer   0x08004588        0x0
 .vfp11_veneer  0x00000000        0x0 linker stubs

.v4_bx          0x08004588        0x0
 .v4_bx         0x00000000        0x0 linker stubs

.iplt           0x08004588        0x0
 .iplt          0x00000000        0x0 ..\obj\enc28j60_jose.o

.rel.dyn        0x08004588        0x0
 .rel.iplt      0x00000000        0x0 ..\obj\enc28j60_jose.o

.ARM.extab
 *(.ARM.extab* .gnu.linkonce.armextab.*)
                0x08004588                __exidx_start = .

.ARM.exidx
 *(.ARM.exidx* .gnu.linkonce.armexidx.*)
                0x08004588                __exidx_end = .
                0x08004588                . = ALIGN (0x4)
                0x08004588                _etext = .
                0x08004588                _sidata = .

.data           0x20000000       0x48 load address 0x08004588
                0x20000000                _sdata = .
 *(.data .data.*)
 .data          0x20000000        0x8 ..\obj\heap_4.o
 .data          0x20000008       0x14 ..\obj\ipstack.o
                0x20000008                routerMAC
                0x20000010                deviceIP
                0x20000014                routerIP
                0x20000018                dnsIP
 .data          0x2000001c       0x10 ..\obj\stm32f0xx_rcc.o
 .data          0x2000002c        0x4 ..\obj\tasks.o
 .data          0x20000030        0x4 ..\obj\port.o
 .data          0x20000034       0x14 ..\obj\system_stm32f0xx.o
                0x20000034                SystemCoreClock
                0x20000038                AHBPrescTable
                0x20000048                . = ALIGN (0x4)
                0x20000048                _edata = .

.igot.plt       0x20000048        0x0 load address 0x080045d0
 .igot.plt      0x00000000        0x0 ..\obj\enc28j60_jose.o

.bss            0x20000048     0x1b5c load address 0x080045d0
                0x20000048                _sbss = .
 *(.bss .bss.*)
 .bss           0x20000048        0x4 ..\obj\enc28j60_jose.o
 .bss           0x2000004c     0x1974 ..\obj\heap_4.o
 .bss           0x200019c0        0x1 ..\obj\stm32f0_spi_jose.o
                0x200019c0                last_bank
 *fill*         0x200019c1        0x3 00
 .bss           0x200019c4       0x6c ..\obj\main.o
 .bss           0x20001a30       0x38 ..\obj\timers.o
 .bss           0x20001a68       0xfc ..\obj\tasks.o
                0x20001a68                pxCurrentTCB
 *(COMMON)
 COMMON         0x20001b64       0x40 ..\obj\queue.o
                0x20001b64                xQueueRegistry
                0x20001ba4                . = ALIGN (0x4)
                0x20001ba4                _ebss = .

.co_stack       0x20001ba4        0x4 load address 0x0800612c
                0x20001ba8                . = ALIGN (0x8)
 *fill*         0x20001ba4        0x4 00
 *(.co_stack .co_stack.*)
                0x20001ba8                . = ALIGN (0x4)
                0x20001ba8                _end = .
LOAD ..\obj\enc28j60_jose.o
LOAD ..\obj\heap_4.o
LOAD ..\obj\usart_jose.o
LOAD ..\obj\ipstack.o
LOAD ..\obj\stm32f0xx_rcc.o
LOAD ..\obj\stm32f0_spi_jose.o
LOAD ..\obj\main.o
LOAD ..\obj\startup_stm32f0xx.o
LOAD ..\obj\timers.o
LOAD ..\obj\tasks.o
LOAD ..\obj\stm32f0xx_spi.o
LOAD ..\obj\stm32f0xx_gpio.o
LOAD ..\obj\list.o
LOAD ..\obj\stm32f0xx_usart.o
LOAD ..\obj\queue.o
LOAD ..\obj\port.o
LOAD ..\obj\system_stm32f0xx.o
LOAD ..\obj\croutine.o
LOAD ..\obj\event_groups.o
LOAD ..\obj\core_cm0.o
START GROUP
LOAD c:/program files (x86)/gnu tools arm embedded/4.7 2013q2/bin/../lib/gcc/arm-none-eabi/4.7.4/armv6-m\libgcc.a
LOAD c:/program files (x86)/gnu tools arm embedded/4.7 2013q2/bin/../lib/gcc/arm-none-eabi/4.7.4/../../../../arm-none-eabi/lib/armv6-m\libg.a
LOAD c:/program files (x86)/gnu tools arm embedded/4.7 2013q2/bin/../lib/gcc/arm-none-eabi/4.7.4/../../../../arm-none-eabi/lib/armv6-m\libc.a
END GROUP
OUTPUT(elliana.elf elf32-littlearm)

.debug_info     0x00000000     0x7b26
 .debug_info    0x00000000      0x148 ..\obj\enc28j60_jose.o
 .debug_info    0x00000148      0x330 ..\obj\heap_4.o
 .debug_info    0x00000478      0x4b9 ..\obj\usart_jose.o
 .debug_info    0x00000931      0xabd ..\obj\ipstack.o
 .debug_info    0x000013ee      0xa63 ..\obj\stm32f0xx_rcc.o
 .debug_info    0x00001e51      0x789 ..\obj\stm32f0_spi_jose.o
 .debug_info    0x000025da      0x47c ..\obj\main.o
 .debug_info    0x00002a56       0xa1 ..\obj\startup_stm32f0xx.o
 .debug_info    0x00002af7      0x801 ..\obj\timers.o
 .debug_info    0x000032f8     0x12db ..\obj\tasks.o
 .debug_info    0x000045d3      0xb56 ..\obj\stm32f0xx_spi.o
 .debug_info    0x00005129      0x618 ..\obj\stm32f0xx_gpio.o
 .debug_info    0x00005741      0x2c1 ..\obj\list.o
 .debug_info    0x00005a02      0xf43 ..\obj\stm32f0xx_usart.o
 .debug_info    0x00006945      0xc4a ..\obj\queue.o
 .debug_info    0x0000758f      0x288 ..\obj\port.o
 .debug_info    0x00007817      0x30f ..\obj\system_stm32f0xx.o

.debug_abbrev   0x00000000     0x1842
 .debug_abbrev  0x00000000       0xa3 ..\obj\enc28j60_jose.o
 .debug_abbrev  0x000000a3      0x172 ..\obj\heap_4.o
 .debug_abbrev  0x00000215      0x14a ..\obj\usart_jose.o
 .debug_abbrev  0x0000035f      0x219 ..\obj\ipstack.o
 .debug_abbrev  0x00000578      0x1ee ..\obj\stm32f0xx_rcc.o
 .debug_abbrev  0x00000766      0x1c9 ..\obj\stm32f0_spi_jose.o
 .debug_abbrev  0x0000092f      0x17a ..\obj\main.o
 .debug_abbrev  0x00000aa9       0x12 ..\obj\startup_stm32f0xx.o
 .debug_abbrev  0x00000abb      0x188 ..\obj\timers.o
 .debug_abbrev  0x00000c43      0x226 ..\obj\tasks.o
 .debug_abbrev  0x00000e69      0x1a3 ..\obj\stm32f0xx_spi.o
 .debug_abbrev  0x0000100c      0x190 ..\obj\stm32f0xx_gpio.o
 .debug_abbrev  0x0000119c       0xbe ..\obj\list.o
 .debug_abbrev  0x0000125a      0x15e ..\obj\stm32f0xx_usart.o
 .debug_abbrev  0x000013b8      0x1ba ..\obj\queue.o
 .debug_abbrev  0x00001572      0x19a ..\obj\port.o
 .debug_abbrev  0x0000170c      0x136 ..\obj\system_stm32f0xx.o

.debug_loc      0x00000000     0x3d44
 .debug_loc     0x00000000       0x70 ..\obj\enc28j60_jose.o
 .debug_loc     0x00000070      0x164 ..\obj\heap_4.o
 .debug_loc     0x000001d4       0xa8 ..\obj\usart_jose.o
 .debug_loc     0x0000027c      0x31a ..\obj\ipstack.o
 .debug_loc     0x00000596      0x864 ..\obj\stm32f0xx_rcc.o
 .debug_loc     0x00000dfa      0x304 ..\obj\stm32f0_spi_jose.o
 .debug_loc     0x000010fe      0x19c ..\obj\main.o
 .debug_loc     0x0000129a      0x304 ..\obj\timers.o
 .debug_loc     0x0000159e      0x9a8 ..\obj\tasks.o
 .debug_loc     0x00001f46      0x6ca ..\obj\stm32f0xx_spi.o
 .debug_loc     0x00002610      0x2d8 ..\obj\stm32f0xx_gpio.o
 .debug_loc     0x000028e8      0x118 ..\obj\list.o
 .debug_loc     0x00002a00      0xab8 ..\obj\stm32f0xx_usart.o
 .debug_loc     0x000034b8      0x620 ..\obj\queue.o
 .debug_loc     0x00003ad8      0x1d0 ..\obj\port.o
 .debug_loc     0x00003ca8       0x9c ..\obj\system_stm32f0xx.o

.debug_aranges  0x00000000      0xab0
 .debug_aranges
                0x00000000       0x28 ..\obj\enc28j60_jose.o
 .debug_aranges
                0x00000028       0x50 ..\obj\heap_4.o
 .debug_aranges
                0x00000078       0x30 ..\obj\usart_jose.o
 .debug_aranges
                0x000000a8       0x88 ..\obj\ipstack.o
 .debug_aranges
                0x00000130      0x150 ..\obj\stm32f0xx_rcc.o
 .debug_aranges
                0x00000280       0x88 ..\obj\stm32f0_spi_jose.o
 .debug_aranges
                0x00000308       0x58 ..\obj\main.o
 .debug_aranges
                0x00000360       0x28 ..\obj\startup_stm32f0xx.o
 .debug_aranges
                0x00000388       0x88 ..\obj\timers.o
 .debug_aranges
                0x00000410      0x180 ..\obj\tasks.o
 .debug_aranges
                0x00000590      0x110 ..\obj\stm32f0xx_spi.o
 .debug_aranges
                0x000006a0       0x80 ..\obj\stm32f0xx_gpio.o
 .debug_aranges
                0x00000720       0x40 ..\obj\list.o
 .debug_aranges
                0x00000760      0x1a0 ..\obj\stm32f0xx_usart.o
 .debug_aranges
                0x00000900       0xf8 ..\obj\queue.o
 .debug_aranges
                0x000009f8       0x88 ..\obj\port.o
 .debug_aranges
                0x00000a80       0x30 ..\obj\system_stm32f0xx.o

.debug_ranges   0x00000000      0x9a8
 .debug_ranges  0x00000000       0x18 ..\obj\enc28j60_jose.o
 .debug_ranges  0x00000018       0x40 ..\obj\heap_4.o
 .debug_ranges  0x00000058       0x20 ..\obj\usart_jose.o
 .debug_ranges  0x00000078       0x78 ..\obj\ipstack.o
 .debug_ranges  0x000000f0      0x140 ..\obj\stm32f0xx_rcc.o
 .debug_ranges  0x00000230       0x78 ..\obj\stm32f0_spi_jose.o
 .debug_ranges  0x000002a8       0x48 ..\obj\main.o
 .debug_ranges  0x000002f0       0x20 ..\obj\startup_stm32f0xx.o
 .debug_ranges  0x00000310       0x78 ..\obj\timers.o
 .debug_ranges  0x00000388      0x170 ..\obj\tasks.o
 .debug_ranges  0x000004f8      0x100 ..\obj\stm32f0xx_spi.o
 .debug_ranges  0x000005f8       0x70 ..\obj\stm32f0xx_gpio.o
 .debug_ranges  0x00000668       0x30 ..\obj\list.o
 .debug_ranges  0x00000698      0x190 ..\obj\stm32f0xx_usart.o
 .debug_ranges  0x00000828       0xe8 ..\obj\queue.o
 .debug_ranges  0x00000910       0x78 ..\obj\port.o
 .debug_ranges  0x00000988       0x20 ..\obj\system_stm32f0xx.o

.debug_line     0x00000000     0x3d61
 .debug_line    0x00000000      0x13a ..\obj\enc28j60_jose.o
 .debug_line    0x0000013a      0x277 ..\obj\heap_4.o
 .debug_line    0x000003b1      0x1cf ..\obj\usart_jose.o
 .debug_line    0x00000580      0x358 ..\obj\ipstack.o
 .debug_line    0x000008d8      0x4c0 ..\obj\stm32f0xx_rcc.o
 .debug_line    0x00000d98      0x36c ..\obj\stm32f0_spi_jose.o
 .debug_line    0x00001104      0x2c3 ..\obj\main.o
 .debug_line    0x000013c7       0xa7 ..\obj\startup_stm32f0xx.o
 .debug_line    0x0000146e      0x3b1 ..\obj\timers.o
 .debug_line    0x0000181f      0xac4 ..\obj\tasks.o
 .debug_line    0x000022e3      0x437 ..\obj\stm32f0xx_spi.o
 .debug_line    0x0000271a      0x29b ..\obj\stm32f0xx_gpio.o
 .debug_line    0x000029b5      0x201 ..\obj\list.o
 .debug_line    0x00002bb6      0x586 ..\obj\stm32f0xx_usart.o
 .debug_line    0x0000313c      0x7e9 ..\obj\queue.o
 .debug_line    0x00003925      0x2c5 ..\obj\port.o
 .debug_line    0x00003bea      0x177 ..\obj\system_stm32f0xx.o

.debug_str      0x00000000     0x3294
 .debug_str     0x00000000      0x13c ..\obj\enc28j60_jose.o
                                0x17e (size before relaxing)
 .debug_str     0x0000013c      0x238 ..\obj\heap_4.o
                                0x324 (size before relaxing)
 .debug_str     0x00000374      0x2ce ..\obj\usart_jose.o
                                0x3ce (size before relaxing)
 .debug_str     0x00000642      0x2c4 ..\obj\ipstack.o
                                0x3ca (size before relaxing)
 .debug_str     0x00000906      0x576 ..\obj\stm32f0xx_rcc.o
                                0x6c5 (size before relaxing)
 .debug_str     0x00000e7c      0x256 ..\obj\stm32f0_spi_jose.o
                                0x53a (size before relaxing)
 .debug_str     0x000010d2       0xf6 ..\obj\main.o
                                0x3be (size before relaxing)
 .debug_str     0x000011c8      0x488 ..\obj\timers.o
                                0x5e0 (size before relaxing)
 .debug_str     0x00001650      0x960 ..\obj\tasks.o
                                0xb7c (size before relaxing)
 .debug_str     0x00001fb0      0x3b1 ..\obj\stm32f0xx_spi.o
                                0x69e (size before relaxing)
 .debug_str     0x00002361      0x188 ..\obj\stm32f0xx_gpio.o
                                0x42c (size before relaxing)
 .debug_str     0x000024e9       0xbb ..\obj\list.o
                                0x25c (size before relaxing)
 .debug_str     0x000025a4      0x658 ..\obj\stm32f0xx_usart.o
                                0x8f3 (size before relaxing)
 .debug_str     0x00002bfc      0x472 ..\obj\queue.o
                                0x6db (size before relaxing)
 .debug_str     0x0000306e      0x195 ..\obj\port.o
                                0x2d0 (size before relaxing)
 .debug_str     0x00003203       0x91 ..\obj\system_stm32f0xx.o
                                0x236 (size before relaxing)

.comment        0x00000000       0x70
 .comment       0x00000000       0x70 ..\obj\enc28j60_jose.o
                                 0x71 (size before relaxing)
 .comment       0x00000000       0x71 ..\obj\heap_4.o
 .comment       0x00000000       0x71 ..\obj\usart_jose.o
 .comment       0x00000000       0x71 ..\obj\ipstack.o
 .comment       0x00000000       0x71 ..\obj\stm32f0xx_rcc.o
 .comment       0x00000000       0x71 ..\obj\stm32f0_spi_jose.o
 .comment       0x00000000       0x71 ..\obj\main.o
 .comment       0x00000000       0x71 ..\obj\timers.o
 .comment       0x00000000       0x71 ..\obj\tasks.o
 .comment       0x00000000       0x71 ..\obj\stm32f0xx_spi.o
 .comment       0x00000000       0x71 ..\obj\stm32f0xx_gpio.o
 .comment       0x00000000       0x71 ..\obj\list.o
 .comment       0x00000000       0x71 ..\obj\stm32f0xx_usart.o
 .comment       0x00000000       0x71 ..\obj\queue.o
 .comment       0x00000000       0x71 ..\obj\port.o
 .comment       0x00000000       0x71 ..\obj\system_stm32f0xx.o

.ARM.attributes
                0x00000000       0x2f
 .ARM.attributes
                0x00000000       0x31 ..\obj\enc28j60_jose.o
 .ARM.attributes
                0x00000031       0x31 ..\obj\heap_4.o
 .ARM.attributes
                0x00000062       0x31 ..\obj\usart_jose.o
 .ARM.attributes
                0x00000093       0x31 ..\obj\ipstack.o
 .ARM.attributes
                0x000000c4       0x31 ..\obj\stm32f0xx_rcc.o
 .ARM.attributes
                0x000000f5       0x31 ..\obj\stm32f0_spi_jose.o
 .ARM.attributes
                0x00000126       0x31 ..\obj\main.o
 .ARM.attributes
                0x00000157       0x21 ..\obj\startup_stm32f0xx.o
 .ARM.attributes
                0x00000178       0x31 ..\obj\timers.o
 .ARM.attributes
                0x000001a9       0x31 ..\obj\tasks.o
 .ARM.attributes
                0x000001da       0x31 ..\obj\stm32f0xx_spi.o
 .ARM.attributes
                0x0000020b       0x31 ..\obj\stm32f0xx_gpio.o
 .ARM.attributes
                0x0000023c       0x31 ..\obj\list.o
 .ARM.attributes
                0x0000026d       0x31 ..\obj\stm32f0xx_usart.o
 .ARM.attributes
                0x0000029e       0x31 ..\obj\queue.o
 .ARM.attributes
                0x000002cf       0x31 ..\obj\port.o
 .ARM.attributes
                0x00000300       0x31 ..\obj\system_stm32f0xx.o
 .ARM.attributes
                0x00000331       0x1e c:/program files (x86)/gnu tools arm embedded/4.7 2013q2/bin/../lib/gcc/arm-none-eabi/4.7.4/armv6-m\libgcc.a(_udivsi3.o)
 .ARM.attributes
                0x0000034f       0x1e c:/program files (x86)/gnu tools arm embedded/4.7 2013q2/bin/../lib/gcc/arm-none-eabi/4.7.4/armv6-m\libgcc.a(_dvmd_tls.o)
 .ARM.attributes
                0x0000036d       0x2c c:/program files (x86)/gnu tools arm embedded/4.7 2013q2/bin/../lib/gcc/arm-none-eabi/4.7.4/../../../../arm-none-eabi/lib/armv6-m\libg.a(lib_a-memcmp.o)
 .ARM.attributes
                0x00000399       0x2c c:/program files (x86)/gnu tools arm embedded/4.7 2013q2/bin/../lib/gcc/arm-none-eabi/4.7.4/../../../../arm-none-eabi/lib/armv6-m\libg.a(lib_a-memcpy.o)
 .ARM.attributes
                0x000003c5       0x2c c:/program files (x86)/gnu tools arm embedded/4.7 2013q2/bin/../lib/gcc/arm-none-eabi/4.7.4/../../../../arm-none-eabi/lib/armv6-m\libg.a(lib_a-memset.o)

.debug_frame    0x00000000     0x2548
 .debug_frame   0x00000000       0x50 ..\obj\enc28j60_jose.o
 .debug_frame   0x00000050       0xe4 ..\obj\heap_4.o
 .debug_frame   0x00000134       0x70 ..\obj\usart_jose.o
 .debug_frame   0x000001a4      0x1e0 ..\obj\ipstack.o
 .debug_frame   0x00000384      0x4e4 ..\obj\stm32f0xx_rcc.o
 .debug_frame   0x00000868      0x1cc ..\obj\stm32f0_spi_jose.o
 .debug_frame   0x00000a34      0x104 ..\obj\main.o
 .debug_frame   0x00000b38      0x1cc ..\obj\timers.o
 .debug_frame   0x00000d04      0x5a0 ..\obj\tasks.o
 .debug_frame   0x000012a4      0x3f0 ..\obj\stm32f0xx_spi.o
 .debug_frame   0x00001694      0x1b0 ..\obj\stm32f0xx_gpio.o
 .debug_frame   0x00001844       0xb0 ..\obj\list.o
 .debug_frame   0x000018f4      0x630 ..\obj\stm32f0xx_usart.o
 .debug_frame   0x00001f24      0x390 ..\obj\queue.o
 .debug_frame   0x000022b4      0x174 ..\obj\port.o
 .debug_frame   0x00002428       0x6c ..\obj\system_stm32f0xx.o
 .debug_frame   0x00002494       0x20 c:/program files (x86)/gnu tools arm embedded/4.7 2013q2/bin/../lib/gcc/arm-none-eabi/4.7.4/armv6-m\libgcc.a(_udivsi3.o)
 .debug_frame   0x000024b4       0x30 c:/program files (x86)/gnu tools arm embedded/4.7 2013q2/bin/../lib/gcc/arm-none-eabi/4.7.4/../../../../arm-none-eabi/lib/armv6-m\libg.a(lib_a-memcmp.o)
 .debug_frame   0x000024e4       0x34 c:/program files (x86)/gnu tools arm embedded/4.7 2013q2/bin/../lib/gcc/arm-none-eabi/4.7.4/../../../../arm-none-eabi/lib/armv6-m\libg.a(lib_a-memcpy.o)
 .debug_frame   0x00002518       0x30 c:/program files (x86)/gnu tools arm embedded/4.7 2013q2/bin/../lib/gcc/arm-none-eabi/4.7.4/../../../../arm-none-eabi/lib/armv6-m\libg.a(lib_a-memset.o)
