Archive member included because of file (symbol)

c:/program files (x86)/gnu tools arm embedded/4.7 2013q2/bin/../lib/gcc/arm-none-eabi/4.7.4/armv6-m\libgcc.a(_udivsi3.o)
                              ..\obj\stm32f0xx_rcc.o (__aeabi_uidiv)
c:/program files (x86)/gnu tools arm embedded/4.7 2013q2/bin/../lib/gcc/arm-none-eabi/4.7.4/armv6-m\libgcc.a(_dvmd_tls.o)
                              c:/program files (x86)/gnu tools arm embedded/4.7 2013q2/bin/../lib/gcc/arm-none-eabi/4.7.4/armv6-m\libgcc.a(_udivsi3.o) (__aeabi_idiv0)
c:/program files (x86)/gnu tools arm embedded/4.7 2013q2/bin/../lib/gcc/arm-none-eabi/4.7.4/../../../../arm-none-eabi/lib/armv6-m\libg.a(lib_a-memcmp.o)
                              ..\obj\tasks.o (memcmp)
c:/program files (x86)/gnu tools arm embedded/4.7 2013q2/bin/../lib/gcc/arm-none-eabi/4.7.4/../../../../arm-none-eabi/lib/armv6-m\libg.a(lib_a-memcpy.o)
                              ..\obj\main.o (memcpy)
c:/program files (x86)/gnu tools arm embedded/4.7 2013q2/bin/../lib/gcc/arm-none-eabi/4.7.4/../../../../arm-none-eabi/lib/armv6-m\libg.a(lib_a-memset.o)
                              ..\obj\tasks.o (memset)

Allocating common symbols
Common symbol       size              file

serverIP            0x4               ..\obj\udpstack.o
xQueueRegistry      0x40              ..\obj\queue.o

Discarded input sections

 .text          0x00000000        0x0 ..\obj\enc28j60_jose.o
 .data          0x00000000        0x0 ..\obj\enc28j60_jose.o
 .text          0x00000000        0x0 ..\obj\heap_4.o
 .data          0x00000000        0x8 ..\obj\heap_4.o
 .bss           0x00000000     0x1974 ..\obj\heap_4.o
 .rodata        0x00000000        0x8 ..\obj\heap_4.o
 .text.pvPortMalloc
                0x00000000      0x13c ..\obj\heap_4.o
 .text.vPortFree
                0x00000000       0x94 ..\obj\heap_4.o
 .text.xPortGetFreeHeapSize
                0x00000000       0x14 ..\obj\heap_4.o
 .text.xPortGetMinimumEverFreeHeapSize
                0x00000000       0x14 ..\obj\heap_4.o
 .text.vPortInitialiseBlocks
                0x00000000        0x8 ..\obj\heap_4.o
 .text.prvHeapInit
                0x00000000       0xa8 ..\obj\heap_4.o
 .text.prvInsertBlockIntoFreeList
                0x00000000       0xac ..\obj\heap_4.o
 .debug_info    0x00000000      0x330 ..\obj\heap_4.o
 .debug_abbrev  0x00000000      0x172 ..\obj\heap_4.o
 .debug_loc     0x00000000      0x164 ..\obj\heap_4.o
 .debug_aranges
                0x00000000       0x50 ..\obj\heap_4.o
 .debug_ranges  0x00000000       0x40 ..\obj\heap_4.o
 .debug_line    0x00000000      0x277 ..\obj\heap_4.o
 .debug_str     0x00000000      0x324 ..\obj\heap_4.o
 .comment       0x00000000       0x71 ..\obj\heap_4.o
 .ARM.attributes
                0x00000000       0x31 ..\obj\heap_4.o
 .debug_frame   0x00000000       0xe4 ..\obj\heap_4.o
 .text          0x00000000        0x0 ..\obj\usart_jose.o
 .data          0x00000000        0x0 ..\obj\usart_jose.o
 .bss           0x00000000        0x0 ..\obj\usart_jose.o
 .text.usartSendString
                0x00000000       0x44 ..\obj\usart_jose.o
 .text          0x00000000        0x0 ..\obj\stm32f0xx_rcc.o
 .bss           0x00000000        0x0 ..\obj\stm32f0xx_rcc.o
 .text.RCC_DeInit
                0x00000000       0x88 ..\obj\stm32f0xx_rcc.o
 .text.RCC_HSEConfig
                0x00000000       0x24 ..\obj\stm32f0xx_rcc.o
 .text.RCC_WaitForHSEStartUp
                0x00000000       0x60 ..\obj\stm32f0xx_rcc.o
 .text.RCC_AdjustHSICalibrationValue
                0x00000000       0x3c ..\obj\stm32f0xx_rcc.o
 .text.RCC_HSICmd
                0x00000000       0x38 ..\obj\stm32f0xx_rcc.o
 .text.RCC_AdjustHSI14CalibrationValue
                0x00000000       0x3c ..\obj\stm32f0xx_rcc.o
 .text.RCC_HSI14Cmd
                0x00000000       0x38 ..\obj\stm32f0xx_rcc.o
 .text.RCC_HSI14ADCRequestCmd
                0x00000000       0x38 ..\obj\stm32f0xx_rcc.o
 .text.RCC_LSEConfig
                0x00000000       0x38 ..\obj\stm32f0xx_rcc.o
 .text.RCC_LSEDriveConfig
                0x00000000       0x2c ..\obj\stm32f0xx_rcc.o
 .text.RCC_LSICmd
                0x00000000       0x38 ..\obj\stm32f0xx_rcc.o
 .text.RCC_PLLConfig
                0x00000000       0x34 ..\obj\stm32f0xx_rcc.o
 .text.RCC_PLLCmd
                0x00000000       0x40 ..\obj\stm32f0xx_rcc.o
 .text.RCC_PREDIV1Config
                0x00000000       0x34 ..\obj\stm32f0xx_rcc.o
 .text.RCC_ClockSecuritySystemCmd
                0x00000000       0x40 ..\obj\stm32f0xx_rcc.o
 .text.RCC_MCOConfig
                0x00000000       0x20 ..\obj\stm32f0xx_rcc.o
 .text.RCC_SYSCLKConfig
                0x00000000       0x34 ..\obj\stm32f0xx_rcc.o
 .text.RCC_GetSYSCLKSource
                0x00000000       0x1c ..\obj\stm32f0xx_rcc.o
 .text.RCC_HCLKConfig
                0x00000000       0x34 ..\obj\stm32f0xx_rcc.o
 .text.RCC_PCLKConfig
                0x00000000       0x38 ..\obj\stm32f0xx_rcc.o
 .text.RCC_ADCCLKConfig
                0x00000000       0x50 ..\obj\stm32f0xx_rcc.o
 .text.RCC_CECCLKConfig
                0x00000000       0x2c ..\obj\stm32f0xx_rcc.o
 .text.RCC_I2CCLKConfig
                0x00000000       0x2c ..\obj\stm32f0xx_rcc.o
 .text.RCC_USARTCLKConfig
                0x00000000       0x2c ..\obj\stm32f0xx_rcc.o
 .text.RCC_RTCCLKConfig
                0x00000000       0x20 ..\obj\stm32f0xx_rcc.o
 .text.RCC_RTCCLKCmd
                0x00000000       0x40 ..\obj\stm32f0xx_rcc.o
 .text.RCC_BackupResetCmd
                0x00000000       0x40 ..\obj\stm32f0xx_rcc.o
 .text.RCC_APB2PeriphClockCmd
                0x00000000       0x3c ..\obj\stm32f0xx_rcc.o
 .text.RCC_AHBPeriphResetCmd
                0x00000000       0x3c ..\obj\stm32f0xx_rcc.o
 .text.RCC_APB2PeriphResetCmd
                0x00000000       0x3c ..\obj\stm32f0xx_rcc.o
 .text.RCC_APB1PeriphResetCmd
                0x00000000       0x3c ..\obj\stm32f0xx_rcc.o
 .text.RCC_ITConfig
                0x00000000       0x50 ..\obj\stm32f0xx_rcc.o
 .text.RCC_GetFlagStatus
                0x00000000       0x90 ..\obj\stm32f0xx_rcc.o
 .text.RCC_ClearFlag
                0x00000000       0x1c ..\obj\stm32f0xx_rcc.o
 .text.RCC_GetITStatus
                0x00000000       0x44 ..\obj\stm32f0xx_rcc.o
 .text.RCC_ClearITPendingBit
                0x00000000       0x20 ..\obj\stm32f0xx_rcc.o
 .text          0x00000000        0x0 ..\obj\stm32f0_spi_jose.o
 .data          0x00000000        0x0 ..\obj\stm32f0_spi_jose.o
 .text          0x00000000        0x0 ..\obj\main.o
 .data          0x00000000        0x0 ..\obj\main.o
 .text.task1    0x00000000       0x2c ..\obj\main.o
 .text.task2    0x00000000       0x40 ..\obj\main.o
 .text.vApplicationMallocFailedHook
                0x00000000        0x8 ..\obj\main.o
 .text.vApplicationIdleHook
                0x00000000        0x8 ..\obj\main.o
 .text          0x00000000       0x14 ..\obj\startup_stm32f0xx.o
 .data          0x00000000        0x0 ..\obj\startup_stm32f0xx.o
 .bss           0x00000000        0x0 ..\obj\startup_stm32f0xx.o
 .text          0x00000000        0x0 ..\obj\timers.o
 .data          0x00000000        0x0 ..\obj\timers.o
 .bss           0x00000000       0x38 ..\obj\timers.o
 .rodata        0x00000000       0x38 ..\obj\timers.o
 .text.xTimerCreateTimerTask
                0x00000000       0x5c ..\obj\timers.o
 .text.xTimerCreate
                0x00000000       0x6c ..\obj\timers.o
 .text.xTimerGenericCommand
                0x00000000       0xa0 ..\obj\timers.o
 .text.prvProcessExpiredTimer
                0x00000000       0x74 ..\obj\timers.o
 .text.prvTimerTask
                0x00000000       0x28 ..\obj\timers.o
 .text.prvProcessTimerOrBlockTask
                0x00000000       0x78 ..\obj\timers.o
 .text.prvGetNextExpireTime
                0x00000000       0x40 ..\obj\timers.o
 .text.prvSampleTimeNow
                0x00000000       0x40 ..\obj\timers.o
 .text.prvInsertTimerInActiveList
                0x00000000       0x84 ..\obj\timers.o
 .text.prvProcessReceivedCommands
                0x00000000      0x110 ..\obj\timers.o
 .text.prvSwitchTimerLists
                0x00000000       0xb8 ..\obj\timers.o
 .text.prvCheckForValidListAndQueue
                0x00000000       0x80 ..\obj\timers.o
 .text.xTimerIsTimerActive
                0x00000000       0x2c ..\obj\timers.o
 .text.pvTimerGetTimerID
                0x00000000       0x18 ..\obj\timers.o
 .debug_info    0x00000000      0x801 ..\obj\timers.o
 .debug_abbrev  0x00000000      0x188 ..\obj\timers.o
 .debug_loc     0x00000000      0x304 ..\obj\timers.o
 .debug_aranges
                0x00000000       0x88 ..\obj\timers.o
 .debug_ranges  0x00000000       0x78 ..\obj\timers.o
 .debug_line    0x00000000      0x3b1 ..\obj\timers.o
 .debug_str     0x00000000      0x5e0 ..\obj\timers.o
 .comment       0x00000000       0x71 ..\obj\timers.o
 .ARM.attributes
                0x00000000       0x31 ..\obj\timers.o
 .debug_frame   0x00000000      0x1cc ..\obj\timers.o
 .text          0x00000000        0x0 ..\obj\tasks.o
 .text.xTaskGenericCreate
                0x00000000      0x16c ..\obj\tasks.o
 .text.vTaskDelete
                0x00000000       0xa4 ..\obj\tasks.o
 .text.vTaskDelayUntil
                0x00000000       0xc0 ..\obj\tasks.o
 .text.vTaskDelay
                0x00000000       0x64 ..\obj\tasks.o
 .text.uxTaskPriorityGet
                0x00000000       0x34 ..\obj\tasks.o
 .text.vTaskPrioritySet
                0x00000000      0x120 ..\obj\tasks.o
 .text.vTaskSuspend
                0x00000000       0xb0 ..\obj\tasks.o
 .text.prvTaskIsTaskSuspended
                0x00000000       0x60 ..\obj\tasks.o
 .text.vTaskResume
                0x00000000       0x9c ..\obj\tasks.o
 .text.xTaskResumeFromISR
                0x00000000       0xbc ..\obj\tasks.o
 .text.vTaskStartScheduler
                0x00000000       0x74 ..\obj\tasks.o
 .text.vTaskEndScheduler
                0x00000000       0x18 ..\obj\tasks.o
 .text.vTaskSuspendAll
                0x00000000       0x18 ..\obj\tasks.o
 .text.xTaskResumeAll
                0x00000000      0x108 ..\obj\tasks.o
 .text.xTaskGetTickCount
                0x00000000       0x24 ..\obj\tasks.o
 .text.xTaskGetTickCountFromISR
                0x00000000       0x2c ..\obj\tasks.o
 .text.uxTaskGetNumberOfTasks
                0x00000000       0x14 ..\obj\tasks.o
 .text.uxTaskGetSystemState
                0x00000000       0xfc ..\obj\tasks.o
 .text.vTaskPlaceOnEventList
                0x00000000       0x6c ..\obj\tasks.o
 .text.vTaskPlaceOnUnorderedEventList
                0x00000000       0x8c ..\obj\tasks.o
 .text.vTaskPlaceOnEventListRestricted
                0x00000000       0x50 ..\obj\tasks.o
 .text.xTaskRemoveFromEventList
                0x00000000       0xb8 ..\obj\tasks.o
 .text.xTaskRemoveFromUnorderedEventList
                0x00000000       0xb0 ..\obj\tasks.o
 .text.vTaskSetTimeOutState
                0x00000000       0x30 ..\obj\tasks.o
 .text.xTaskCheckForTimeOut
                0x00000000       0x9c ..\obj\tasks.o
 .text.vTaskMissedYield
                0x00000000       0x14 ..\obj\tasks.o
 .text.uxTaskGetTaskNumber
                0x00000000       0x28 ..\obj\tasks.o
 .text.vTaskSetTaskNumber
                0x00000000       0x20 ..\obj\tasks.o
 .text.prvIdleTask
                0x00000000       0x24 ..\obj\tasks.o
 .text.prvInitialiseTCBVariables
                0x00000000       0x94 ..\obj\tasks.o
 .text.prvInitialiseTaskLists
                0x00000000       0x88 ..\obj\tasks.o
 .text.prvCheckTasksWaitingTermination
                0x00000000       0x74 ..\obj\tasks.o
 .text.prvAddCurrentTaskToDelayedList
                0x00000000       0x6c ..\obj\tasks.o
 .text.prvAllocateTCBAndStack
                0x00000000       0x70 ..\obj\tasks.o
 .text.prvListTaskWithinSingleList
                0x00000000      0x11c ..\obj\tasks.o
 .text.prvTaskCheckFreeStackSpace
                0x00000000       0x34 ..\obj\tasks.o
 .text.prvDeleteTCB
                0x00000000       0x20 ..\obj\tasks.o
 .text.xTaskGetCurrentTaskHandle
                0x00000000       0x1c ..\obj\tasks.o
 .text.xTaskGetSchedulerState
                0x00000000       0x38 ..\obj\tasks.o
 .text.vTaskPriorityInherit
                0x00000000       0xbc ..\obj\tasks.o
 .text.vTaskPriorityDisinherit
                0x00000000       0x84 ..\obj\tasks.o
 .text.uxTaskResetEventItemValue
                0x00000000       0x2c ..\obj\tasks.o
 .text          0x00000000        0x0 ..\obj\stm32f0xx_spi.o
 .data          0x00000000        0x0 ..\obj\stm32f0xx_spi.o
 .bss           0x00000000        0x0 ..\obj\stm32f0xx_spi.o
 .text.SPI_I2S_DeInit
                0x00000000       0x58 ..\obj\stm32f0xx_spi.o
 .text.SPI_StructInit
                0x00000000       0x48 ..\obj\stm32f0xx_spi.o
 .text.I2S_StructInit
                0x00000000       0x34 ..\obj\stm32f0xx_spi.o
 .text.I2S_Init
                0x00000000      0x1c0 ..\obj\stm32f0xx_spi.o
 .text.SPI_TIModeCmd
                0x00000000       0x40 ..\obj\stm32f0xx_spi.o
 .text.I2S_Cmd  0x00000000       0x44 ..\obj\stm32f0xx_spi.o
 .text.SPI_DataSizeConfig
                0x00000000       0x58 ..\obj\stm32f0xx_spi.o
 .text.SPI_BiDirectionalLineConfig
                0x00000000       0x48 ..\obj\stm32f0xx_spi.o
 .text.SPI_NSSInternalSoftwareConfig
                0x00000000       0x4c ..\obj\stm32f0xx_spi.o
 .text.SPI_SSOutputCmd
                0x00000000       0x40 ..\obj\stm32f0xx_spi.o
 .text.SPI_NSSPulseModeCmd
                0x00000000       0x40 ..\obj\stm32f0xx_spi.o
 .text.SPI_I2S_SendData16
                0x00000000       0x1c ..\obj\stm32f0xx_spi.o
 .text.SPI_I2S_ReceiveData16
                0x00000000       0x18 ..\obj\stm32f0xx_spi.o
 .text.SPI_CRCLengthConfig
                0x00000000       0x3c ..\obj\stm32f0xx_spi.o
 .text.SPI_TransmitCRC
                0x00000000       0x20 ..\obj\stm32f0xx_spi.o
 .text.SPI_GetCRC
                0x00000000       0x44 ..\obj\stm32f0xx_spi.o
 .text.SPI_GetCRCPolynomial
                0x00000000       0x18 ..\obj\stm32f0xx_spi.o
 .text.SPI_I2S_DMACmd
                0x00000000       0x48 ..\obj\stm32f0xx_spi.o
 .text.SPI_LastDMATransferCmd
                0x00000000       0x3c ..\obj\stm32f0xx_spi.o
 .text.SPI_I2S_ITConfig
                0x00000000       0x7c ..\obj\stm32f0xx_spi.o
 .text.SPI_GetTransmissionFIFOStatus
                0x00000000       0x20 ..\obj\stm32f0xx_spi.o
 .text.SPI_GetReceptionFIFOStatus
                0x00000000       0x20 ..\obj\stm32f0xx_spi.o
 .text.SPI_I2S_ClearFlag
                0x00000000       0x20 ..\obj\stm32f0xx_spi.o
 .text.SPI_I2S_GetITStatus
                0x00000000       0xb0 ..\obj\stm32f0xx_spi.o
 .text          0x00000000        0x0 ..\obj\stm32f0xx_gpio.o
 .data          0x00000000        0x0 ..\obj\stm32f0xx_gpio.o
 .bss           0x00000000        0x0 ..\obj\stm32f0xx_gpio.o
 .text.GPIO_DeInit
                0x00000000       0xc8 ..\obj\stm32f0xx_gpio.o
 .text.GPIO_PinLockConfig
                0x00000000       0x44 ..\obj\stm32f0xx_gpio.o
 .text.GPIO_ReadInputDataBit
                0x00000000       0x48 ..\obj\stm32f0xx_gpio.o
 .text.GPIO_ReadInputData
                0x00000000       0x18 ..\obj\stm32f0xx_gpio.o
 .text.GPIO_ReadOutputDataBit
                0x00000000       0x48 ..\obj\stm32f0xx_gpio.o
 .text.GPIO_ReadOutputData
                0x00000000       0x18 ..\obj\stm32f0xx_gpio.o
 .text.GPIO_SetBits
                0x00000000       0x1c ..\obj\stm32f0xx_gpio.o
 .text.GPIO_ResetBits
                0x00000000       0x1c ..\obj\stm32f0xx_gpio.o
 .text.GPIO_WriteBit
                0x00000000       0x30 ..\obj\stm32f0xx_gpio.o
 .text.GPIO_Write
                0x00000000       0x1c ..\obj\stm32f0xx_gpio.o
 .text          0x00000000        0x0 ..\obj\list.o
 .data          0x00000000        0x0 ..\obj\list.o
 .bss           0x00000000        0x0 ..\obj\list.o
 .text.vListInitialise
                0x00000000       0x3c ..\obj\list.o
 .text.vListInitialiseItem
                0x00000000       0x14 ..\obj\list.o
 .text.vListInsert
                0x00000000       0x6c ..\obj\list.o
 .text          0x00000000        0x0 ..\obj\stm32f0xx_usart.o
 .data          0x00000000        0x0 ..\obj\stm32f0xx_usart.o
 .bss           0x00000000        0x0 ..\obj\stm32f0xx_usart.o
 .text.USART_DeInit
                0x00000000       0x58 ..\obj\stm32f0xx_usart.o
 .text.USART_StructInit
                0x00000000       0x34 ..\obj\stm32f0xx_usart.o
 .text.USART_ClockInit
                0x00000000       0x48 ..\obj\stm32f0xx_usart.o
 .text.USART_ClockStructInit
                0x00000000       0x28 ..\obj\stm32f0xx_usart.o
 .text.USART_DirectionModeCmd
                0x00000000       0x38 ..\obj\stm32f0xx_usart.o
 .text.USART_OverSampling8Cmd
                0x00000000       0x3c ..\obj\stm32f0xx_usart.o
 .text.USART_OneBitMethodCmd
                0x00000000       0x3c ..\obj\stm32f0xx_usart.o
 .text.USART_MSBFirstCmd
                0x00000000       0x3c ..\obj\stm32f0xx_usart.o
 .text.USART_DataInvCmd
                0x00000000       0x3c ..\obj\stm32f0xx_usart.o
 .text.USART_InvPinCmd
                0x00000000       0x38 ..\obj\stm32f0xx_usart.o
 .text.USART_SWAPPinCmd
                0x00000000       0x3c ..\obj\stm32f0xx_usart.o
 .text.USART_ReceiverTimeOutCmd
                0x00000000       0x3c ..\obj\stm32f0xx_usart.o
 .text.USART_SetReceiverTimeOut
                0x00000000       0x28 ..\obj\stm32f0xx_usart.o
 .text.USART_SetPrescaler
                0x00000000       0x38 ..\obj\stm32f0xx_usart.o
 .text.USART_STOPModeCmd
                0x00000000       0x3c ..\obj\stm32f0xx_usart.o
 .text.USART_StopModeWakeUpSourceConfig
                0x00000000       0x2c ..\obj\stm32f0xx_usart.o
 .text.USART_AutoBaudRateCmd
                0x00000000       0x3c ..\obj\stm32f0xx_usart.o
 .text.USART_AutoBaudRateConfig
                0x00000000       0x2c ..\obj\stm32f0xx_usart.o
 .text.USART_ReceiveData
                0x00000000       0x1c ..\obj\stm32f0xx_usart.o
 .text.USART_SetAddress
                0x00000000       0x30 ..\obj\stm32f0xx_usart.o
 .text.USART_MuteModeCmd
                0x00000000       0x3c ..\obj\stm32f0xx_usart.o
 .text.USART_MuteModeWakeUpConfig
                0x00000000       0x2c ..\obj\stm32f0xx_usart.o
 .text.USART_AddressDetectionConfig
                0x00000000       0x2c ..\obj\stm32f0xx_usart.o
 .text.USART_LINBreakDetectLengthConfig
                0x00000000       0x2c ..\obj\stm32f0xx_usart.o
 .text.USART_LINCmd
                0x00000000       0x3c ..\obj\stm32f0xx_usart.o
 .text.USART_HalfDuplexCmd
                0x00000000       0x3c ..\obj\stm32f0xx_usart.o
 .text.USART_SetGuardTime
                0x00000000       0x3c ..\obj\stm32f0xx_usart.o
 .text.USART_SmartCardCmd
                0x00000000       0x3c ..\obj\stm32f0xx_usart.o
 .text.USART_SmartCardNACKCmd
                0x00000000       0x3c ..\obj\stm32f0xx_usart.o
 .text.USART_SetAutoRetryCount
                0x00000000       0x34 ..\obj\stm32f0xx_usart.o
 .text.USART_SetBlockLength
                0x00000000       0x30 ..\obj\stm32f0xx_usart.o
 .text.USART_IrDAConfig
                0x00000000       0x2c ..\obj\stm32f0xx_usart.o
 .text.USART_IrDACmd
                0x00000000       0x3c ..\obj\stm32f0xx_usart.o
 .text.USART_DECmd
                0x00000000       0x3c ..\obj\stm32f0xx_usart.o
 .text.USART_DEPolarityConfig
                0x00000000       0x2c ..\obj\stm32f0xx_usart.o
 .text.USART_SetDEAssertionTime
                0x00000000       0x30 ..\obj\stm32f0xx_usart.o
 .text.USART_SetDEDeassertionTime
                0x00000000       0x30 ..\obj\stm32f0xx_usart.o
 .text.USART_DMACmd
                0x00000000       0x38 ..\obj\stm32f0xx_usart.o
 .text.USART_DMAReceptionErrorConfig
                0x00000000       0x2c ..\obj\stm32f0xx_usart.o
 .text.USART_ITConfig
                0x00000000       0x84 ..\obj\stm32f0xx_usart.o
 .text.USART_RequestCmd
                0x00000000       0x48 ..\obj\stm32f0xx_usart.o
 .text.USART_OverrunDetectionConfig
                0x00000000       0x2c ..\obj\stm32f0xx_usart.o
 .text.USART_ClearFlag
                0x00000000       0x18 ..\obj\stm32f0xx_usart.o
 .text.USART_GetITStatus
                0x00000000       0xb4 ..\obj\stm32f0xx_usart.o
 .text.USART_ClearITPendingBit
                0x00000000       0x30 ..\obj\stm32f0xx_usart.o
 .text          0x00000000        0x0 ..\obj\queue.o
 .data          0x00000000        0x0 ..\obj\queue.o
 .bss           0x00000000        0x0 ..\obj\queue.o
 .text.xQueueGenericReset
                0x00000000       0xac ..\obj\queue.o
 .text.xQueueGenericCreate
                0x00000000       0x8c ..\obj\queue.o
 .text.xQueueCreateMutex
                0x00000000       0x98 ..\obj\queue.o
 .text.xQueueGiveMutexRecursive
                0x00000000       0x58 ..\obj\queue.o
 .text.xQueueTakeMutexRecursive
                0x00000000       0x64 ..\obj\queue.o
 .text.xQueueCreateCountingSemaphore
                0x00000000       0x50 ..\obj\queue.o
 .text.xQueueGenericSend
                0x00000000      0x180 ..\obj\queue.o
 .text.xQueueGenericSendFromISR
                0x00000000       0xd4 ..\obj\queue.o
 .text.xQueueGenericReceive
                0x00000000      0x1bc ..\obj\queue.o
 .text.xQueueReceiveFromISR
                0x00000000       0xb0 ..\obj\queue.o
 .text.xQueuePeekFromISR
                0x00000000       0x78 ..\obj\queue.o
 .text.uxQueueMessagesWaiting
                0x00000000       0x2c ..\obj\queue.o
 .text.uxQueueSpacesAvailable
                0x00000000       0x34 ..\obj\queue.o
 .text.uxQueueMessagesWaitingFromISR
                0x00000000       0x24 ..\obj\queue.o
 .text.vQueueDelete
                0x00000000       0x40 ..\obj\queue.o
 .text.uxQueueGetQueueNumber
                0x00000000       0x14 ..\obj\queue.o
 .text.vQueueSetQueueNumber
                0x00000000       0x18 ..\obj\queue.o
 .text.ucQueueGetQueueType
                0x00000000       0x18 ..\obj\queue.o
 .text.prvCopyDataToQueue
                0x00000000       0xd4 ..\obj\queue.o
 .text.prvCopyDataFromQueue
                0x00000000       0x50 ..\obj\queue.o
 .text.prvUnlockQueue
                0x00000000       0x98 ..\obj\queue.o
 .text.prvIsQueueEmpty
                0x00000000       0x2c ..\obj\queue.o
 .text.xQueueIsQueueEmptyFromISR
                0x00000000       0x30 ..\obj\queue.o
 .text.prvIsQueueFull
                0x00000000       0x30 ..\obj\queue.o
 .text.xQueueIsQueueFullFromISR
                0x00000000       0x34 ..\obj\queue.o
 .text.vQueueAddToRegistry
                0x00000000       0x4c ..\obj\queue.o
 .text.vQueueUnregisterQueue
                0x00000000       0x44 ..\obj\queue.o
 .text.vQueueWaitForMessageRestricted
                0x00000000       0x58 ..\obj\queue.o
 .debug_info    0x00000000      0xc4a ..\obj\queue.o
 .debug_abbrev  0x00000000      0x1ba ..\obj\queue.o
 .debug_loc     0x00000000      0x620 ..\obj\queue.o
 .debug_aranges
                0x00000000       0xf8 ..\obj\queue.o
 .debug_ranges  0x00000000       0xe8 ..\obj\queue.o
 .debug_line    0x00000000      0x7e9 ..\obj\queue.o
 .debug_str     0x00000000      0x6db ..\obj\queue.o
 .comment       0x00000000       0x71 ..\obj\queue.o
 .ARM.attributes
                0x00000000       0x31 ..\obj\queue.o
 .debug_frame   0x00000000      0x390 ..\obj\queue.o
 COMMON         0x00000000       0x40 ..\obj\queue.o
 .text          0x00000000        0x0 ..\obj\port.o
 .data          0x00000000        0x4 ..\obj\port.o
 .bss           0x00000000        0x0 ..\obj\port.o
 .text.pxPortInitialiseStack
                0x00000000       0x54 ..\obj\port.o
 .text.prvTaskExitError
                0x00000000       0x18 ..\obj\port.o
 .text.vPortStartFirstTask
                0x00000000       0x20 ..\obj\port.o
 .text.xPortStartScheduler
                0x00000000       0x44 ..\obj\port.o
 .text.vPortEndScheduler
                0x00000000       0x1c ..\obj\port.o
 .text.vPortYield
                0x00000000       0x1c ..\obj\port.o
 .text.vPortEnterCritical
                0x00000000       0x20 ..\obj\port.o
 .text.vPortExitCritical
                0x00000000       0x2c ..\obj\port.o
 .text.prvSetupTimerInterrupt
                0x00000000       0x30 ..\obj\port.o
 .text          0x00000000        0x0 ..\obj\system_stm32f0xx.o
 .data          0x00000000       0x14 ..\obj\system_stm32f0xx.o
 .bss           0x00000000        0x0 ..\obj\system_stm32f0xx.o
 .text.SystemCoreClockUpdate
                0x00000000       0xd0 ..\obj\system_stm32f0xx.o
 .text          0x00000000        0x0 ..\obj\croutine.o
 .data          0x00000000        0x0 ..\obj\croutine.o
 .bss           0x00000000       0x80 ..\obj\croutine.o
 .text.xCoRoutineCreate
                0x00000000       0xcc ..\obj\croutine.o
 .text.vCoRoutineAddToDelayedList
                0x00000000       0x84 ..\obj\croutine.o
 .text.prvCheckPendingReadyList
                0x00000000       0x74 ..\obj\croutine.o
 .text.prvCheckDelayedList
                0x00000000       0xf4 ..\obj\croutine.o
 .text.vCoRoutineSchedule
                0x00000000       0xa0 ..\obj\croutine.o
 .text.prvInitialiseCoRoutineLists
                0x00000000       0x70 ..\obj\croutine.o
 .text.xCoRoutineRemoveFromEventList
                0x00000000       0x54 ..\obj\croutine.o
 .debug_info    0x00000000      0x4ec ..\obj\croutine.o
 .debug_abbrev  0x00000000      0x180 ..\obj\croutine.o
 .debug_loc     0x00000000      0x188 ..\obj\croutine.o
 .debug_aranges
                0x00000000       0x50 ..\obj\croutine.o
 .debug_ranges  0x00000000       0x40 ..\obj\croutine.o
 .debug_line    0x00000000      0x2c8 ..\obj\croutine.o
 .debug_str     0x00000000      0x480 ..\obj\croutine.o
 .comment       0x00000000       0x71 ..\obj\croutine.o
 .ARM.attributes
                0x00000000       0x31 ..\obj\croutine.o
 .debug_frame   0x00000000       0xf0 ..\obj\croutine.o
 .text          0x00000000        0x0 ..\obj\event_groups.o
 .data          0x00000000        0x0 ..\obj\event_groups.o
 .bss           0x00000000        0x0 ..\obj\event_groups.o
 .text.xEventGroupCreate
                0x00000000       0x30 ..\obj\event_groups.o
 .text.xEventGroupSync
                0x00000000      0x120 ..\obj\event_groups.o
 .text.xEventGroupWaitBits
                0x00000000      0x150 ..\obj\event_groups.o
 .text.xEventGroupClearBits
                0x00000000       0x40 ..\obj\event_groups.o
 .text.xEventGroupClearBitsFromISR
                0x00000000       0x48 ..\obj\event_groups.o
 .text.xEventGroupSetBits
                0x00000000       0xe8 ..\obj\event_groups.o
 .text.vEventGroupDelete
                0x00000000       0x54 ..\obj\event_groups.o
 .text.vEventGroupSetBitsCallback
                0x00000000       0x1c ..\obj\event_groups.o
 .text.prvTestWaitCondition
                0x00000000       0x40 ..\obj\event_groups.o
 .text.uxEventGroupGetNumber
                0x00000000       0x28 ..\obj\event_groups.o
 .debug_info    0x00000000      0x67a ..\obj\event_groups.o
 .debug_abbrev  0x00000000      0x137 ..\obj\event_groups.o
 .debug_loc     0x00000000      0x230 ..\obj\event_groups.o
 .debug_aranges
                0x00000000       0x68 ..\obj\event_groups.o
 .debug_ranges  0x00000000       0x58 ..\obj\event_groups.o
 .debug_line    0x00000000      0x382 ..\obj\event_groups.o
 .debug_str     0x00000000      0x485 ..\obj\event_groups.o
 .comment       0x00000000       0x71 ..\obj\event_groups.o
 .ARM.attributes
                0x00000000       0x31 ..\obj\event_groups.o
 .debug_frame   0x00000000      0x150 ..\obj\event_groups.o
 .text          0x00000000        0x0 ..\obj\udpstack.o
 .bss           0x00000000        0x0 ..\obj\udpstack.o
 .text.printStruct
                0x00000000       0x3c ..\obj\udpstack.o
 COMMON         0x00000000        0x4 ..\obj\udpstack.o
 .text          0x00000000        0x0 ..\obj\core_cm0.o
 .data          0x00000000        0x0 ..\obj\core_cm0.o
 .bss           0x00000000        0x0 ..\obj\core_cm0.o
 .text.__get_PSP
                0x00000000       0x10 ..\obj\core_cm0.o
 .text.__set_PSP
                0x00000000        0x8 ..\obj\core_cm0.o
 .text.__get_MSP
                0x00000000       0x10 ..\obj\core_cm0.o
 .text.__set_MSP
                0x00000000        0x8 ..\obj\core_cm0.o
 .text.__get_PRIMASK
                0x00000000       0x1c ..\obj\core_cm0.o
 .text.__set_PRIMASK
                0x00000000       0x14 ..\obj\core_cm0.o
 .text.__get_CONTROL
                0x00000000       0x1c ..\obj\core_cm0.o
 .text.__set_CONTROL
                0x00000000       0x14 ..\obj\core_cm0.o
 .text.__REV    0x00000000       0x1c ..\obj\core_cm0.o
 .text.__REV16  0x00000000       0x24 ..\obj\core_cm0.o
 .text.__REVSH  0x00000000       0x24 ..\obj\core_cm0.o
 .debug_info    0x00000000      0x2ae ..\obj\core_cm0.o
 .debug_abbrev  0x00000000       0xdb ..\obj\core_cm0.o
 .debug_loc     0x00000000      0x188 ..\obj\core_cm0.o
 .debug_aranges
                0x00000000       0x70 ..\obj\core_cm0.o
 .debug_ranges  0x00000000       0x60 ..\obj\core_cm0.o
 .debug_line    0x00000000      0x1ba ..\obj\core_cm0.o
 .debug_str     0x00000000      0x1d8 ..\obj\core_cm0.o
 .comment       0x00000000       0x71 ..\obj\core_cm0.o
 .ARM.attributes
                0x00000000       0x31 ..\obj\core_cm0.o
 .debug_frame   0x00000000      0x130 ..\obj\core_cm0.o
 .data          0x00000000        0x0 c:/program files (x86)/gnu tools arm embedded/4.7 2013q2/bin/../lib/gcc/arm-none-eabi/4.7.4/armv6-m\libgcc.a(_udivsi3.o)
 .bss           0x00000000        0x0 c:/program files (x86)/gnu tools arm embedded/4.7 2013q2/bin/../lib/gcc/arm-none-eabi/4.7.4/armv6-m\libgcc.a(_udivsi3.o)
 .data          0x00000000        0x0 c:/program files (x86)/gnu tools arm embedded/4.7 2013q2/bin/../lib/gcc/arm-none-eabi/4.7.4/armv6-m\libgcc.a(_dvmd_tls.o)
 .bss           0x00000000        0x0 c:/program files (x86)/gnu tools arm embedded/4.7 2013q2/bin/../lib/gcc/arm-none-eabi/4.7.4/armv6-m\libgcc.a(_dvmd_tls.o)
 .text          0x00000000        0x0 c:/program files (x86)/gnu tools arm embedded/4.7 2013q2/bin/../lib/gcc/arm-none-eabi/4.7.4/../../../../arm-none-eabi/lib/armv6-m\libg.a(lib_a-memcmp.o)
 .data          0x00000000        0x0 c:/program files (x86)/gnu tools arm embedded/4.7 2013q2/bin/../lib/gcc/arm-none-eabi/4.7.4/../../../../arm-none-eabi/lib/armv6-m\libg.a(lib_a-memcmp.o)
 .bss           0x00000000        0x0 c:/program files (x86)/gnu tools arm embedded/4.7 2013q2/bin/../lib/gcc/arm-none-eabi/4.7.4/../../../../arm-none-eabi/lib/armv6-m\libg.a(lib_a-memcmp.o)
 .text          0x00000000        0x0 c:/program files (x86)/gnu tools arm embedded/4.7 2013q2/bin/../lib/gcc/arm-none-eabi/4.7.4/../../../../arm-none-eabi/lib/armv6-m\libg.a(lib_a-memcpy.o)
 .data          0x00000000        0x0 c:/program files (x86)/gnu tools arm embedded/4.7 2013q2/bin/../lib/gcc/arm-none-eabi/4.7.4/../../../../arm-none-eabi/lib/armv6-m\libg.a(lib_a-memcpy.o)
 .bss           0x00000000        0x0 c:/program files (x86)/gnu tools arm embedded/4.7 2013q2/bin/../lib/gcc/arm-none-eabi/4.7.4/../../../../arm-none-eabi/lib/armv6-m\libg.a(lib_a-memcpy.o)
 .text          0x00000000        0x0 c:/program files (x86)/gnu tools arm embedded/4.7 2013q2/bin/../lib/gcc/arm-none-eabi/4.7.4/../../../../arm-none-eabi/lib/armv6-m\libg.a(lib_a-memset.o)
 .data          0x00000000        0x0 c:/program files (x86)/gnu tools arm embedded/4.7 2013q2/bin/../lib/gcc/arm-none-eabi/4.7.4/../../../../arm-none-eabi/lib/armv6-m\libg.a(lib_a-memset.o)
 .bss           0x00000000        0x0 c:/program files (x86)/gnu tools arm embedded/4.7 2013q2/bin/../lib/gcc/arm-none-eabi/4.7.4/../../../../arm-none-eabi/lib/armv6-m\libg.a(lib_a-memset.o)

Memory Configuration

Name             Origin             Length             Attributes
rom              0x08000000         0x00010000         xr
ram              0x20000000         0x00002000         xrw
*default*        0x00000000         0xffffffff

Linker script and memory map

                0x20002000                _eram = 0x20002000

.text           0x08000000     0x24d4
 *(.isr_vector .isr_vector.*)
 .isr_vector    0x08000000       0xc4 ..\obj\startup_stm32f0xx.o
                0x08000000                g_pfnVectors
 *(.text .text.* .gnu.linkonce.t.*)
 .text.ETH_send_packet
                0x080000c4       0x90 ..\obj\enc28j60_jose.o
                0x080000c4                ETH_send_packet
 .text.ETH_ReceivePacket
                0x08000154      0x1e4 ..\obj\enc28j60_jose.o
                0x08000154                ETH_ReceivePacket
 .text.usartInit
                0x08000338       0xbc ..\obj\usart_jose.o
                0x08000338                usartInit
 .text.usartSend
                0x080003f4       0x38 ..\obj\usart_jose.o
                0x080003f4                usartSend
 .text.RCC_GetClocksFreq
                0x0800042c      0x1cc ..\obj\stm32f0xx_rcc.o
                0x0800042c                RCC_GetClocksFreq
 .text.RCC_AHBPeriphClockCmd
                0x080005f8       0x3c ..\obj\stm32f0xx_rcc.o
                0x080005f8                RCC_AHBPeriphClockCmd
 .text.RCC_APB1PeriphClockCmd
                0x08000634       0x3c ..\obj\stm32f0xx_rcc.o
                0x08000634                RCC_APB1PeriphClockCmd
 .text.ETH_SPI_init
                0x08000670      0x180 ..\obj\stm32f0_spi_jose.o
                0x08000670                ETH_SPI_init
 .text.spi      0x080007f0       0x54 ..\obj\stm32f0_spi_jose.o
                0x080007f0                spi
 .text.ETH_ReadETHControlRegister
                0x08000844       0x90 ..\obj\stm32f0_spi_jose.o
                0x08000844                ETH_ReadETHControlRegister
 .text.ETH_ReadMACandMIIControlRegister
                0x080008d4       0x9c ..\obj\stm32f0_spi_jose.o
                0x080008d4                ETH_ReadMACandMIIControlRegister
 .text.ETH_WriteControlRegister
                0x08000970       0x8c ..\obj\stm32f0_spi_jose.o
                0x08000970                ETH_WriteControlRegister
 .text.ETH_WritePHYRegister
                0x080009fc       0x50 ..\obj\stm32f0_spi_jose.o
                0x080009fc                ETH_WritePHYRegister
 .text.ETH_switch_bank
                0x08000a4c       0x60 ..\obj\stm32f0_spi_jose.o
                0x08000a4c                ETH_switch_bank
 .text.ETH_ReadBufferMemory
                0x08000aac       0x68 ..\obj\stm32f0_spi_jose.o
                0x08000aac                ETH_ReadBufferMemory
 .text.ETH_ReadOneWordFromBufferMemory
                0x08000b14       0x40 ..\obj\stm32f0_spi_jose.o
                0x08000b14                ETH_ReadOneWordFromBufferMemory
 .text.ETH_WriteBufferMemory
                0x08000b54       0x64 ..\obj\stm32f0_spi_jose.o
                0x08000b54                ETH_WriteBufferMemory
 .text.ETH_SystemCommandSoftReset
                0x08000bb8       0x24 ..\obj\stm32f0_spi_jose.o
                0x08000bb8                ETH_SystemCommandSoftReset
 .text.ETH_bit_set
                0x08000bdc       0x8c ..\obj\stm32f0_spi_jose.o
                0x08000bdc                ETH_bit_set
 .text.ETH_bit_clear
                0x08000c68       0x8c ..\obj\stm32f0_spi_jose.o
                0x08000c68                ETH_bit_clear
 .text.ETH_MAC_init
                0x08000cf4      0x1dc ..\obj\stm32f0_spi_jose.o
                0x08000cf4                ETH_MAC_init
 .text.LED_init
                0x08000ed0       0x58 ..\obj\main.o
                0x08000ed0                LED_init
 .text.main     0x08000f28       0x78 ..\obj\main.o
                0x08000f28                main
 .text.vApplicationStackOverflowHook
                0x08000fa0       0x10 ..\obj\main.o
                0x08000fa0                vApplicationStackOverflowHook
 .text.vApplicationTickHook
                0x08000fb0        0x8 ..\obj\main.o
                0x08000fb0                vApplicationTickHook
 .text.Reset_Handler
                0x08000fb8       0x44 ..\obj\startup_stm32f0xx.o
                0x08000fb8                Reset_Handler
 .text.Default_Handler
                0x08000ffc        0x2 ..\obj\startup_stm32f0xx.o
                0x08000ffc                TIM1_CC_IRQHandler
                0x08000ffc                HardFault_Handler
                0x08000ffc                ADC1_COMP_IRQHandler
                0x08000ffc                PVD_IRQHandler
                0x08000ffc                NMI_Handler
                0x08000ffc                I2C1_IRQHandler
                0x08000ffc                SPI1_IRQHandler
                0x08000ffc                TIM6_DAC_IRQHandler
                0x08000ffc                EXTI2_3_IRQHandler
                0x08000ffc                I2C2_IRQHandler
                0x08000ffc                TIM17_IRQHandler
                0x08000ffc                RTC_IRQHandler
                0x08000ffc                TIM16_IRQHandler
                0x08000ffc                TIM3_IRQHandler
                0x08000ffc                EXTI4_15_IRQHandler
                0x08000ffc                RCC_IRQHandler
                0x08000ffc                DMA1_Channel1_IRQHandler
                0x08000ffc                Default_Handler
                0x08000ffc                CEC_IRQHandler
                0x08000ffc                TIM14_IRQHandler
                0x08000ffc                DMA1_Channel4_5_IRQHandler
                0x08000ffc                TIM15_IRQHandler
                0x08000ffc                EXTI0_1_IRQHandler
                0x08000ffc                SPI2_IRQHandler
                0x08000ffc                TS_IRQHandler
                0x08000ffc                WWDG_IRQHandler
                0x08000ffc                TIM2_IRQHandler
                0x08000ffc                DMA1_Channel2_3_IRQHandler
                0x08000ffc                USART2_IRQHandler
                0x08000ffc                FLASH_IRQHandler
                0x08000ffc                USART1_IRQHandler
                0x08000ffc                TIM1_BRK_UP_TRG_COM_IRQHandler
 *fill*         0x08000ffe        0x2 00
 .text.xTaskIncrementTick
                0x08001000      0x180 ..\obj\tasks.o
                0x08001000                xTaskIncrementTick
 .text.vTaskSwitchContext
                0x08001180       0xf0 ..\obj\tasks.o
                0x08001180                vTaskSwitchContext
 .text.prvResetNextTaskUnblockTime
                0x08001270       0x44 ..\obj\tasks.o
 .text.SPI_Init
                0x080012b4      0x104 ..\obj\stm32f0xx_spi.o
                0x080012b4                SPI_Init
 .text.SPI_Cmd  0x080013b8       0x40 ..\obj\stm32f0xx_spi.o
                0x080013b8                SPI_Cmd
 .text.SPI_RxFIFOThresholdConfig
                0x080013f8       0x3c ..\obj\stm32f0xx_spi.o
                0x080013f8                SPI_RxFIFOThresholdConfig
 .text.SPI_SendData8
                0x08001434       0x2c ..\obj\stm32f0xx_spi.o
                0x08001434                SPI_SendData8
 .text.SPI_ReceiveData8
                0x08001460       0x24 ..\obj\stm32f0xx_spi.o
                0x08001460                SPI_ReceiveData8
 .text.SPI_CalculateCRC
                0x08001484       0x44 ..\obj\stm32f0xx_spi.o
                0x08001484                SPI_CalculateCRC
 .text.SPI_I2S_GetFlagStatus
                0x080014c8       0x48 ..\obj\stm32f0xx_spi.o
                0x080014c8                SPI_I2S_GetFlagStatus
 .text.GPIO_Init
                0x08001510      0x138 ..\obj\stm32f0xx_gpio.o
                0x08001510                GPIO_Init
 .text.GPIO_StructInit
                0x08001648       0x30 ..\obj\stm32f0xx_gpio.o
                0x08001648                GPIO_StructInit
 .text.GPIO_PinAFConfig
                0x08001678       0x9c ..\obj\stm32f0xx_gpio.o
                0x08001678                GPIO_PinAFConfig
 .text.vListInsertEnd
                0x08001714       0x44 ..\obj\list.o
                0x08001714                vListInsertEnd
 .text.uxListRemove
                0x08001758       0x50 ..\obj\list.o
                0x08001758                uxListRemove
 .text.USART_Init
                0x080017a8      0x160 ..\obj\stm32f0xx_usart.o
                0x080017a8                USART_Init
 .text.USART_Cmd
                0x08001908       0x3c ..\obj\stm32f0xx_usart.o
                0x08001908                USART_Cmd
 .text.USART_SendData
                0x08001944       0x24 ..\obj\stm32f0xx_usart.o
                0x08001944                USART_SendData
 .text.USART_GetFlagStatus
                0x08001968       0x3c ..\obj\stm32f0xx_usart.o
                0x08001968                USART_GetFlagStatus
 .text.SVC_Handler
                0x080019a4        0x8 ..\obj\port.o
                0x080019a4                SVC_Handler
 .text.ulSetInterruptMaskFromISR
                0x080019ac        0xc ..\obj\port.o
                0x080019ac                ulSetInterruptMaskFromISR
 .text.vClearInterruptMaskFromISR
                0x080019b8        0x8 ..\obj\port.o
                0x080019b8                vClearInterruptMaskFromISR
 .text.PendSV_Handler
                0x080019c0       0x44 ..\obj\port.o
                0x080019c0                PendSV_Handler
 .text.SysTick_Handler
                0x08001a04       0x34 ..\obj\port.o
                0x08001a04                SysTick_Handler
 .text.SystemInit
                0x08001a38       0x8c ..\obj\system_stm32f0xx.o
                0x08001a38                SystemInit
 .text.SetSysClock
                0x08001ac4       0xe0 ..\obj\system_stm32f0xx.o
 .text.GetPacket
                0x08001ba4       0x8c ..\obj\udpstack.o
                0x08001ba4                GetPacket
 .text.PingReply
                0x08001c30      0x130 ..\obj\udpstack.o
                0x08001c30                PingReply
 .text.chksum   0x08001d60       0xbc ..\obj\udpstack.o
                0x08001d60                chksum
 .text.SendArpPacket
                0x08001e1c       0xf0 ..\obj\udpstack.o
                0x08001e1c                SendArpPacket
 .text.ReplyArpPacket
                0x08001f0c       0xc4 ..\obj\udpstack.o
                0x08001f0c                ReplyArpPacket
 .text.IPstackInit
                0x08001fd0      0x11c ..\obj\udpstack.o
                0x08001fd0                IPstackInit
 .text          0x080020ec       0x9c c:/program files (x86)/gnu tools arm embedded/4.7 2013q2/bin/../lib/gcc/arm-none-eabi/4.7.4/armv6-m\libgcc.a(_udivsi3.o)
                0x080020ec                __aeabi_uidiv
                0x080020ec                __udivsi3
                0x08002174                __aeabi_uidivmod
 .text          0x08002188        0x4 c:/program files (x86)/gnu tools arm embedded/4.7 2013q2/bin/../lib/gcc/arm-none-eabi/4.7.4/armv6-m\libgcc.a(_dvmd_tls.o)
                0x08002188                __aeabi_idiv0
                0x08002188                __aeabi_ldiv0
 .text.memcmp   0x0800218c       0xb4 c:/program files (x86)/gnu tools arm embedded/4.7 2013q2/bin/../lib/gcc/arm-none-eabi/4.7.4/../../../../arm-none-eabi/lib/armv6-m\libg.a(lib_a-memcmp.o)
                0x0800218c                memcmp
 .text.memcpy   0x08002240      0x144 c:/program files (x86)/gnu tools arm embedded/4.7 2013q2/bin/../lib/gcc/arm-none-eabi/4.7.4/../../../../arm-none-eabi/lib/armv6-m\libg.a(lib_a-memcpy.o)
                0x08002240                memcpy
 .text.memset   0x08002384      0x118 c:/program files (x86)/gnu tools arm embedded/4.7 2013q2/bin/../lib/gcc/arm-none-eabi/4.7.4/../../../../arm-none-eabi/lib/armv6-m\libg.a(lib_a-memset.o)
                0x08002384                memset
 *(.glue_7t)
 .glue_7t       0x00000000        0x0 linker stubs
 *(.glue_7)
 .glue_7        0x00000000        0x0 linker stubs
 *(.rodata .rodata* .gnu.linkonce.r.*)
 .rodata        0x0800249c       0x14 ..\obj\main.o
 .rodata        0x080024b0       0x1c ..\obj\tasks.o
 .rodata        0x080024cc        0x8 ..\obj\udpstack.o
                0x080024cc                deviceMAC

.vfp11_veneer   0x080024d4        0x0
 .vfp11_veneer  0x00000000        0x0 linker stubs

.v4_bx          0x080024d4        0x0
 .v4_bx         0x00000000        0x0 linker stubs

.iplt           0x080024d4        0x0
 .iplt          0x00000000        0x0 ..\obj\enc28j60_jose.o

.rel.dyn        0x080024d4        0x0
 .rel.iplt      0x00000000        0x0 ..\obj\enc28j60_jose.o

.ARM.extab
 *(.ARM.extab* .gnu.linkonce.armextab.*)
                0x080024d4                __exidx_start = .

.ARM.exidx
 *(.ARM.exidx* .gnu.linkonce.armexidx.*)
                0x080024d4                __exidx_end = .
                0x080024d4                . = ALIGN (0x4)
                0x080024d4                _etext = .
                0x080024d4                _sidata = .

.data           0x20000000       0x28 load address 0x080024d4
                0x20000000                _sdata = .
 *(.data .data.*)
 .data          0x20000000       0x10 ..\obj\stm32f0xx_rcc.o
 .data          0x20000010        0x4 ..\obj\tasks.o
 .data          0x20000014       0x14 ..\obj\udpstack.o
                0x20000014                routerMAC
                0x2000001c                deviceIP
                0x20000020                routerIP
                0x20000024                dnsIP
                0x20000028                . = ALIGN (0x4)
                0x20000028                _edata = .

.igot.plt       0x20000028        0x0 load address 0x080024fc
 .igot.plt      0x00000000        0x0 ..\obj\enc28j60_jose.o

.bss            0x20000028      0x1d4 load address 0x080024fc
                0x20000028                _sbss = .
 *(.bss .bss.*)
 .bss           0x20000028        0x4 ..\obj\enc28j60_jose.o
 .bss           0x2000002c        0x1 ..\obj\stm32f0_spi_jose.o
                0x2000002c                last_bank
 *fill*         0x2000002d        0x3 00
 .bss           0x20000030       0xd0 ..\obj\main.o
 .bss           0x20000100       0xfc ..\obj\tasks.o
                0x20000100                pxCurrentTCB
 *(COMMON)
                0x200001fc                . = ALIGN (0x4)
                0x200001fc                _ebss = .

.co_stack       0x200001fc        0x4 load address 0x080026d0
                0x20000200                . = ALIGN (0x8)
 *fill*         0x200001fc        0x4 00
 *(.co_stack .co_stack.*)
                0x20000200                . = ALIGN (0x4)
                0x20000200                _end = .
LOAD ..\obj\enc28j60_jose.o
LOAD ..\obj\heap_4.o
LOAD ..\obj\usart_jose.o
LOAD ..\obj\stm32f0xx_rcc.o
LOAD ..\obj\stm32f0_spi_jose.o
LOAD ..\obj\main.o
LOAD ..\obj\startup_stm32f0xx.o
LOAD ..\obj\timers.o
LOAD ..\obj\tasks.o
LOAD ..\obj\stm32f0xx_spi.o
LOAD ..\obj\stm32f0xx_gpio.o
LOAD ..\obj\list.o
LOAD ..\obj\stm32f0xx_usart.o
LOAD ..\obj\queue.o
LOAD ..\obj\port.o
LOAD ..\obj\system_stm32f0xx.o
LOAD ..\obj\croutine.o
LOAD ..\obj\event_groups.o
LOAD ..\obj\udpstack.o
LOAD ..\obj\core_cm0.o
START GROUP
LOAD c:/program files (x86)/gnu tools arm embedded/4.7 2013q2/bin/../lib/gcc/arm-none-eabi/4.7.4/armv6-m\libgcc.a
LOAD c:/program files (x86)/gnu tools arm embedded/4.7 2013q2/bin/../lib/gcc/arm-none-eabi/4.7.4/../../../../arm-none-eabi/lib/armv6-m\libg.a
LOAD c:/program files (x86)/gnu tools arm embedded/4.7 2013q2/bin/../lib/gcc/arm-none-eabi/4.7.4/../../../../arm-none-eabi/lib/armv6-m\libc.a
END GROUP
OUTPUT(elliana.elf elf32-littlearm)

.debug_info     0x00000000     0x5f4c
 .debug_info    0x00000000      0x148 ..\obj\enc28j60_jose.o
 .debug_info    0x00000148      0x4b9 ..\obj\usart_jose.o
 .debug_info    0x00000601      0xa63 ..\obj\stm32f0xx_rcc.o
 .debug_info    0x00001064      0x789 ..\obj\stm32f0_spi_jose.o
 .debug_info    0x000017ed      0x4cc ..\obj\main.o
 .debug_info    0x00001cb9       0xa1 ..\obj\startup_stm32f0xx.o
 .debug_info    0x00001d5a     0x12db ..\obj\tasks.o
 .debug_info    0x00003035      0xb56 ..\obj\stm32f0xx_spi.o
 .debug_info    0x00003b8b      0x618 ..\obj\stm32f0xx_gpio.o
 .debug_info    0x000041a3      0x2c1 ..\obj\list.o
 .debug_info    0x00004464      0xf43 ..\obj\stm32f0xx_usart.o
 .debug_info    0x000053a7      0x288 ..\obj\port.o
 .debug_info    0x0000562f      0x30f ..\obj\system_stm32f0xx.o
 .debug_info    0x0000593e      0x60e ..\obj\udpstack.o

.debug_abbrev   0x00000000     0x12f1
 .debug_abbrev  0x00000000       0xa3 ..\obj\enc28j60_jose.o
 .debug_abbrev  0x000000a3      0x14a ..\obj\usart_jose.o
 .debug_abbrev  0x000001ed      0x1ee ..\obj\stm32f0xx_rcc.o
 .debug_abbrev  0x000003db      0x1c9 ..\obj\stm32f0_spi_jose.o
 .debug_abbrev  0x000005a4      0x17c ..\obj\main.o
 .debug_abbrev  0x00000720       0x12 ..\obj\startup_stm32f0xx.o
 .debug_abbrev  0x00000732      0x226 ..\obj\tasks.o
 .debug_abbrev  0x00000958      0x1a3 ..\obj\stm32f0xx_spi.o
 .debug_abbrev  0x00000afb      0x190 ..\obj\stm32f0xx_gpio.o
 .debug_abbrev  0x00000c8b       0xbe ..\obj\list.o
 .debug_abbrev  0x00000d49      0x15e ..\obj\stm32f0xx_usart.o
 .debug_abbrev  0x00000ea7      0x19a ..\obj\port.o
 .debug_abbrev  0x00001041      0x136 ..\obj\system_stm32f0xx.o
 .debug_abbrev  0x00001177      0x17a ..\obj\udpstack.o

.debug_loc      0x00000000     0x312c
 .debug_loc     0x00000000       0x70 ..\obj\enc28j60_jose.o
 .debug_loc     0x00000070       0xa8 ..\obj\usart_jose.o
 .debug_loc     0x00000118      0x864 ..\obj\stm32f0xx_rcc.o
 .debug_loc     0x0000097c      0x304 ..\obj\stm32f0_spi_jose.o
 .debug_loc     0x00000c80      0x19c ..\obj\main.o
 .debug_loc     0x00000e1c      0x9a8 ..\obj\tasks.o
 .debug_loc     0x000017c4      0x6ca ..\obj\stm32f0xx_spi.o
 .debug_loc     0x00001e8e      0x2d8 ..\obj\stm32f0xx_gpio.o
 .debug_loc     0x00002166      0x118 ..\obj\list.o
 .debug_loc     0x0000227e      0xab8 ..\obj\stm32f0xx_usart.o
 .debug_loc     0x00002d36      0x1d0 ..\obj\port.o
 .debug_loc     0x00002f06       0x9c ..\obj\system_stm32f0xx.o
 .debug_loc     0x00002fa2      0x18a ..\obj\udpstack.o

.debug_aranges  0x00000000      0x8a8
 .debug_aranges
                0x00000000       0x28 ..\obj\enc28j60_jose.o
 .debug_aranges
                0x00000028       0x30 ..\obj\usart_jose.o
 .debug_aranges
                0x00000058      0x150 ..\obj\stm32f0xx_rcc.o
 .debug_aranges
                0x000001a8       0x88 ..\obj\stm32f0_spi_jose.o
 .debug_aranges
                0x00000230       0x58 ..\obj\main.o
 .debug_aranges
                0x00000288       0x28 ..\obj\startup_stm32f0xx.o
 .debug_aranges
                0x000002b0      0x180 ..\obj\tasks.o
 .debug_aranges
                0x00000430      0x110 ..\obj\stm32f0xx_spi.o
 .debug_aranges
                0x00000540       0x80 ..\obj\stm32f0xx_gpio.o
 .debug_aranges
                0x000005c0       0x40 ..\obj\list.o
 .debug_aranges
                0x00000600      0x1a0 ..\obj\stm32f0xx_usart.o
 .debug_aranges
                0x000007a0       0x88 ..\obj\port.o
 .debug_aranges
                0x00000828       0x30 ..\obj\system_stm32f0xx.o
 .debug_aranges
                0x00000858       0x50 ..\obj\udpstack.o

.debug_ranges   0x00000000      0x7d0
 .debug_ranges  0x00000000       0x18 ..\obj\enc28j60_jose.o
 .debug_ranges  0x00000018       0x20 ..\obj\usart_jose.o
 .debug_ranges  0x00000038      0x140 ..\obj\stm32f0xx_rcc.o
 .debug_ranges  0x00000178       0x78 ..\obj\stm32f0_spi_jose.o
 .debug_ranges  0x000001f0       0x48 ..\obj\main.o
 .debug_ranges  0x00000238       0x20 ..\obj\startup_stm32f0xx.o
 .debug_ranges  0x00000258      0x170 ..\obj\tasks.o
 .debug_ranges  0x000003c8      0x100 ..\obj\stm32f0xx_spi.o
 .debug_ranges  0x000004c8       0x70 ..\obj\stm32f0xx_gpio.o
 .debug_ranges  0x00000538       0x30 ..\obj\list.o
 .debug_ranges  0x00000568      0x190 ..\obj\stm32f0xx_usart.o
 .debug_ranges  0x000006f8       0x78 ..\obj\port.o
 .debug_ranges  0x00000770       0x20 ..\obj\system_stm32f0xx.o
 .debug_ranges  0x00000790       0x40 ..\obj\udpstack.o

.debug_line     0x00000000     0x2dd4
 .debug_line    0x00000000      0x13a ..\obj\enc28j60_jose.o
 .debug_line    0x0000013a      0x1cf ..\obj\usart_jose.o
 .debug_line    0x00000309      0x4c0 ..\obj\stm32f0xx_rcc.o
 .debug_line    0x000007c9      0x36c ..\obj\stm32f0_spi_jose.o
 .debug_line    0x00000b35      0x2af ..\obj\main.o
 .debug_line    0x00000de4       0xa7 ..\obj\startup_stm32f0xx.o
 .debug_line    0x00000e8b      0xac4 ..\obj\tasks.o
 .debug_line    0x0000194f      0x437 ..\obj\stm32f0xx_spi.o
 .debug_line    0x00001d86      0x29b ..\obj\stm32f0xx_gpio.o
 .debug_line    0x00002021      0x201 ..\obj\list.o
 .debug_line    0x00002222      0x586 ..\obj\stm32f0xx_usart.o
 .debug_line    0x000027a8      0x2c5 ..\obj\port.o
 .debug_line    0x00002a6d      0x177 ..\obj\system_stm32f0xx.o
 .debug_line    0x00002be4      0x1f0 ..\obj\udpstack.o

.debug_str      0x00000000     0x2756
 .debug_str     0x00000000      0x13c ..\obj\enc28j60_jose.o
                                0x17e (size before relaxing)
 .debug_str     0x0000013c      0x2d7 ..\obj\usart_jose.o
                                0x3ce (size before relaxing)
 .debug_str     0x00000413      0x576 ..\obj\stm32f0xx_rcc.o
                                0x6c5 (size before relaxing)
 .debug_str     0x00000989      0x25b ..\obj\stm32f0_spi_jose.o
                                0x53a (size before relaxing)
 .debug_str     0x00000be4      0x125 ..\obj\main.o
                                0x3da (size before relaxing)
 .debug_str     0x00000d09      0xa10 ..\obj\tasks.o
                                0xb7c (size before relaxing)
 .debug_str     0x00001719      0x3b1 ..\obj\stm32f0xx_spi.o
                                0x69e (size before relaxing)
 .debug_str     0x00001aca      0x188 ..\obj\stm32f0xx_gpio.o
                                0x42c (size before relaxing)
 .debug_str     0x00001c52       0xc6 ..\obj\list.o
                                0x25c (size before relaxing)
 .debug_str     0x00001d18      0x658 ..\obj\stm32f0xx_usart.o
                                0x8f3 (size before relaxing)
 .debug_str     0x00002370      0x195 ..\obj\port.o
                                0x2d0 (size before relaxing)
 .debug_str     0x00002505       0x91 ..\obj\system_stm32f0xx.o
                                0x236 (size before relaxing)
 .debug_str     0x00002596      0x1c0 ..\obj\udpstack.o
                                0x2d6 (size before relaxing)

.comment        0x00000000       0x70
 .comment       0x00000000       0x70 ..\obj\enc28j60_jose.o
                                 0x71 (size before relaxing)
 .comment       0x00000000       0x71 ..\obj\usart_jose.o
 .comment       0x00000000       0x71 ..\obj\stm32f0xx_rcc.o
 .comment       0x00000000       0x71 ..\obj\stm32f0_spi_jose.o
 .comment       0x00000000       0x71 ..\obj\main.o
 .comment       0x00000000       0x71 ..\obj\tasks.o
 .comment       0x00000000       0x71 ..\obj\stm32f0xx_spi.o
 .comment       0x00000000       0x71 ..\obj\stm32f0xx_gpio.o
 .comment       0x00000000       0x71 ..\obj\list.o
 .comment       0x00000000       0x71 ..\obj\stm32f0xx_usart.o
 .comment       0x00000000       0x71 ..\obj\port.o
 .comment       0x00000000       0x71 ..\obj\system_stm32f0xx.o
 .comment       0x00000000       0x71 ..\obj\udpstack.o

.ARM.attributes
                0x00000000       0x2f
 .ARM.attributes
                0x00000000       0x31 ..\obj\enc28j60_jose.o
 .ARM.attributes
                0x00000031       0x31 ..\obj\usart_jose.o
 .ARM.attributes
                0x00000062       0x31 ..\obj\stm32f0xx_rcc.o
 .ARM.attributes
                0x00000093       0x31 ..\obj\stm32f0_spi_jose.o
 .ARM.attributes
                0x000000c4       0x31 ..\obj\main.o
 .ARM.attributes
                0x000000f5       0x21 ..\obj\startup_stm32f0xx.o
 .ARM.attributes
                0x00000116       0x31 ..\obj\tasks.o
 .ARM.attributes
                0x00000147       0x31 ..\obj\stm32f0xx_spi.o
 .ARM.attributes
                0x00000178       0x31 ..\obj\stm32f0xx_gpio.o
 .ARM.attributes
                0x000001a9       0x31 ..\obj\list.o
 .ARM.attributes
                0x000001da       0x31 ..\obj\stm32f0xx_usart.o
 .ARM.attributes
                0x0000020b       0x31 ..\obj\port.o
 .ARM.attributes
                0x0000023c       0x31 ..\obj\system_stm32f0xx.o
 .ARM.attributes
                0x0000026d       0x31 ..\obj\udpstack.o
 .ARM.attributes
                0x0000029e       0x1e c:/program files (x86)/gnu tools arm embedded/4.7 2013q2/bin/../lib/gcc/arm-none-eabi/4.7.4/armv6-m\libgcc.a(_udivsi3.o)
 .ARM.attributes
                0x000002bc       0x1e c:/program files (x86)/gnu tools arm embedded/4.7 2013q2/bin/../lib/gcc/arm-none-eabi/4.7.4/armv6-m\libgcc.a(_dvmd_tls.o)
 .ARM.attributes
                0x000002da       0x2c c:/program files (x86)/gnu tools arm embedded/4.7 2013q2/bin/../lib/gcc/arm-none-eabi/4.7.4/../../../../arm-none-eabi/lib/armv6-m\libg.a(lib_a-memcmp.o)
 .ARM.attributes
                0x00000306       0x2c c:/program files (x86)/gnu tools arm embedded/4.7 2013q2/bin/../lib/gcc/arm-none-eabi/4.7.4/../../../../arm-none-eabi/lib/armv6-m\libg.a(lib_a-memcpy.o)
 .ARM.attributes
                0x00000332       0x2c c:/program files (x86)/gnu tools arm embedded/4.7 2013q2/bin/../lib/gcc/arm-none-eabi/4.7.4/../../../../arm-none-eabi/lib/armv6-m\libg.a(lib_a-memset.o)

.debug_frame    0x00000000     0x1e18
 .debug_frame   0x00000000       0x50 ..\obj\enc28j60_jose.o
 .debug_frame   0x00000050       0x70 ..\obj\usart_jose.o
 .debug_frame   0x000000c0      0x4e4 ..\obj\stm32f0xx_rcc.o
 .debug_frame   0x000005a4      0x1cc ..\obj\stm32f0_spi_jose.o
 .debug_frame   0x00000770      0x104 ..\obj\main.o
 .debug_frame   0x00000874      0x5a0 ..\obj\tasks.o
 .debug_frame   0x00000e14      0x3f0 ..\obj\stm32f0xx_spi.o
 .debug_frame   0x00001204      0x1b0 ..\obj\stm32f0xx_gpio.o
 .debug_frame   0x000013b4       0xb0 ..\obj\list.o
 .debug_frame   0x00001464      0x630 ..\obj\stm32f0xx_usart.o
 .debug_frame   0x00001a94      0x174 ..\obj\port.o
 .debug_frame   0x00001c08       0x6c ..\obj\system_stm32f0xx.o
 .debug_frame   0x00001c74       0xf0 ..\obj\udpstack.o
 .debug_frame   0x00001d64       0x20 c:/program files (x86)/gnu tools arm embedded/4.7 2013q2/bin/../lib/gcc/arm-none-eabi/4.7.4/armv6-m\libgcc.a(_udivsi3.o)
 .debug_frame   0x00001d84       0x30 c:/program files (x86)/gnu tools arm embedded/4.7 2013q2/bin/../lib/gcc/arm-none-eabi/4.7.4/../../../../arm-none-eabi/lib/armv6-m\libg.a(lib_a-memcmp.o)
 .debug_frame   0x00001db4       0x34 c:/program files (x86)/gnu tools arm embedded/4.7 2013q2/bin/../lib/gcc/arm-none-eabi/4.7.4/../../../../arm-none-eabi/lib/armv6-m\libg.a(lib_a-memcpy.o)
 .debug_frame   0x00001de8       0x30 c:/program files (x86)/gnu tools arm embedded/4.7 2013q2/bin/../lib/gcc/arm-none-eabi/4.7.4/../../../../arm-none-eabi/lib/armv6-m\libg.a(lib_a-memset.o)
