Archive member included because of file (symbol)

c:/program files (x86)/gnu tools arm embedded/4.7 2013q2/bin/../lib/gcc/arm-none-eabi/4.7.4/armv6-m\libgcc.a(_udivsi3.o)
                              ..\obj\stm32f0xx_rcc.o (__aeabi_uidiv)
c:/program files (x86)/gnu tools arm embedded/4.7 2013q2/bin/../lib/gcc/arm-none-eabi/4.7.4/armv6-m\libgcc.a(_divsi3.o)
                              ..\obj\time.o (__aeabi_idiv)
c:/program files (x86)/gnu tools arm embedded/4.7 2013q2/bin/../lib/gcc/arm-none-eabi/4.7.4/armv6-m\libgcc.a(_dvmd_tls.o)
                              c:/program files (x86)/gnu tools arm embedded/4.7 2013q2/bin/../lib/gcc/arm-none-eabi/4.7.4/armv6-m\libgcc.a(_udivsi3.o) (__aeabi_idiv0)
c:/program files (x86)/gnu tools arm embedded/4.7 2013q2/bin/../lib/gcc/arm-none-eabi/4.7.4/../../../../arm-none-eabi/lib/armv6-m\libg.a(lib_a-memcmp.o)
                              ..\obj\ipstack.o (memcmp)
c:/program files (x86)/gnu tools arm embedded/4.7 2013q2/bin/../lib/gcc/arm-none-eabi/4.7.4/../../../../arm-none-eabi/lib/armv6-m\libg.a(lib_a-memcpy.o)
                              ..\obj\ipstack.o (memcpy)
c:/program files (x86)/gnu tools arm embedded/4.7 2013q2/bin/../lib/gcc/arm-none-eabi/4.7.4/../../../../arm-none-eabi/lib/armv6-m\libg.a(lib_a-memset.o)
                              ..\obj\ipstack.o (memset)
c:/program files (x86)/gnu tools arm embedded/4.7 2013q2/bin/../lib/gcc/arm-none-eabi/4.7.4/../../../../arm-none-eabi/lib/armv6-m\libg.a(lib_a-strlen.o)
                              ..\obj\ipstack.o (strlen)

Allocating common symbols
Common symbol       size              file

serverIP            0x4               ..\obj\ipstack.o
taskB_stk           0x200             ..\obj\main.o
taskA_stk           0x200             ..\obj\main.o

Discarded input sections

 .text          0x00000000        0x0 ..\obj\enc28j60.o
 .data          0x00000000        0x0 ..\obj\enc28j60.o
 .text.enc28j60_read_phy
                0x00000000       0x4c ..\obj\enc28j60.o
 .text          0x00000000        0x0 ..\obj\kernelHeap.o
 .data          0x00000000        0x0 ..\obj\kernelHeap.o
 .bss           0x00000000        0x0 ..\obj\kernelHeap.o
 .debug_info    0x00000000       0x59 ..\obj\kernelHeap.o
 .debug_abbrev  0x00000000       0x24 ..\obj\kernelHeap.o
 .debug_aranges
                0x00000000       0x18 ..\obj\kernelHeap.o
 .debug_line    0x00000000       0x1d ..\obj\kernelHeap.o
 .debug_str     0x00000000       0xf6 ..\obj\kernelHeap.o
 .comment       0x00000000       0x71 ..\obj\kernelHeap.o
 .ARM.attributes
                0x00000000       0x31 ..\obj\kernelHeap.o
 .text          0x00000000        0x0 ..\obj\usart_jose.o
 .data          0x00000000        0x0 ..\obj\usart_jose.o
 .bss           0x00000000        0x0 ..\obj\usart_jose.o
 .text.usartSendString
                0x00000000       0x44 ..\obj\usart_jose.o
 .text          0x00000000        0x0 ..\obj\core.o
 .data          0x00000000        0x0 ..\obj\core.o
 .text.CoEnterISR
                0x00000000       0x14 ..\obj\core.o
 .text.CoExitISR
                0x00000000       0x50 ..\obj\core.o
 .text.CoSchedLock
                0x00000000       0x1c ..\obj\core.o
 .text.CoSchedUnlock
                0x00000000        0xc ..\obj\core.o
 .text.CoGetOSVersion
                0x00000000       0x10 ..\obj\core.o
 .text          0x00000000        0x0 ..\obj\ipstack.o
 .bss           0x00000000        0x0 ..\obj\ipstack.o
 .text.add32    0x00000000       0xc8 ..\obj\ipstack.o
 .text.SetupBasicIPPacket
                0x00000000      0x110 ..\obj\ipstack.o
 .text.ackTcp   0x00000000      0x2d0 ..\obj\ipstack.o
 .text.SendPing
                0x00000000       0xec ..\obj\ipstack.o
 .text.DNSLookup
                0x00000000      0x3e8 ..\obj\ipstack.o
 .text.IPstackHTMLPost
                0x00000000      0x64c ..\obj\ipstack.o
 .text.printStruct
                0x00000000       0x3c ..\obj\ipstack.o
 COMMON         0x00000000        0x4 ..\obj\ipstack.o
 .text          0x00000000        0x0 ..\obj\stm32f0xx_rcc.o
 .bss           0x00000000        0x0 ..\obj\stm32f0xx_rcc.o
 .text.RCC_DeInit
                0x00000000       0x88 ..\obj\stm32f0xx_rcc.o
 .text.RCC_HSEConfig
                0x00000000       0x24 ..\obj\stm32f0xx_rcc.o
 .text.RCC_WaitForHSEStartUp
                0x00000000       0x60 ..\obj\stm32f0xx_rcc.o
 .text.RCC_AdjustHSICalibrationValue
                0x00000000       0x3c ..\obj\stm32f0xx_rcc.o
 .text.RCC_HSICmd
                0x00000000       0x38 ..\obj\stm32f0xx_rcc.o
 .text.RCC_AdjustHSI14CalibrationValue
                0x00000000       0x3c ..\obj\stm32f0xx_rcc.o
 .text.RCC_HSI14Cmd
                0x00000000       0x38 ..\obj\stm32f0xx_rcc.o
 .text.RCC_HSI14ADCRequestCmd
                0x00000000       0x38 ..\obj\stm32f0xx_rcc.o
 .text.RCC_LSEConfig
                0x00000000       0x38 ..\obj\stm32f0xx_rcc.o
 .text.RCC_LSEDriveConfig
                0x00000000       0x2c ..\obj\stm32f0xx_rcc.o
 .text.RCC_LSICmd
                0x00000000       0x38 ..\obj\stm32f0xx_rcc.o
 .text.RCC_PLLConfig
                0x00000000       0x34 ..\obj\stm32f0xx_rcc.o
 .text.RCC_PLLCmd
                0x00000000       0x40 ..\obj\stm32f0xx_rcc.o
 .text.RCC_PREDIV1Config
                0x00000000       0x34 ..\obj\stm32f0xx_rcc.o
 .text.RCC_ClockSecuritySystemCmd
                0x00000000       0x40 ..\obj\stm32f0xx_rcc.o
 .text.RCC_MCOConfig
                0x00000000       0x20 ..\obj\stm32f0xx_rcc.o
 .text.RCC_SYSCLKConfig
                0x00000000       0x34 ..\obj\stm32f0xx_rcc.o
 .text.RCC_GetSYSCLKSource
                0x00000000       0x1c ..\obj\stm32f0xx_rcc.o
 .text.RCC_HCLKConfig
                0x00000000       0x34 ..\obj\stm32f0xx_rcc.o
 .text.RCC_PCLKConfig
                0x00000000       0x38 ..\obj\stm32f0xx_rcc.o
 .text.RCC_ADCCLKConfig
                0x00000000       0x50 ..\obj\stm32f0xx_rcc.o
 .text.RCC_CECCLKConfig
                0x00000000       0x2c ..\obj\stm32f0xx_rcc.o
 .text.RCC_I2CCLKConfig
                0x00000000       0x2c ..\obj\stm32f0xx_rcc.o
 .text.RCC_USARTCLKConfig
                0x00000000       0x2c ..\obj\stm32f0xx_rcc.o
 .text.RCC_RTCCLKConfig
                0x00000000       0x20 ..\obj\stm32f0xx_rcc.o
 .text.RCC_RTCCLKCmd
                0x00000000       0x40 ..\obj\stm32f0xx_rcc.o
 .text.RCC_BackupResetCmd
                0x00000000       0x40 ..\obj\stm32f0xx_rcc.o
 .text.RCC_APB2PeriphClockCmd
                0x00000000       0x3c ..\obj\stm32f0xx_rcc.o
 .text.RCC_AHBPeriphResetCmd
                0x00000000       0x3c ..\obj\stm32f0xx_rcc.o
 .text.RCC_APB2PeriphResetCmd
                0x00000000       0x3c ..\obj\stm32f0xx_rcc.o
 .text.RCC_APB1PeriphResetCmd
                0x00000000       0x3c ..\obj\stm32f0xx_rcc.o
 .text.RCC_ITConfig
                0x00000000       0x50 ..\obj\stm32f0xx_rcc.o
 .text.RCC_GetFlagStatus
                0x00000000       0x90 ..\obj\stm32f0xx_rcc.o
 .text.RCC_ClearFlag
                0x00000000       0x1c ..\obj\stm32f0xx_rcc.o
 .text.RCC_GetITStatus
                0x00000000       0x44 ..\obj\stm32f0xx_rcc.o
 .text.RCC_ClearITPendingBit
                0x00000000       0x20 ..\obj\stm32f0xx_rcc.o
 .text          0x00000000        0x0 ..\obj\timer.o
 .data          0x00000000        0x0 ..\obj\timer.o
 .bss           0x00000000        0x0 ..\obj\timer.o
 .debug_info    0x00000000       0x59 ..\obj\timer.o
 .debug_abbrev  0x00000000       0x24 ..\obj\timer.o
 .debug_aranges
                0x00000000       0x18 ..\obj\timer.o
 .debug_line    0x00000000       0x1d ..\obj\timer.o
 .debug_str     0x00000000       0xf1 ..\obj\timer.o
 .comment       0x00000000       0x71 ..\obj\timer.o
 .ARM.attributes
                0x00000000       0x31 ..\obj\timer.o
 .text          0x00000000        0x0 ..\obj\utility.o
 .data          0x00000000        0x0 ..\obj\utility.o
 .bss           0x00000000        0x0 ..\obj\utility.o
 .debug_info    0x00000000       0x59 ..\obj\utility.o
 .debug_abbrev  0x00000000       0x24 ..\obj\utility.o
 .debug_aranges
                0x00000000       0x18 ..\obj\utility.o
 .debug_line    0x00000000       0x1d ..\obj\utility.o
 .debug_str     0x00000000       0xf3 ..\obj\utility.o
 .comment       0x00000000       0x71 ..\obj\utility.o
 .ARM.attributes
                0x00000000       0x31 ..\obj\utility.o
 .text          0x00000000        0x0 ..\obj\task.o
 .data          0x00000000        0x0 ..\obj\task.o
 .text.CoDelTask
                0x00000000       0xbc ..\obj\task.o
 .text.CoExitTask
                0x00000000       0x18 ..\obj\task.o
 .text.CoGetCurTaskID
                0x00000000       0x14 ..\obj\task.o
 .text          0x00000000        0x0 ..\obj\serviceReq.o
 .data          0x00000000        0x0 ..\obj\serviceReq.o
 .text.InsertInSRQ
                0x00000000       0x98 ..\obj\serviceReq.o
 .text          0x00000000        0x0 ..\obj\main.o
 .data          0x00000000        0x0 ..\obj\main.o
 .bss           0x00000000        0x0 ..\obj\main.o
 .text          0x00000000       0x14 ..\obj\startup_stm32f0xx.o
 .data          0x00000000        0x0 ..\obj\startup_stm32f0xx.o
 .bss           0x00000000        0x0 ..\obj\startup_stm32f0xx.o
 .text          0x00000000        0x0 ..\obj\mbox.o
 .data          0x00000000        0x0 ..\obj\mbox.o
 .bss           0x00000000        0x0 ..\obj\mbox.o
 .debug_info    0x00000000       0x59 ..\obj\mbox.o
 .debug_abbrev  0x00000000       0x24 ..\obj\mbox.o
 .debug_aranges
                0x00000000       0x18 ..\obj\mbox.o
 .debug_line    0x00000000       0x1d ..\obj\mbox.o
 .debug_str     0x00000000       0xf0 ..\obj\mbox.o
 .comment       0x00000000       0x71 ..\obj\mbox.o
 .ARM.attributes
                0x00000000       0x31 ..\obj\mbox.o
 .text          0x00000000        0x0 ..\obj\mm.o
 .data          0x00000000        0x0 ..\obj\mm.o
 .bss           0x00000000        0x0 ..\obj\mm.o
 .debug_info    0x00000000       0x59 ..\obj\mm.o
 .debug_abbrev  0x00000000       0x24 ..\obj\mm.o
 .debug_aranges
                0x00000000       0x18 ..\obj\mm.o
 .debug_line    0x00000000       0x1d ..\obj\mm.o
 .debug_str     0x00000000       0xee ..\obj\mm.o
 .comment       0x00000000       0x71 ..\obj\mm.o
 .ARM.attributes
                0x00000000       0x31 ..\obj\mm.o
 .text          0x00000000        0x0 ..\obj\stm32f0xx_spi.o
 .data          0x00000000        0x0 ..\obj\stm32f0xx_spi.o
 .bss           0x00000000        0x0 ..\obj\stm32f0xx_spi.o
 .text.SPI_I2S_DeInit
                0x00000000       0x58 ..\obj\stm32f0xx_spi.o
 .text.SPI_StructInit
                0x00000000       0x48 ..\obj\stm32f0xx_spi.o
 .text.I2S_StructInit
                0x00000000       0x34 ..\obj\stm32f0xx_spi.o
 .text.I2S_Init
                0x00000000      0x1c0 ..\obj\stm32f0xx_spi.o
 .text.SPI_TIModeCmd
                0x00000000       0x40 ..\obj\stm32f0xx_spi.o
 .text.I2S_Cmd  0x00000000       0x44 ..\obj\stm32f0xx_spi.o
 .text.SPI_DataSizeConfig
                0x00000000       0x58 ..\obj\stm32f0xx_spi.o
 .text.SPI_BiDirectionalLineConfig
                0x00000000       0x48 ..\obj\stm32f0xx_spi.o
 .text.SPI_NSSInternalSoftwareConfig
                0x00000000       0x4c ..\obj\stm32f0xx_spi.o
 .text.SPI_SSOutputCmd
                0x00000000       0x40 ..\obj\stm32f0xx_spi.o
 .text.SPI_NSSPulseModeCmd
                0x00000000       0x40 ..\obj\stm32f0xx_spi.o
 .text.SPI_I2S_SendData16
                0x00000000       0x1c ..\obj\stm32f0xx_spi.o
 .text.SPI_I2S_ReceiveData16
                0x00000000       0x18 ..\obj\stm32f0xx_spi.o
 .text.SPI_CRCLengthConfig
                0x00000000       0x3c ..\obj\stm32f0xx_spi.o
 .text.SPI_TransmitCRC
                0x00000000       0x20 ..\obj\stm32f0xx_spi.o
 .text.SPI_GetCRC
                0x00000000       0x44 ..\obj\stm32f0xx_spi.o
 .text.SPI_GetCRCPolynomial
                0x00000000       0x18 ..\obj\stm32f0xx_spi.o
 .text.SPI_I2S_DMACmd
                0x00000000       0x48 ..\obj\stm32f0xx_spi.o
 .text.SPI_LastDMATransferCmd
                0x00000000       0x3c ..\obj\stm32f0xx_spi.o
 .text.SPI_I2S_ITConfig
                0x00000000       0x7c ..\obj\stm32f0xx_spi.o
 .text.SPI_GetTransmissionFIFOStatus
                0x00000000       0x20 ..\obj\stm32f0xx_spi.o
 .text.SPI_GetReceptionFIFOStatus
                0x00000000       0x20 ..\obj\stm32f0xx_spi.o
 .text.SPI_I2S_ClearFlag
                0x00000000       0x20 ..\obj\stm32f0xx_spi.o
 .text.SPI_I2S_GetITStatus
                0x00000000       0xb0 ..\obj\stm32f0xx_spi.o
 .text          0x00000000        0x0 ..\obj\stm32f0xx_gpio.o
 .data          0x00000000        0x0 ..\obj\stm32f0xx_gpio.o
 .bss           0x00000000        0x0 ..\obj\stm32f0xx_gpio.o
 .text.GPIO_DeInit
                0x00000000       0xc8 ..\obj\stm32f0xx_gpio.o
 .text.GPIO_PinLockConfig
                0x00000000       0x44 ..\obj\stm32f0xx_gpio.o
 .text.GPIO_ReadInputDataBit
                0x00000000       0x48 ..\obj\stm32f0xx_gpio.o
 .text.GPIO_ReadInputData
                0x00000000       0x18 ..\obj\stm32f0xx_gpio.o
 .text.GPIO_ReadOutputDataBit
                0x00000000       0x48 ..\obj\stm32f0xx_gpio.o
 .text.GPIO_ReadOutputData
                0x00000000       0x18 ..\obj\stm32f0xx_gpio.o
 .text.GPIO_WriteBit
                0x00000000       0x30 ..\obj\stm32f0xx_gpio.o
 .text.GPIO_Write
                0x00000000       0x1c ..\obj\stm32f0xx_gpio.o
 .text          0x00000000        0x0 ..\obj\time.o
 .data          0x00000000        0x0 ..\obj\time.o
 .text.CoGetOSTime
                0x00000000       0x18 ..\obj\time.o
 .text.CoResetTaskDelayTick
                0x00000000       0x70 ..\obj\time.o
 .text.CoTimeDelay
                0x00000000       0x84 ..\obj\time.o
 .text          0x00000000        0x0 ..\obj\event.o
 .data          0x00000000        0x0 ..\obj\event.o
 .text.ReleaseECB
                0x00000000       0x44 ..\obj\event.o
 .text.CreatEvent
                0x00000000       0x98 ..\obj\event.o
 .text.DeleteEvent
                0x00000000       0x98 ..\obj\event.o
 .text.EventTaskToWait
                0x00000000      0x104 ..\obj\event.o
 .text          0x00000000        0x0 ..\obj\stm32f0xx_usart.o
 .data          0x00000000        0x0 ..\obj\stm32f0xx_usart.o
 .bss           0x00000000        0x0 ..\obj\stm32f0xx_usart.o
 .text.USART_DeInit
                0x00000000       0x58 ..\obj\stm32f0xx_usart.o
 .text.USART_StructInit
                0x00000000       0x34 ..\obj\stm32f0xx_usart.o
 .text.USART_ClockInit
                0x00000000       0x48 ..\obj\stm32f0xx_usart.o
 .text.USART_ClockStructInit
                0x00000000       0x28 ..\obj\stm32f0xx_usart.o
 .text.USART_DirectionModeCmd
                0x00000000       0x38 ..\obj\stm32f0xx_usart.o
 .text.USART_OverSampling8Cmd
                0x00000000       0x3c ..\obj\stm32f0xx_usart.o
 .text.USART_OneBitMethodCmd
                0x00000000       0x3c ..\obj\stm32f0xx_usart.o
 .text.USART_MSBFirstCmd
                0x00000000       0x3c ..\obj\stm32f0xx_usart.o
 .text.USART_DataInvCmd
                0x00000000       0x3c ..\obj\stm32f0xx_usart.o
 .text.USART_InvPinCmd
                0x00000000       0x38 ..\obj\stm32f0xx_usart.o
 .text.USART_SWAPPinCmd
                0x00000000       0x3c ..\obj\stm32f0xx_usart.o
 .text.USART_ReceiverTimeOutCmd
                0x00000000       0x3c ..\obj\stm32f0xx_usart.o
 .text.USART_SetReceiverTimeOut
                0x00000000       0x28 ..\obj\stm32f0xx_usart.o
 .text.USART_SetPrescaler
                0x00000000       0x38 ..\obj\stm32f0xx_usart.o
 .text.USART_STOPModeCmd
                0x00000000       0x3c ..\obj\stm32f0xx_usart.o
 .text.USART_StopModeWakeUpSourceConfig
                0x00000000       0x2c ..\obj\stm32f0xx_usart.o
 .text.USART_AutoBaudRateCmd
                0x00000000       0x3c ..\obj\stm32f0xx_usart.o
 .text.USART_AutoBaudRateConfig
                0x00000000       0x2c ..\obj\stm32f0xx_usart.o
 .text.USART_ReceiveData
                0x00000000       0x1c ..\obj\stm32f0xx_usart.o
 .text.USART_SetAddress
                0x00000000       0x30 ..\obj\stm32f0xx_usart.o
 .text.USART_MuteModeCmd
                0x00000000       0x3c ..\obj\stm32f0xx_usart.o
 .text.USART_MuteModeWakeUpConfig
                0x00000000       0x2c ..\obj\stm32f0xx_usart.o
 .text.USART_AddressDetectionConfig
                0x00000000       0x2c ..\obj\stm32f0xx_usart.o
 .text.USART_LINBreakDetectLengthConfig
                0x00000000       0x2c ..\obj\stm32f0xx_usart.o
 .text.USART_LINCmd
                0x00000000       0x3c ..\obj\stm32f0xx_usart.o
 .text.USART_HalfDuplexCmd
                0x00000000       0x3c ..\obj\stm32f0xx_usart.o
 .text.USART_SetGuardTime
                0x00000000       0x3c ..\obj\stm32f0xx_usart.o
 .text.USART_SmartCardCmd
                0x00000000       0x3c ..\obj\stm32f0xx_usart.o
 .text.USART_SmartCardNACKCmd
                0x00000000       0x3c ..\obj\stm32f0xx_usart.o
 .text.USART_SetAutoRetryCount
                0x00000000       0x34 ..\obj\stm32f0xx_usart.o
 .text.USART_SetBlockLength
                0x00000000       0x30 ..\obj\stm32f0xx_usart.o
 .text.USART_IrDAConfig
                0x00000000       0x2c ..\obj\stm32f0xx_usart.o
 .text.USART_IrDACmd
                0x00000000       0x3c ..\obj\stm32f0xx_usart.o
 .text.USART_DECmd
                0x00000000       0x3c ..\obj\stm32f0xx_usart.o
 .text.USART_DEPolarityConfig
                0x00000000       0x2c ..\obj\stm32f0xx_usart.o
 .text.USART_SetDEAssertionTime
                0x00000000       0x30 ..\obj\stm32f0xx_usart.o
 .text.USART_SetDEDeassertionTime
                0x00000000       0x30 ..\obj\stm32f0xx_usart.o
 .text.USART_DMACmd
                0x00000000       0x38 ..\obj\stm32f0xx_usart.o
 .text.USART_DMAReceptionErrorConfig
                0x00000000       0x2c ..\obj\stm32f0xx_usart.o
 .text.USART_ITConfig
                0x00000000       0x84 ..\obj\stm32f0xx_usart.o
 .text.USART_RequestCmd
                0x00000000       0x48 ..\obj\stm32f0xx_usart.o
 .text.USART_OverrunDetectionConfig
                0x00000000       0x2c ..\obj\stm32f0xx_usart.o
 .text.USART_ClearFlag
                0x00000000       0x18 ..\obj\stm32f0xx_usart.o
 .text.USART_GetITStatus
                0x00000000       0xb4 ..\obj\stm32f0xx_usart.o
 .text.USART_ClearITPendingBit
                0x00000000       0x30 ..\obj\stm32f0xx_usart.o
 .text          0x00000000        0x0 ..\obj\port.o
 .bss           0x00000000        0x0 ..\obj\port.o
 .text.Inc8     0x00000000       0x2c ..\obj\port.o
 .text.Dec8     0x00000000       0x28 ..\obj\port.o
 .text          0x00000000        0x0 ..\obj\queue.o
 .data          0x00000000        0x0 ..\obj\queue.o
 .bss           0x00000000        0x0 ..\obj\queue.o
 .debug_info    0x00000000       0x59 ..\obj\queue.o
 .debug_abbrev  0x00000000       0x24 ..\obj\queue.o
 .debug_aranges
                0x00000000       0x18 ..\obj\queue.o
 .debug_line    0x00000000       0x1d ..\obj\queue.o
 .debug_str     0x00000000       0xf1 ..\obj\queue.o
 .comment       0x00000000       0x71 ..\obj\queue.o
 .ARM.attributes
                0x00000000       0x31 ..\obj\queue.o
 .text          0x00000000        0x0 ..\obj\mutex.o
 .data          0x00000000        0x0 ..\obj\mutex.o
 .bss           0x00000000        0x0 ..\obj\mutex.o
 .debug_info    0x00000000       0x59 ..\obj\mutex.o
 .debug_abbrev  0x00000000       0x24 ..\obj\mutex.o
 .debug_aranges
                0x00000000       0x18 ..\obj\mutex.o
 .debug_line    0x00000000       0x1d ..\obj\mutex.o
 .debug_str     0x00000000       0xf1 ..\obj\mutex.o
 .comment       0x00000000       0x71 ..\obj\mutex.o
 .ARM.attributes
                0x00000000       0x31 ..\obj\mutex.o
 .text          0x00000000        0x0 ..\obj\flag.o
 .data          0x00000000        0x0 ..\obj\flag.o
 .bss           0x00000000        0x0 ..\obj\flag.o
 .debug_info    0x00000000       0x59 ..\obj\flag.o
 .debug_abbrev  0x00000000       0x24 ..\obj\flag.o
 .debug_aranges
                0x00000000       0x18 ..\obj\flag.o
 .debug_line    0x00000000       0x1d ..\obj\flag.o
 .debug_str     0x00000000       0xf0 ..\obj\flag.o
 .comment       0x00000000       0x71 ..\obj\flag.o
 .ARM.attributes
                0x00000000       0x31 ..\obj\flag.o
 .text          0x00000000        0x0 ..\obj\system_stm32f0xx.o
 .data          0x00000000       0x14 ..\obj\system_stm32f0xx.o
 .bss           0x00000000        0x0 ..\obj\system_stm32f0xx.o
 .text.SystemCoreClockUpdate
                0x00000000       0xd0 ..\obj\system_stm32f0xx.o
 .text          0x00000000        0x0 ..\obj\arch.o
 .data          0x00000000        0x0 ..\obj\arch.o
 .text          0x00000000        0x0 ..\obj\sem.o
 .data          0x00000000        0x0 ..\obj\sem.o
 .bss           0x00000000        0x0 ..\obj\sem.o
 .text.CoCreateSem
                0x00000000       0x4c ..\obj\sem.o
 .text.CoDelSem
                0x00000000       0x3c ..\obj\sem.o
 .text.CoAcceptSem
                0x00000000       0x58 ..\obj\sem.o
 .text.CoPendSem
                0x00000000       0xdc ..\obj\sem.o
 .text.isr_PostSem
                0x00000000       0x4c ..\obj\sem.o
 .text          0x00000000        0x0 ..\obj\hook.o
 .data          0x00000000        0x0 ..\obj\hook.o
 .bss           0x00000000        0x0 ..\obj\hook.o
 .text.CoStkOverflowHook
                0x00000000       0x10 ..\obj\hook.o
 .text          0x00000000        0x0 ..\obj\core_cm0.o
 .data          0x00000000        0x0 ..\obj\core_cm0.o
 .bss           0x00000000        0x0 ..\obj\core_cm0.o
 .text.__get_PSP
                0x00000000       0x10 ..\obj\core_cm0.o
 .text.__set_PSP
                0x00000000        0x8 ..\obj\core_cm0.o
 .text.__get_MSP
                0x00000000       0x10 ..\obj\core_cm0.o
 .text.__set_MSP
                0x00000000        0x8 ..\obj\core_cm0.o
 .text.__get_PRIMASK
                0x00000000       0x1c ..\obj\core_cm0.o
 .text.__set_PRIMASK
                0x00000000       0x14 ..\obj\core_cm0.o
 .text.__get_CONTROL
                0x00000000       0x1c ..\obj\core_cm0.o
 .text.__set_CONTROL
                0x00000000       0x14 ..\obj\core_cm0.o
 .text.__REV    0x00000000       0x1c ..\obj\core_cm0.o
 .text.__REV16  0x00000000       0x24 ..\obj\core_cm0.o
 .text.__REVSH  0x00000000       0x24 ..\obj\core_cm0.o
 .debug_info    0x00000000      0x2ae ..\obj\core_cm0.o
 .debug_abbrev  0x00000000       0xdb ..\obj\core_cm0.o
 .debug_loc     0x00000000      0x188 ..\obj\core_cm0.o
 .debug_aranges
                0x00000000       0x70 ..\obj\core_cm0.o
 .debug_ranges  0x00000000       0x60 ..\obj\core_cm0.o
 .debug_line    0x00000000      0x1ba ..\obj\core_cm0.o
 .debug_str     0x00000000      0x1d8 ..\obj\core_cm0.o
 .comment       0x00000000       0x71 ..\obj\core_cm0.o
 .ARM.attributes
                0x00000000       0x31 ..\obj\core_cm0.o
 .debug_frame   0x00000000      0x130 ..\obj\core_cm0.o
 .data          0x00000000        0x0 c:/program files (x86)/gnu tools arm embedded/4.7 2013q2/bin/../lib/gcc/arm-none-eabi/4.7.4/armv6-m\libgcc.a(_udivsi3.o)
 .bss           0x00000000        0x0 c:/program files (x86)/gnu tools arm embedded/4.7 2013q2/bin/../lib/gcc/arm-none-eabi/4.7.4/armv6-m\libgcc.a(_udivsi3.o)
 .data          0x00000000        0x0 c:/program files (x86)/gnu tools arm embedded/4.7 2013q2/bin/../lib/gcc/arm-none-eabi/4.7.4/armv6-m\libgcc.a(_divsi3.o)
 .bss           0x00000000        0x0 c:/program files (x86)/gnu tools arm embedded/4.7 2013q2/bin/../lib/gcc/arm-none-eabi/4.7.4/armv6-m\libgcc.a(_divsi3.o)
 .data          0x00000000        0x0 c:/program files (x86)/gnu tools arm embedded/4.7 2013q2/bin/../lib/gcc/arm-none-eabi/4.7.4/armv6-m\libgcc.a(_dvmd_tls.o)
 .bss           0x00000000        0x0 c:/program files (x86)/gnu tools arm embedded/4.7 2013q2/bin/../lib/gcc/arm-none-eabi/4.7.4/armv6-m\libgcc.a(_dvmd_tls.o)
 .text          0x00000000        0x0 c:/program files (x86)/gnu tools arm embedded/4.7 2013q2/bin/../lib/gcc/arm-none-eabi/4.7.4/../../../../arm-none-eabi/lib/armv6-m\libg.a(lib_a-memcmp.o)
 .data          0x00000000        0x0 c:/program files (x86)/gnu tools arm embedded/4.7 2013q2/bin/../lib/gcc/arm-none-eabi/4.7.4/../../../../arm-none-eabi/lib/armv6-m\libg.a(lib_a-memcmp.o)
 .bss           0x00000000        0x0 c:/program files (x86)/gnu tools arm embedded/4.7 2013q2/bin/../lib/gcc/arm-none-eabi/4.7.4/../../../../arm-none-eabi/lib/armv6-m\libg.a(lib_a-memcmp.o)
 .text          0x00000000        0x0 c:/program files (x86)/gnu tools arm embedded/4.7 2013q2/bin/../lib/gcc/arm-none-eabi/4.7.4/../../../../arm-none-eabi/lib/armv6-m\libg.a(lib_a-memcpy.o)
 .data          0x00000000        0x0 c:/program files (x86)/gnu tools arm embedded/4.7 2013q2/bin/../lib/gcc/arm-none-eabi/4.7.4/../../../../arm-none-eabi/lib/armv6-m\libg.a(lib_a-memcpy.o)
 .bss           0x00000000        0x0 c:/program files (x86)/gnu tools arm embedded/4.7 2013q2/bin/../lib/gcc/arm-none-eabi/4.7.4/../../../../arm-none-eabi/lib/armv6-m\libg.a(lib_a-memcpy.o)
 .text          0x00000000        0x0 c:/program files (x86)/gnu tools arm embedded/4.7 2013q2/bin/../lib/gcc/arm-none-eabi/4.7.4/../../../../arm-none-eabi/lib/armv6-m\libg.a(lib_a-memset.o)
 .data          0x00000000        0x0 c:/program files (x86)/gnu tools arm embedded/4.7 2013q2/bin/../lib/gcc/arm-none-eabi/4.7.4/../../../../arm-none-eabi/lib/armv6-m\libg.a(lib_a-memset.o)
 .bss           0x00000000        0x0 c:/program files (x86)/gnu tools arm embedded/4.7 2013q2/bin/../lib/gcc/arm-none-eabi/4.7.4/../../../../arm-none-eabi/lib/armv6-m\libg.a(lib_a-memset.o)
 .text          0x00000000        0x0 c:/program files (x86)/gnu tools arm embedded/4.7 2013q2/bin/../lib/gcc/arm-none-eabi/4.7.4/../../../../arm-none-eabi/lib/armv6-m\libg.a(lib_a-strlen.o)
 .data          0x00000000        0x0 c:/program files (x86)/gnu tools arm embedded/4.7 2013q2/bin/../lib/gcc/arm-none-eabi/4.7.4/../../../../arm-none-eabi/lib/armv6-m\libg.a(lib_a-strlen.o)
 .bss           0x00000000        0x0 c:/program files (x86)/gnu tools arm embedded/4.7 2013q2/bin/../lib/gcc/arm-none-eabi/4.7.4/../../../../arm-none-eabi/lib/armv6-m\libg.a(lib_a-strlen.o)
 .text.strlen   0x00000000       0x10 c:/program files (x86)/gnu tools arm embedded/4.7 2013q2/bin/../lib/gcc/arm-none-eabi/4.7.4/../../../../arm-none-eabi/lib/armv6-m\libg.a(lib_a-strlen.o)
 .ARM.attributes
                0x00000000       0x2c c:/program files (x86)/gnu tools arm embedded/4.7 2013q2/bin/../lib/gcc/arm-none-eabi/4.7.4/../../../../arm-none-eabi/lib/armv6-m\libg.a(lib_a-strlen.o)
 .debug_frame   0x00000000       0x20 c:/program files (x86)/gnu tools arm embedded/4.7 2013q2/bin/../lib/gcc/arm-none-eabi/4.7.4/../../../../arm-none-eabi/lib/armv6-m\libg.a(lib_a-strlen.o)

Memory Configuration

Name             Origin             Length             Attributes
rom              0x08000000         0x00010000         xr
ram              0x20000000         0x00002000         xrw
*default*        0x00000000         0xffffffff

Linker script and memory map

                0x20002000                _eram = 0x20002000

.text           0x08000000     0x2b3c
 *(.isr_vector .isr_vector.*)
 .isr_vector    0x08000000       0xc4 ..\obj\startup_stm32f0xx.o
                0x08000000                g_pfnVectors
 *(.text .text.* .gnu.linkonce.t.*)
 .text.enc28j60_rxtx
                0x080000c4       0x54 ..\obj\enc28j60.o
                0x080000c4                enc28j60_rxtx
 .text.enc28j60_read_op
                0x08000118       0x7c ..\obj\enc28j60.o
                0x08000118                enc28j60_read_op
 .text.enc28j60_write_op
                0x08000194       0x60 ..\obj\enc28j60.o
                0x08000194                enc28j60_write_op
 .text.enc28j60_soft_reset
                0x080001f4       0x54 ..\obj\enc28j60.o
                0x080001f4                enc28j60_soft_reset
 .text.enc28j60_set_bank
                0x08000248       0x68 ..\obj\enc28j60.o
                0x08000248                enc28j60_set_bank
 .text.enc28j60_rcr
                0x080002b0       0x2c ..\obj\enc28j60.o
                0x080002b0                enc28j60_rcr
 .text.enc28j60_rcr16
                0x080002dc       0x4c ..\obj\enc28j60.o
                0x080002dc                enc28j60_rcr16
 .text.enc28j60_wcr
                0x08000328       0x34 ..\obj\enc28j60.o
                0x08000328                enc28j60_wcr
 .text.enc28j60_wcr16
                0x0800035c       0x54 ..\obj\enc28j60.o
                0x0800035c                enc28j60_wcr16
 .text.enc28j60_bfc
                0x080003b0       0x34 ..\obj\enc28j60.o
                0x080003b0                enc28j60_bfc
 .text.enc28j60_bfs
                0x080003e4       0x34 ..\obj\enc28j60.o
                0x080003e4                enc28j60_bfs
 .text.enc28j60_read_buffer
                0x08000418       0x68 ..\obj\enc28j60.o
                0x08000418                enc28j60_read_buffer
 .text.enc28j60_write_buffer
                0x08000480       0x64 ..\obj\enc28j60.o
                0x08000480                enc28j60_write_buffer
 .text.enc28j60_write_phy
                0x080004e4       0x44 ..\obj\enc28j60.o
                0x080004e4                enc28j60_write_phy
 .text.enc28j60_init
                0x08000528      0x2b0 ..\obj\enc28j60.o
                0x08000528                enc28j60_init
 .text.enc28j60_send_packet
                0x080007d8       0x98 ..\obj\enc28j60.o
                0x080007d8                enc28j60_send_packet
 .text.enc28j60_recv_packet
                0x08000870       0xd4 ..\obj\enc28j60.o
                0x08000870                enc28j60_recv_packet
 .text.usartInit
                0x08000944       0xbc ..\obj\usart_jose.o
                0x08000944                usartInit
 .text.usartSend
                0x08000a00       0x38 ..\obj\usart_jose.o
                0x08000a00                usartSend
 .text.OsSchedUnlock
                0x08000a38       0x50 ..\obj\core.o
                0x08000a38                OsSchedUnlock
 .text.CoInitOS
                0x08000a88       0x80 ..\obj\core.o
                0x08000a88                CoInitOS
 .text.CoStartOS
                0x08000b08       0x38 ..\obj\core.o
                0x08000b08                CoStartOS
 .text.chksum   0x08000b40       0xbc ..\obj\ipstack.o
 .text.SendArpPacket
                0x08000bfc       0xf0 ..\obj\ipstack.o
                0x08000bfc                SendArpPacket
 .text.ReplyArpPacket
                0x08000cec       0xcc ..\obj\ipstack.o
                0x08000cec                ReplyArpPacket
 .text.PingReply
                0x08000db8      0x178 ..\obj\ipstack.o
                0x08000db8                PingReply
 .text.GetPacket
                0x08000f30       0xd4 ..\obj\ipstack.o
                0x08000f30                GetPacket
 .text.IPstackInit
                0x08001004      0x11c ..\obj\ipstack.o
                0x08001004                IPstackInit
 .text.IPstackIdle
                0x08001120       0x1c ..\obj\ipstack.o
                0x08001120                IPstackIdle
 .text.RCC_GetClocksFreq
                0x0800113c      0x1cc ..\obj\stm32f0xx_rcc.o
                0x0800113c                RCC_GetClocksFreq
 .text.RCC_AHBPeriphClockCmd
                0x08001308       0x3c ..\obj\stm32f0xx_rcc.o
                0x08001308                RCC_AHBPeriphClockCmd
 .text.RCC_APB1PeriphClockCmd
                0x08001344       0x3c ..\obj\stm32f0xx_rcc.o
                0x08001344                RCC_APB1PeriphClockCmd
 .text.CreateTCBList
                0x08001380       0x7c ..\obj\task.o
                0x08001380                CreateTCBList
 .text.InsertToTCBRdyList
                0x080013fc       0xb0 ..\obj\task.o
                0x080013fc                InsertToTCBRdyList
 .text.RemoveFromTCBRdyList
                0x080014ac       0x84 ..\obj\task.o
                0x080014ac                RemoveFromTCBRdyList
 .text.Schedule
                0x08001530       0xbc ..\obj\task.o
                0x08001530                Schedule
 .text.AssignTCB
                0x080015ec       0x4c ..\obj\task.o
 .text.CreateTask
                0x08001638       0xb0 ..\obj\task.o
                0x08001638                CreateTask
 .text.RespondSRQ
                0x080016e8       0xa4 ..\obj\serviceReq.o
                0x080016e8                RespondSRQ
 .text.LED_init
                0x0800178c       0x58 ..\obj\main.o
                0x0800178c                LED_init
 .text.taskA    0x080017e4        0xc ..\obj\main.o
 .text.taskB    0x080017f0       0x14 ..\obj\main.o
 .text.main     0x08001804       0x54 ..\obj\main.o
                0x08001804                main
 .text.Reset_Handler
                0x08001858       0x44 ..\obj\startup_stm32f0xx.o
                0x08001858                Reset_Handler
 .text.Default_Handler
                0x0800189c        0x2 ..\obj\startup_stm32f0xx.o
                0x0800189c                TIM1_CC_IRQHandler
                0x0800189c                HardFault_Handler
                0x0800189c                ADC1_COMP_IRQHandler
                0x0800189c                PVD_IRQHandler
                0x0800189c                NMI_Handler
                0x0800189c                I2C1_IRQHandler
                0x0800189c                SPI1_IRQHandler
                0x0800189c                TIM6_DAC_IRQHandler
                0x0800189c                EXTI2_3_IRQHandler
                0x0800189c                I2C2_IRQHandler
                0x0800189c                TIM17_IRQHandler
                0x0800189c                RTC_IRQHandler
                0x0800189c                TIM16_IRQHandler
                0x0800189c                TIM3_IRQHandler
                0x0800189c                EXTI4_15_IRQHandler
                0x0800189c                RCC_IRQHandler
                0x0800189c                DMA1_Channel1_IRQHandler
                0x0800189c                Default_Handler
                0x0800189c                CEC_IRQHandler
                0x0800189c                TIM14_IRQHandler
                0x0800189c                DMA1_Channel4_5_IRQHandler
                0x0800189c                TIM15_IRQHandler
                0x0800189c                EXTI0_1_IRQHandler
                0x0800189c                SPI2_IRQHandler
                0x0800189c                SVC_Handler
                0x0800189c                TS_IRQHandler
                0x0800189c                WWDG_IRQHandler
                0x0800189c                TIM2_IRQHandler
                0x0800189c                DMA1_Channel2_3_IRQHandler
                0x0800189c                USART2_IRQHandler
                0x0800189c                FLASH_IRQHandler
                0x0800189c                USART1_IRQHandler
                0x0800189c                TIM1_BRK_UP_TRG_COM_IRQHandler
 *fill*         0x0800189e        0x2 00
 .text.SPI_Init
                0x080018a0      0x104 ..\obj\stm32f0xx_spi.o
                0x080018a0                SPI_Init
 .text.SPI_Cmd  0x080019a4       0x40 ..\obj\stm32f0xx_spi.o
                0x080019a4                SPI_Cmd
 .text.SPI_RxFIFOThresholdConfig
                0x080019e4       0x3c ..\obj\stm32f0xx_spi.o
                0x080019e4                SPI_RxFIFOThresholdConfig
 .text.SPI_SendData8
                0x08001a20       0x2c ..\obj\stm32f0xx_spi.o
                0x08001a20                SPI_SendData8
 .text.SPI_ReceiveData8
                0x08001a4c       0x24 ..\obj\stm32f0xx_spi.o
                0x08001a4c                SPI_ReceiveData8
 .text.SPI_CalculateCRC
                0x08001a70       0x44 ..\obj\stm32f0xx_spi.o
                0x08001a70                SPI_CalculateCRC
 .text.SPI_I2S_GetFlagStatus
                0x08001ab4       0x48 ..\obj\stm32f0xx_spi.o
                0x08001ab4                SPI_I2S_GetFlagStatus
 .text.GPIO_Init
                0x08001afc      0x138 ..\obj\stm32f0xx_gpio.o
                0x08001afc                GPIO_Init
 .text.GPIO_StructInit
                0x08001c34       0x30 ..\obj\stm32f0xx_gpio.o
                0x08001c34                GPIO_StructInit
 .text.GPIO_SetBits
                0x08001c64       0x1c ..\obj\stm32f0xx_gpio.o
                0x08001c64                GPIO_SetBits
 .text.GPIO_ResetBits
                0x08001c80       0x1c ..\obj\stm32f0xx_gpio.o
                0x08001c80                GPIO_ResetBits
 .text.GPIO_PinAFConfig
                0x08001c9c       0x9c ..\obj\stm32f0xx_gpio.o
                0x08001c9c                GPIO_PinAFConfig
 .text.InsertDelayList
                0x08001d38       0xec ..\obj\time.o
                0x08001d38                InsertDelayList
 .text.RemoveDelayList
                0x08001e24       0xb0 ..\obj\time.o
                0x08001e24                RemoveDelayList
 .text.CoTickDelay
                0x08001ed4       0x70 ..\obj\time.o
                0x08001ed4                CoTickDelay
 .text.TimeDispose
                0x08001f44       0x68 ..\obj\time.o
                0x08001f44                TimeDispose
 .text.isr_TimeDispose
                0x08001fac       0x30 ..\obj\time.o
                0x08001fac                isr_TimeDispose
 .text.CreateEventList
                0x08001fdc       0x90 ..\obj\event.o
                0x08001fdc                CreateEventList
 .text.EventTaskToRdy
                0x0800206c       0x98 ..\obj\event.o
                0x0800206c                EventTaskToRdy
 .text.RemoveEventWaittingList
                0x08002104       0x94 ..\obj\event.o
                0x08002104                RemoveEventWaittingList
 .text.USART_Init
                0x08002198      0x160 ..\obj\stm32f0xx_usart.o
                0x08002198                USART_Init
 .text.USART_Cmd
                0x080022f8       0x3c ..\obj\stm32f0xx_usart.o
                0x080022f8                USART_Cmd
 .text.USART_SendData
                0x08002334       0x24 ..\obj\stm32f0xx_usart.o
                0x08002334                USART_SendData
 .text.USART_GetFlagStatus
                0x08002358       0x3c ..\obj\stm32f0xx_usart.o
                0x08002358                USART_GetFlagStatus
 .text.IRQ_ENABLE_RESTORE
                0x08002394        0xc ..\obj\port.o
                0x08002394                IRQ_ENABLE_RESTORE
 .text.IRQ_DISABLE_SAVE
                0x080023a0        0xc ..\obj\port.o
                0x080023a0                IRQ_DISABLE_SAVE
 .text.SetEnvironment
                0x080023ac        0x8 ..\obj\port.o
                0x080023ac                SetEnvironment
 .text.SwitchContext
                0x080023b4       0x14 ..\obj\port.o
                0x080023b4                SwitchContext
 .text.PendSV_Handler
                0x080023c8       0x58 ..\obj\port.o
                0x080023c8                PendSV_Handler
 .text.SystemInit
                0x08002420       0x8c ..\obj\system_stm32f0xx.o
                0x08002420                SystemInit
 .text.SetSysClock
                0x080024ac       0xe0 ..\obj\system_stm32f0xx.o
 .text.InitTaskContext
                0x0800258c       0x50 ..\obj\arch.o
                0x0800258c                InitTaskContext
 .text.SysTick_Handler
                0x080025dc       0x70 ..\obj\arch.o
                0x080025dc                SysTick_Handler
 .text.CoPostSem
                0x0800264c       0x60 ..\obj\sem.o
                0x0800264c                CoPostSem
 .text.CoIdleTask
                0x080026ac        0xc ..\obj\hook.o
                0x080026ac                CoIdleTask
 .text          0x080026b8       0x9c c:/program files (x86)/gnu tools arm embedded/4.7 2013q2/bin/../lib/gcc/arm-none-eabi/4.7.4/armv6-m\libgcc.a(_udivsi3.o)
                0x080026b8                __aeabi_uidiv
                0x080026b8                __udivsi3
                0x08002740                __aeabi_uidivmod
 .text          0x08002754       0xc0 c:/program files (x86)/gnu tools arm embedded/4.7 2013q2/bin/../lib/gcc/arm-none-eabi/4.7.4/armv6-m\libgcc.a(_divsi3.o)
                0x08002754                __divsi3
                0x08002754                __aeabi_idiv
                0x08002800                __aeabi_idivmod
 .text          0x08002814        0x4 c:/program files (x86)/gnu tools arm embedded/4.7 2013q2/bin/../lib/gcc/arm-none-eabi/4.7.4/armv6-m\libgcc.a(_dvmd_tls.o)
                0x08002814                __aeabi_idiv0
                0x08002814                __aeabi_ldiv0
 .text.memcmp   0x08002818       0xb4 c:/program files (x86)/gnu tools arm embedded/4.7 2013q2/bin/../lib/gcc/arm-none-eabi/4.7.4/../../../../arm-none-eabi/lib/armv6-m\libg.a(lib_a-memcmp.o)
                0x08002818                memcmp
 .text.memcpy   0x080028cc      0x144 c:/program files (x86)/gnu tools arm embedded/4.7 2013q2/bin/../lib/gcc/arm-none-eabi/4.7.4/../../../../arm-none-eabi/lib/armv6-m\libg.a(lib_a-memcpy.o)
                0x080028cc                memcpy
 .text.memset   0x08002a10      0x118 c:/program files (x86)/gnu tools arm embedded/4.7 2013q2/bin/../lib/gcc/arm-none-eabi/4.7.4/../../../../arm-none-eabi/lib/armv6-m\libg.a(lib_a-memset.o)
                0x08002a10                memset
 *(.glue_7t)
 .glue_7t       0x00000000        0x0 linker stubs
 *(.glue_7)
 .glue_7        0x00000000        0x0 linker stubs
 *(.rodata .rodata* .gnu.linkonce.r.*)
 .rodata        0x08002b28        0x4 ..\obj\enc28j60.o
 .rodata        0x08002b2c       0x10 ..\obj\ipstack.o
                0x08002b2c                deviceMAC

.vfp11_veneer   0x08002b3c        0x0
 .vfp11_veneer  0x00000000        0x0 linker stubs

.v4_bx          0x08002b3c        0x0
 .v4_bx         0x00000000        0x0 linker stubs

.iplt           0x08002b3c        0x0
 .iplt          0x00000000        0x0 ..\obj\enc28j60.o

.rel.dyn        0x08002b3c        0x0
 .rel.iplt      0x00000000        0x0 ..\obj\enc28j60.o

.ARM.extab
 *(.ARM.extab* .gnu.linkonce.armextab.*)
                0x08002b3c                __exidx_start = .

.ARM.exidx
 *(.ARM.exidx* .gnu.linkonce.armexidx.*)
                0x08002b3c                __exidx_end = .
                0x08002b3c                . = ALIGN (0x4)
                0x08002b3c                _etext = .
                0x08002b3c                _sidata = .

.data           0x20000000       0x30 load address 0x08002b3c
                0x20000000                _sdata = .
 *(.data .data.*)
 .data          0x20000000       0x14 ..\obj\ipstack.o
                0x20000000                routerMAC
                0x20000008                deviceIP
                0x2000000c                routerIP
                0x20000010                dnsIP
 .data          0x20000014       0x10 ..\obj\stm32f0xx_rcc.o
 .data          0x20000024        0xc ..\obj\port.o
                0x20000024                NVIC_INT_CTRL
                0x20000028                NVIC_PENDSVSET
                0x2000002c                INT_EXIT
                0x20000030                . = ALIGN (0x4)
                0x20000030                _edata = .

.igot.plt       0x20000030        0x0 load address 0x08002b6c
 .igot.plt      0x00000000        0x0 ..\obj\enc28j60.o

.bss            0x20000030      0x5c8 load address 0x08002b70
                0x20000030                _sbss = .
 *(.bss .bss.*)
 .bss           0x20000030        0x4 ..\obj\enc28j60.o
                0x20000030                enc28j60_current_bank
                0x20000032                enc28j60_rxrdpt
 .bss           0x20000034        0x3 ..\obj\core.o
                0x20000034                OSIntNesting
                0x20000035                OSSchedLock
                0x20000036                TaskSchedReq
 *fill*         0x20000037        0x1 00
 .bss           0x20000038      0x140 ..\obj\task.o
                0x20000038                TCBTbl
                0x200000f8                idle_stk
                0x2000015c                FreeTCB
                0x20000160                TCBRdy
                0x20000164                TCBNext
                0x20000168                TCBRunning
                0x20000170                OSCheckTime
 .bss           0x20000178       0x20 ..\obj\serviceReq.o
                0x20000178                ServiceReq
                0x20000194                IsrReq
                0x20000195                TimeReq
 .bss           0x20000198        0x4 ..\obj\time.o
                0x20000198                DlyList
 .bss           0x2000019c       0x54 ..\obj\event.o
                0x2000019c                EventTbl
                0x200001ec                FreeEventList
 .bss           0x200001f0        0x8 ..\obj\arch.o
                0x200001f0                OSTickCnt
 *(COMMON)
 COMMON         0x200001f8      0x400 ..\obj\main.o
                0x200001f8                taskB_stk
                0x200003f8                taskA_stk
                0x200005f8                . = ALIGN (0x4)
                0x200005f8                _ebss = .

.co_stack       0x200005f8        0x0
                0x200005f8                . = ALIGN (0x8)
 *(.co_stack .co_stack.*)
                0x200005f8                . = ALIGN (0x4)
                0x200005f8                _end = .
LOAD ..\obj\enc28j60.o
LOAD ..\obj\kernelHeap.o
LOAD ..\obj\usart_jose.o
LOAD ..\obj\core.o
LOAD ..\obj\ipstack.o
LOAD ..\obj\stm32f0xx_rcc.o
LOAD ..\obj\timer.o
LOAD ..\obj\utility.o
LOAD ..\obj\task.o
LOAD ..\obj\serviceReq.o
LOAD ..\obj\main.o
LOAD ..\obj\startup_stm32f0xx.o
LOAD ..\obj\mbox.o
LOAD ..\obj\mm.o
LOAD ..\obj\stm32f0xx_spi.o
LOAD ..\obj\stm32f0xx_gpio.o
LOAD ..\obj\time.o
LOAD ..\obj\event.o
LOAD ..\obj\stm32f0xx_usart.o
LOAD ..\obj\port.o
LOAD ..\obj\queue.o
LOAD ..\obj\mutex.o
LOAD ..\obj\flag.o
LOAD ..\obj\system_stm32f0xx.o
LOAD ..\obj\arch.o
LOAD ..\obj\sem.o
LOAD ..\obj\hook.o
LOAD ..\obj\core_cm0.o
START GROUP
LOAD c:/program files (x86)/gnu tools arm embedded/4.7 2013q2/bin/../lib/gcc/arm-none-eabi/4.7.4/armv6-m\libgcc.a
LOAD c:/program files (x86)/gnu tools arm embedded/4.7 2013q2/bin/../lib/gcc/arm-none-eabi/4.7.4/../../../../arm-none-eabi/lib/armv6-m\libg.a
LOAD c:/program files (x86)/gnu tools arm embedded/4.7 2013q2/bin/../lib/gcc/arm-none-eabi/4.7.4/../../../../arm-none-eabi/lib/armv6-m\libc.a
END GROUP
OUTPUT(elliana.elf elf32-littlearm)

.debug_info     0x00000000     0x64e0
 .debug_info    0x00000000      0x8b3 ..\obj\enc28j60.o
 .debug_info    0x000008b3      0x4b9 ..\obj\usart_jose.o
 .debug_info    0x00000d6c      0x2dc ..\obj\core.o
 .debug_info    0x00001048      0xaf7 ..\obj\ipstack.o
 .debug_info    0x00001b3f      0xa63 ..\obj\stm32f0xx_rcc.o
 .debug_info    0x000025a2      0x4b8 ..\obj\task.o
 .debug_info    0x00002a5a      0x1f1 ..\obj\serviceReq.o
 .debug_info    0x00002c4b      0x361 ..\obj\main.o
 .debug_info    0x00002fac       0xa1 ..\obj\startup_stm32f0xx.o
 .debug_info    0x0000304d      0xb56 ..\obj\stm32f0xx_spi.o
 .debug_info    0x00003ba3      0x618 ..\obj\stm32f0xx_gpio.o
 .debug_info    0x000041bb      0x3ea ..\obj\time.o
 .debug_info    0x000045a5      0x443 ..\obj\event.o
 .debug_info    0x000049e8      0xf43 ..\obj\stm32f0xx_usart.o
 .debug_info    0x0000592b      0x1bd ..\obj\port.o
 .debug_info    0x00005ae8      0x30f ..\obj\system_stm32f0xx.o
 .debug_info    0x00005df7      0x23e ..\obj\arch.o
 .debug_info    0x00006035      0x3e1 ..\obj\sem.o
 .debug_info    0x00006416       0xca ..\obj\hook.o

.debug_abbrev   0x00000000     0x1931
 .debug_abbrev  0x00000000      0x1d9 ..\obj\enc28j60.o
 .debug_abbrev  0x000001d9      0x14a ..\obj\usart_jose.o
 .debug_abbrev  0x00000323       0xf7 ..\obj\core.o
 .debug_abbrev  0x0000041a      0x219 ..\obj\ipstack.o
 .debug_abbrev  0x00000633      0x1ee ..\obj\stm32f0xx_rcc.o
 .debug_abbrev  0x00000821      0x1be ..\obj\task.o
 .debug_abbrev  0x000009df      0x116 ..\obj\serviceReq.o
 .debug_abbrev  0x00000af5      0x142 ..\obj\main.o
 .debug_abbrev  0x00000c37       0x12 ..\obj\startup_stm32f0xx.o
 .debug_abbrev  0x00000c49      0x1a3 ..\obj\stm32f0xx_spi.o
 .debug_abbrev  0x00000dec      0x190 ..\obj\stm32f0xx_gpio.o
 .debug_abbrev  0x00000f7c      0x196 ..\obj\time.o
 .debug_abbrev  0x00001112      0x1d6 ..\obj\event.o
 .debug_abbrev  0x000012e8      0x15e ..\obj\stm32f0xx_usart.o
 .debug_abbrev  0x00001446       0xe9 ..\obj\port.o
 .debug_abbrev  0x0000152f      0x136 ..\obj\system_stm32f0xx.o
 .debug_abbrev  0x00001665       0xfd ..\obj\arch.o
 .debug_abbrev  0x00001762      0x143 ..\obj\sem.o
 .debug_abbrev  0x000018a5       0x8c ..\obj\hook.o

.debug_loc      0x00000000     0x2f94
 .debug_loc     0x00000000      0x3f0 ..\obj\enc28j60.o
 .debug_loc     0x000003f0       0xa8 ..\obj\usart_jose.o
 .debug_loc     0x00000498      0x160 ..\obj\core.o
 .debug_loc     0x000005f8      0x31a ..\obj\ipstack.o
 .debug_loc     0x00000912      0x864 ..\obj\stm32f0xx_rcc.o
 .debug_loc     0x00001176      0x1e0 ..\obj\task.o
 .debug_loc     0x00001356       0x70 ..\obj\serviceReq.o
 .debug_loc     0x000013c6       0xbc ..\obj\main.o
 .debug_loc     0x00001482      0x6ca ..\obj\stm32f0xx_spi.o
 .debug_loc     0x00001b4c      0x2d8 ..\obj\stm32f0xx_gpio.o
 .debug_loc     0x00001e24      0x1a8 ..\obj\time.o
 .debug_loc     0x00001fcc      0x188 ..\obj\event.o
 .debug_loc     0x00002154      0xab8 ..\obj\stm32f0xx_usart.o
 .debug_loc     0x00002c0c       0xc8 ..\obj\port.o
 .debug_loc     0x00002cd4       0x9c ..\obj\system_stm32f0xx.o
 .debug_loc     0x00002d70       0x64 ..\obj\arch.o
 .debug_loc     0x00002dd4      0x150 ..\obj\sem.o
 .debug_loc     0x00002f24       0x70 ..\obj\hook.o

.debug_aranges  0x00000000      0x8e0
 .debug_aranges
                0x00000000       0xa8 ..\obj\enc28j60.o
 .debug_aranges
                0x000000a8       0x30 ..\obj\usart_jose.o
 .debug_aranges
                0x000000d8       0x58 ..\obj\core.o
 .debug_aranges
                0x00000130       0x88 ..\obj\ipstack.o
 .debug_aranges
                0x000001b8      0x150 ..\obj\stm32f0xx_rcc.o
 .debug_aranges
                0x00000308       0x60 ..\obj\task.o
 .debug_aranges
                0x00000368       0x28 ..\obj\serviceReq.o
 .debug_aranges
                0x00000390       0x38 ..\obj\main.o
 .debug_aranges
                0x000003c8       0x28 ..\obj\startup_stm32f0xx.o
 .debug_aranges
                0x000003f0      0x110 ..\obj\stm32f0xx_spi.o
 .debug_aranges
                0x00000500       0x80 ..\obj\stm32f0xx_gpio.o
 .debug_aranges
                0x00000580       0x58 ..\obj\time.o
 .debug_aranges
                0x000005d8       0x50 ..\obj\event.o
 .debug_aranges
                0x00000628      0x1a0 ..\obj\stm32f0xx_usart.o
 .debug_aranges
                0x000007c8       0x50 ..\obj\port.o
 .debug_aranges
                0x00000818       0x30 ..\obj\system_stm32f0xx.o
 .debug_aranges
                0x00000848       0x28 ..\obj\arch.o
 .debug_aranges
                0x00000870       0x48 ..\obj\sem.o
 .debug_aranges
                0x000008b8       0x28 ..\obj\hook.o

.debug_ranges   0x00000000      0x7b8
 .debug_ranges  0x00000000       0x98 ..\obj\enc28j60.o
 .debug_ranges  0x00000098       0x20 ..\obj\usart_jose.o
 .debug_ranges  0x000000b8       0x48 ..\obj\core.o
 .debug_ranges  0x00000100       0x78 ..\obj\ipstack.o
 .debug_ranges  0x00000178      0x140 ..\obj\stm32f0xx_rcc.o
 .debug_ranges  0x000002b8       0x50 ..\obj\task.o
 .debug_ranges  0x00000308       0x18 ..\obj\serviceReq.o
 .debug_ranges  0x00000320       0x28 ..\obj\main.o
 .debug_ranges  0x00000348       0x20 ..\obj\startup_stm32f0xx.o
 .debug_ranges  0x00000368      0x100 ..\obj\stm32f0xx_spi.o
 .debug_ranges  0x00000468       0x70 ..\obj\stm32f0xx_gpio.o
 .debug_ranges  0x000004d8       0x48 ..\obj\time.o
 .debug_ranges  0x00000520       0x40 ..\obj\event.o
 .debug_ranges  0x00000560      0x190 ..\obj\stm32f0xx_usart.o
 .debug_ranges  0x000006f0       0x40 ..\obj\port.o
 .debug_ranges  0x00000730       0x20 ..\obj\system_stm32f0xx.o
 .debug_ranges  0x00000750       0x18 ..\obj\arch.o
 .debug_ranges  0x00000768       0x38 ..\obj\sem.o
 .debug_ranges  0x000007a0       0x18 ..\obj\hook.o

.debug_line     0x00000000     0x2887
 .debug_line    0x00000000      0x376 ..\obj\enc28j60.o
 .debug_line    0x00000376      0x1cf ..\obj\usart_jose.o
 .debug_line    0x00000545      0x120 ..\obj\core.o
 .debug_line    0x00000665      0x35a ..\obj\ipstack.o
 .debug_line    0x000009bf      0x4c0 ..\obj\stm32f0xx_rcc.o
 .debug_line    0x00000e7f      0x1cb ..\obj\task.o
 .debug_line    0x0000104a       0xc7 ..\obj\serviceReq.o
 .debug_line    0x00001111      0x1f4 ..\obj\main.o
 .debug_line    0x00001305       0xa7 ..\obj\startup_stm32f0xx.o
 .debug_line    0x000013ac      0x437 ..\obj\stm32f0xx_spi.o
 .debug_line    0x000017e3      0x29b ..\obj\stm32f0xx_gpio.o
 .debug_line    0x00001a7e      0x1cc ..\obj\time.o
 .debug_line    0x00001c4a      0x1a3 ..\obj\event.o
 .debug_line    0x00001ded      0x586 ..\obj\stm32f0xx_usart.o
 .debug_line    0x00002373      0x11d ..\obj\port.o
 .debug_line    0x00002490      0x177 ..\obj\system_stm32f0xx.o
 .debug_line    0x00002607       0xda ..\obj\arch.o
 .debug_line    0x000026e1      0x11f ..\obj\sem.o
 .debug_line    0x00002800       0x87 ..\obj\hook.o

.debug_str      0x00000000     0x2240
 .debug_str     0x00000000      0x514 ..\obj\enc28j60.o
                                0x564 (size before relaxing)
 .debug_str     0x00000514       0xfd ..\obj\usart_jose.o
                                0x3ce (size before relaxing)
 .debug_str     0x00000611      0x164 ..\obj\core.o
                                0x225 (size before relaxing)
 .debug_str     0x00000775      0x2c8 ..\obj\ipstack.o
                                0x3d3 (size before relaxing)
 .debug_str     0x00000a3d      0x576 ..\obj\stm32f0xx_rcc.o
                                0x6c5 (size before relaxing)
 .debug_str     0x00000fb3      0x13d ..\obj\task.o
                                0x2c0 (size before relaxing)
 .debug_str     0x000010f0       0x9a ..\obj\serviceReq.o
                                0x16b (size before relaxing)
 .debug_str     0x0000118a       0x5c ..\obj\main.o
                                0x2fd (size before relaxing)
 .debug_str     0x000011e6      0x3b1 ..\obj\stm32f0xx_spi.o
                                0x69e (size before relaxing)
 .debug_str     0x00001597      0x183 ..\obj\stm32f0xx_gpio.o
                                0x42c (size before relaxing)
 .debug_str     0x0000171a       0xe5 ..\obj\time.o
                                0x282 (size before relaxing)
 .debug_str     0x000017ff      0x128 ..\obj\event.o
                                0x29c (size before relaxing)
 .debug_str     0x00001927      0x658 ..\obj\stm32f0xx_usart.o
                                0x8f3 (size before relaxing)
 .debug_str     0x00001f7f       0xc7 ..\obj\port.o
                                0x18e (size before relaxing)
 .debug_str     0x00002046       0xa1 ..\obj\system_stm32f0xx.o
                                0x236 (size before relaxing)
 .debug_str     0x000020e7       0x65 ..\obj\arch.o
                                0x1d6 (size before relaxing)
 .debug_str     0x0000214c       0x9c ..\obj\sem.o
                                0x269 (size before relaxing)
 .debug_str     0x000021e8       0x58 ..\obj\hook.o
                                0x121 (size before relaxing)

.comment        0x00000000       0x70
 .comment       0x00000000       0x70 ..\obj\enc28j60.o
                                 0x71 (size before relaxing)
 .comment       0x00000000       0x71 ..\obj\usart_jose.o
 .comment       0x00000000       0x71 ..\obj\core.o
 .comment       0x00000000       0x71 ..\obj\ipstack.o
 .comment       0x00000000       0x71 ..\obj\stm32f0xx_rcc.o
 .comment       0x00000000       0x71 ..\obj\task.o
 .comment       0x00000000       0x71 ..\obj\serviceReq.o
 .comment       0x00000000       0x71 ..\obj\main.o
 .comment       0x00000000       0x71 ..\obj\stm32f0xx_spi.o
 .comment       0x00000000       0x71 ..\obj\stm32f0xx_gpio.o
 .comment       0x00000000       0x71 ..\obj\time.o
 .comment       0x00000000       0x71 ..\obj\event.o
 .comment       0x00000000       0x71 ..\obj\stm32f0xx_usart.o
 .comment       0x00000000       0x71 ..\obj\port.o
 .comment       0x00000000       0x71 ..\obj\system_stm32f0xx.o
 .comment       0x00000000       0x71 ..\obj\arch.o
 .comment       0x00000000       0x71 ..\obj\sem.o
 .comment       0x00000000       0x71 ..\obj\hook.o

.ARM.attributes
                0x00000000       0x2f
 .ARM.attributes
                0x00000000       0x31 ..\obj\enc28j60.o
 .ARM.attributes
                0x00000031       0x31 ..\obj\usart_jose.o
 .ARM.attributes
                0x00000062       0x31 ..\obj\core.o
 .ARM.attributes
                0x00000093       0x31 ..\obj\ipstack.o
 .ARM.attributes
                0x000000c4       0x31 ..\obj\stm32f0xx_rcc.o
 .ARM.attributes
                0x000000f5       0x31 ..\obj\task.o
 .ARM.attributes
                0x00000126       0x31 ..\obj\serviceReq.o
 .ARM.attributes
                0x00000157       0x31 ..\obj\main.o
 .ARM.attributes
                0x00000188       0x21 ..\obj\startup_stm32f0xx.o
 .ARM.attributes
                0x000001a9       0x31 ..\obj\stm32f0xx_spi.o
 .ARM.attributes
                0x000001da       0x31 ..\obj\stm32f0xx_gpio.o
 .ARM.attributes
                0x0000020b       0x31 ..\obj\time.o
 .ARM.attributes
                0x0000023c       0x31 ..\obj\event.o
 .ARM.attributes
                0x0000026d       0x31 ..\obj\stm32f0xx_usart.o
 .ARM.attributes
                0x0000029e       0x31 ..\obj\port.o
 .ARM.attributes
                0x000002cf       0x31 ..\obj\system_stm32f0xx.o
 .ARM.attributes
                0x00000300       0x31 ..\obj\arch.o
 .ARM.attributes
                0x00000331       0x31 ..\obj\sem.o
 .ARM.attributes
                0x00000362       0x31 ..\obj\hook.o
 .ARM.attributes
                0x00000393       0x1e c:/program files (x86)/gnu tools arm embedded/4.7 2013q2/bin/../lib/gcc/arm-none-eabi/4.7.4/armv6-m\libgcc.a(_udivsi3.o)
 .ARM.attributes
                0x000003b1       0x1e c:/program files (x86)/gnu tools arm embedded/4.7 2013q2/bin/../lib/gcc/arm-none-eabi/4.7.4/armv6-m\libgcc.a(_divsi3.o)
 .ARM.attributes
                0x000003cf       0x1e c:/program files (x86)/gnu tools arm embedded/4.7 2013q2/bin/../lib/gcc/arm-none-eabi/4.7.4/armv6-m\libgcc.a(_dvmd_tls.o)
 .ARM.attributes
                0x000003ed       0x2c c:/program files (x86)/gnu tools arm embedded/4.7 2013q2/bin/../lib/gcc/arm-none-eabi/4.7.4/../../../../arm-none-eabi/lib/armv6-m\libg.a(lib_a-memcmp.o)
 .ARM.attributes
                0x00000419       0x2c c:/program files (x86)/gnu tools arm embedded/4.7 2013q2/bin/../lib/gcc/arm-none-eabi/4.7.4/../../../../arm-none-eabi/lib/armv6-m\libg.a(lib_a-memcpy.o)
 .ARM.attributes
                0x00000445       0x2c c:/program files (x86)/gnu tools arm embedded/4.7 2013q2/bin/../lib/gcc/arm-none-eabi/4.7.4/../../../../arm-none-eabi/lib/armv6-m\libg.a(lib_a-memset.o)

.debug_frame    0x00000000     0x1da0
 .debug_frame   0x00000000      0x250 ..\obj\enc28j60.o
 .debug_frame   0x00000250       0x70 ..\obj\usart_jose.o
 .debug_frame   0x000002c0       0xf0 ..\obj\core.o
 .debug_frame   0x000003b0      0x1e0 ..\obj\ipstack.o
 .debug_frame   0x00000590      0x4e4 ..\obj\stm32f0xx_rcc.o
 .debug_frame   0x00000a74      0x128 ..\obj\task.o
 .debug_frame   0x00000b9c       0x50 ..\obj\serviceReq.o
 .debug_frame   0x00000bec       0x84 ..\obj\main.o
 .debug_frame   0x00000c70      0x3f0 ..\obj\stm32f0xx_spi.o
 .debug_frame   0x00001060      0x1b0 ..\obj\stm32f0xx_gpio.o
 .debug_frame   0x00001210      0x108 ..\obj\time.o
 .debug_frame   0x00001318       0xf0 ..\obj\event.o
 .debug_frame   0x00001408      0x630 ..\obj\stm32f0xx_usart.o
 .debug_frame   0x00001a38       0xb8 ..\obj\port.o
 .debug_frame   0x00001af0       0x6c ..\obj\system_stm32f0xx.o
 .debug_frame   0x00001b5c       0x50 ..\obj\arch.o
 .debug_frame   0x00001bac       0xd0 ..\obj\sem.o
 .debug_frame   0x00001c7c       0x50 ..\obj\hook.o
 .debug_frame   0x00001ccc       0x20 c:/program files (x86)/gnu tools arm embedded/4.7 2013q2/bin/../lib/gcc/arm-none-eabi/4.7.4/armv6-m\libgcc.a(_udivsi3.o)
 .debug_frame   0x00001cec       0x20 c:/program files (x86)/gnu tools arm embedded/4.7 2013q2/bin/../lib/gcc/arm-none-eabi/4.7.4/armv6-m\libgcc.a(_divsi3.o)
 .debug_frame   0x00001d0c       0x30 c:/program files (x86)/gnu tools arm embedded/4.7 2013q2/bin/../lib/gcc/arm-none-eabi/4.7.4/../../../../arm-none-eabi/lib/armv6-m\libg.a(lib_a-memcmp.o)
 .debug_frame   0x00001d3c       0x34 c:/program files (x86)/gnu tools arm embedded/4.7 2013q2/bin/../lib/gcc/arm-none-eabi/4.7.4/../../../../arm-none-eabi/lib/armv6-m\libg.a(lib_a-memcpy.o)
 .debug_frame   0x00001d70       0x30 c:/program files (x86)/gnu tools arm embedded/4.7 2013q2/bin/../lib/gcc/arm-none-eabi/4.7.4/../../../../arm-none-eabi/lib/armv6-m\libg.a(lib_a-memset.o)
