Archive member included because of file (symbol)

c:/program files (x86)/gnu tools arm embedded/4.7 2013q2/bin/../lib/gcc/arm-none-eabi/4.7.4/armv6-m\libgcc.a(_udivsi3.o)
                              ..\obj\stm32f0xx_rcc.o (__aeabi_uidiv)
c:/program files (x86)/gnu tools arm embedded/4.7 2013q2/bin/../lib/gcc/arm-none-eabi/4.7.4/armv6-m\libgcc.a(_dvmd_tls.o)
                              c:/program files (x86)/gnu tools arm embedded/4.7 2013q2/bin/../lib/gcc/arm-none-eabi/4.7.4/armv6-m\libgcc.a(_udivsi3.o) (__aeabi_idiv0)
c:/program files (x86)/gnu tools arm embedded/4.7 2013q2/bin/../lib/gcc/arm-none-eabi/4.7.4/../../../../arm-none-eabi/lib/armv6-m\libg.a(lib_a-memcmp.o)
                              ..\obj\tasks.o (memcmp)
c:/program files (x86)/gnu tools arm embedded/4.7 2013q2/bin/../lib/gcc/arm-none-eabi/4.7.4/../../../../arm-none-eabi/lib/armv6-m\libg.a(lib_a-memcpy.o)
                              ..\obj\main.o (memcpy)
c:/program files (x86)/gnu tools arm embedded/4.7 2013q2/bin/../lib/gcc/arm-none-eabi/4.7.4/../../../../arm-none-eabi/lib/armv6-m\libg.a(lib_a-memset.o)
                              ..\obj\tasks.o (memset)

Allocating common symbols
Common symbol       size              file

xQueueRegistry      0x40              ..\obj\queue.o

Discarded input sections

 .text          0x00000000        0x0 ..\obj\enc28j60_jose.o
 .data          0x00000000        0x0 ..\obj\enc28j60_jose.o
 .bss           0x00000000        0x4 ..\obj\enc28j60_jose.o
 .text.ETH_ReceivePacket
                0x00000000      0x1e4 ..\obj\enc28j60_jose.o
 .text          0x00000000        0x0 ..\obj\heap_4.o
 .text.xPortGetFreeHeapSize
                0x00000000       0x14 ..\obj\heap_4.o
 .text.xPortGetMinimumEverFreeHeapSize
                0x00000000       0x14 ..\obj\heap_4.o
 .text.vPortInitialiseBlocks
                0x00000000        0x8 ..\obj\heap_4.o
 .text          0x00000000        0x0 ..\obj\usart_jose.o
 .data          0x00000000        0x0 ..\obj\usart_jose.o
 .bss           0x00000000        0x0 ..\obj\usart_jose.o
 .text.usartSendString
                0x00000000       0x44 ..\obj\usart_jose.o
 .text          0x00000000        0x0 ..\obj\stm32f0xx_rcc.o
 .bss           0x00000000        0x0 ..\obj\stm32f0xx_rcc.o
 .text.RCC_DeInit
                0x00000000       0x88 ..\obj\stm32f0xx_rcc.o
 .text.RCC_HSEConfig
                0x00000000       0x24 ..\obj\stm32f0xx_rcc.o
 .text.RCC_WaitForHSEStartUp
                0x00000000       0x60 ..\obj\stm32f0xx_rcc.o
 .text.RCC_AdjustHSICalibrationValue
                0x00000000       0x3c ..\obj\stm32f0xx_rcc.o
 .text.RCC_HSICmd
                0x00000000       0x38 ..\obj\stm32f0xx_rcc.o
 .text.RCC_AdjustHSI14CalibrationValue
                0x00000000       0x3c ..\obj\stm32f0xx_rcc.o
 .text.RCC_HSI14Cmd
                0x00000000       0x38 ..\obj\stm32f0xx_rcc.o
 .text.RCC_HSI14ADCRequestCmd
                0x00000000       0x38 ..\obj\stm32f0xx_rcc.o
 .text.RCC_LSEConfig
                0x00000000       0x38 ..\obj\stm32f0xx_rcc.o
 .text.RCC_LSEDriveConfig
                0x00000000       0x2c ..\obj\stm32f0xx_rcc.o
 .text.RCC_LSICmd
                0x00000000       0x38 ..\obj\stm32f0xx_rcc.o
 .text.RCC_PLLConfig
                0x00000000       0x34 ..\obj\stm32f0xx_rcc.o
 .text.RCC_PLLCmd
                0x00000000       0x40 ..\obj\stm32f0xx_rcc.o
 .text.RCC_PREDIV1Config
                0x00000000       0x34 ..\obj\stm32f0xx_rcc.o
 .text.RCC_ClockSecuritySystemCmd
                0x00000000       0x40 ..\obj\stm32f0xx_rcc.o
 .text.RCC_MCOConfig
                0x00000000       0x20 ..\obj\stm32f0xx_rcc.o
 .text.RCC_SYSCLKConfig
                0x00000000       0x34 ..\obj\stm32f0xx_rcc.o
 .text.RCC_GetSYSCLKSource
                0x00000000       0x1c ..\obj\stm32f0xx_rcc.o
 .text.RCC_HCLKConfig
                0x00000000       0x34 ..\obj\stm32f0xx_rcc.o
 .text.RCC_PCLKConfig
                0x00000000       0x38 ..\obj\stm32f0xx_rcc.o
 .text.RCC_ADCCLKConfig
                0x00000000       0x50 ..\obj\stm32f0xx_rcc.o
 .text.RCC_CECCLKConfig
                0x00000000       0x2c ..\obj\stm32f0xx_rcc.o
 .text.RCC_I2CCLKConfig
                0x00000000       0x2c ..\obj\stm32f0xx_rcc.o
 .text.RCC_USARTCLKConfig
                0x00000000       0x2c ..\obj\stm32f0xx_rcc.o
 .text.RCC_RTCCLKConfig
                0x00000000       0x20 ..\obj\stm32f0xx_rcc.o
 .text.RCC_RTCCLKCmd
                0x00000000       0x40 ..\obj\stm32f0xx_rcc.o
 .text.RCC_BackupResetCmd
                0x00000000       0x40 ..\obj\stm32f0xx_rcc.o
 .text.RCC_APB2PeriphClockCmd
                0x00000000       0x3c ..\obj\stm32f0xx_rcc.o
 .text.RCC_AHBPeriphResetCmd
                0x00000000       0x3c ..\obj\stm32f0xx_rcc.o
 .text.RCC_APB2PeriphResetCmd
                0x00000000       0x3c ..\obj\stm32f0xx_rcc.o
 .text.RCC_APB1PeriphResetCmd
                0x00000000       0x3c ..\obj\stm32f0xx_rcc.o
 .text.RCC_ITConfig
                0x00000000       0x50 ..\obj\stm32f0xx_rcc.o
 .text.RCC_GetFlagStatus
                0x00000000       0x90 ..\obj\stm32f0xx_rcc.o
 .text.RCC_ClearFlag
                0x00000000       0x1c ..\obj\stm32f0xx_rcc.o
 .text.RCC_GetITStatus
                0x00000000       0x44 ..\obj\stm32f0xx_rcc.o
 .text.RCC_ClearITPendingBit
                0x00000000       0x20 ..\obj\stm32f0xx_rcc.o
 .text          0x00000000        0x0 ..\obj\stm32f0_spi_jose.o
 .data          0x00000000        0x0 ..\obj\stm32f0_spi_jose.o
 .text.ETH_ReadBufferMemory
                0x00000000       0x68 ..\obj\stm32f0_spi_jose.o
 .text.ETH_ReadOneWordFromBufferMemory
                0x00000000       0x40 ..\obj\stm32f0_spi_jose.o
 .text          0x00000000        0x0 ..\obj\main.o
 .text.vApplicationIdleHook
                0x00000000        0x8 ..\obj\main.o
 .text          0x00000000       0x14 ..\obj\startup_stm32f0xx.o
 .data          0x00000000        0x0 ..\obj\startup_stm32f0xx.o
 .bss           0x00000000        0x0 ..\obj\startup_stm32f0xx.o
 .text          0x00000000        0x0 ..\obj\timers.o
 .data          0x00000000        0x0 ..\obj\timers.o
 .text.xTimerCreate
                0x00000000       0x6c ..\obj\timers.o
 .text.xTimerIsTimerActive
                0x00000000       0x2c ..\obj\timers.o
 .text.pvTimerGetTimerID
                0x00000000       0x18 ..\obj\timers.o
 .text          0x00000000        0x0 ..\obj\tasks.o
 .text.vTaskDelete
                0x00000000       0xa4 ..\obj\tasks.o
 .text.uxTaskPriorityGet
                0x00000000       0x34 ..\obj\tasks.o
 .text.vTaskPrioritySet
                0x00000000      0x120 ..\obj\tasks.o
 .text.vTaskSuspend
                0x00000000       0xb0 ..\obj\tasks.o
 .text.prvTaskIsTaskSuspended
                0x00000000       0x60 ..\obj\tasks.o
 .text.vTaskResume
                0x00000000       0x9c ..\obj\tasks.o
 .text.xTaskResumeFromISR
                0x00000000       0xbc ..\obj\tasks.o
 .text.vTaskEndScheduler
                0x00000000       0x18 ..\obj\tasks.o
 .text.xTaskGetTickCountFromISR
                0x00000000       0x2c ..\obj\tasks.o
 .text.uxTaskGetNumberOfTasks
                0x00000000       0x14 ..\obj\tasks.o
 .text.uxTaskGetSystemState
                0x00000000       0xfc ..\obj\tasks.o
 .text.vTaskPlaceOnUnorderedEventList
                0x00000000       0x8c ..\obj\tasks.o
 .text.xTaskRemoveFromUnorderedEventList
                0x00000000       0xb0 ..\obj\tasks.o
 .text.uxTaskGetTaskNumber
                0x00000000       0x28 ..\obj\tasks.o
 .text.vTaskSetTaskNumber
                0x00000000       0x20 ..\obj\tasks.o
 .text.prvListTaskWithinSingleList
                0x00000000      0x11c ..\obj\tasks.o
 .text.prvTaskCheckFreeStackSpace
                0x00000000       0x34 ..\obj\tasks.o
 .text.uxTaskResetEventItemValue
                0x00000000       0x2c ..\obj\tasks.o
 .text          0x00000000        0x0 ..\obj\stm32f0xx_spi.o
 .data          0x00000000        0x0 ..\obj\stm32f0xx_spi.o
 .bss           0x00000000        0x0 ..\obj\stm32f0xx_spi.o
 .text.SPI_I2S_DeInit
                0x00000000       0x58 ..\obj\stm32f0xx_spi.o
 .text.SPI_StructInit
                0x00000000       0x48 ..\obj\stm32f0xx_spi.o
 .text.I2S_StructInit
                0x00000000       0x34 ..\obj\stm32f0xx_spi.o
 .text.I2S_Init
                0x00000000      0x1c0 ..\obj\stm32f0xx_spi.o
 .text.SPI_TIModeCmd
                0x00000000       0x40 ..\obj\stm32f0xx_spi.o
 .text.I2S_Cmd  0x00000000       0x44 ..\obj\stm32f0xx_spi.o
 .text.SPI_DataSizeConfig
                0x00000000       0x58 ..\obj\stm32f0xx_spi.o
 .text.SPI_BiDirectionalLineConfig
                0x00000000       0x48 ..\obj\stm32f0xx_spi.o
 .text.SPI_NSSInternalSoftwareConfig
                0x00000000       0x4c ..\obj\stm32f0xx_spi.o
 .text.SPI_SSOutputCmd
                0x00000000       0x40 ..\obj\stm32f0xx_spi.o
 .text.SPI_NSSPulseModeCmd
                0x00000000       0x40 ..\obj\stm32f0xx_spi.o
 .text.SPI_I2S_SendData16
                0x00000000       0x1c ..\obj\stm32f0xx_spi.o
 .text.SPI_I2S_ReceiveData16
                0x00000000       0x18 ..\obj\stm32f0xx_spi.o
 .text.SPI_CRCLengthConfig
                0x00000000       0x3c ..\obj\stm32f0xx_spi.o
 .text.SPI_TransmitCRC
                0x00000000       0x20 ..\obj\stm32f0xx_spi.o
 .text.SPI_GetCRC
                0x00000000       0x44 ..\obj\stm32f0xx_spi.o
 .text.SPI_GetCRCPolynomial
                0x00000000       0x18 ..\obj\stm32f0xx_spi.o
 .text.SPI_I2S_DMACmd
                0x00000000       0x48 ..\obj\stm32f0xx_spi.o
 .text.SPI_LastDMATransferCmd
                0x00000000       0x3c ..\obj\stm32f0xx_spi.o
 .text.SPI_I2S_ITConfig
                0x00000000       0x7c ..\obj\stm32f0xx_spi.o
 .text.SPI_GetTransmissionFIFOStatus
                0x00000000       0x20 ..\obj\stm32f0xx_spi.o
 .text.SPI_GetReceptionFIFOStatus
                0x00000000       0x20 ..\obj\stm32f0xx_spi.o
 .text.SPI_I2S_ClearFlag
                0x00000000       0x20 ..\obj\stm32f0xx_spi.o
 .text.SPI_I2S_GetITStatus
                0x00000000       0xb0 ..\obj\stm32f0xx_spi.o
 .text          0x00000000        0x0 ..\obj\stm32f0xx_gpio.o
 .data          0x00000000        0x0 ..\obj\stm32f0xx_gpio.o
 .bss           0x00000000        0x0 ..\obj\stm32f0xx_gpio.o
 .text.GPIO_DeInit
                0x00000000       0xc8 ..\obj\stm32f0xx_gpio.o
 .text.GPIO_PinLockConfig
                0x00000000       0x44 ..\obj\stm32f0xx_gpio.o
 .text.GPIO_ReadInputDataBit
                0x00000000       0x48 ..\obj\stm32f0xx_gpio.o
 .text.GPIO_ReadInputData
                0x00000000       0x18 ..\obj\stm32f0xx_gpio.o
 .text.GPIO_ReadOutputDataBit
                0x00000000       0x48 ..\obj\stm32f0xx_gpio.o
 .text.GPIO_ReadOutputData
                0x00000000       0x18 ..\obj\stm32f0xx_gpio.o
 .text.GPIO_SetBits
                0x00000000       0x1c ..\obj\stm32f0xx_gpio.o
 .text.GPIO_ResetBits
                0x00000000       0x1c ..\obj\stm32f0xx_gpio.o
 .text.GPIO_Write
                0x00000000       0x1c ..\obj\stm32f0xx_gpio.o
 .text          0x00000000        0x0 ..\obj\list.o
 .data          0x00000000        0x0 ..\obj\list.o
 .bss           0x00000000        0x0 ..\obj\list.o
 .text          0x00000000        0x0 ..\obj\stm32f0xx_usart.o
 .data          0x00000000        0x0 ..\obj\stm32f0xx_usart.o
 .bss           0x00000000        0x0 ..\obj\stm32f0xx_usart.o
 .text.USART_DeInit
                0x00000000       0x58 ..\obj\stm32f0xx_usart.o
 .text.USART_StructInit
                0x00000000       0x34 ..\obj\stm32f0xx_usart.o
 .text.USART_ClockInit
                0x00000000       0x48 ..\obj\stm32f0xx_usart.o
 .text.USART_ClockStructInit
                0x00000000       0x28 ..\obj\stm32f0xx_usart.o
 .text.USART_DirectionModeCmd
                0x00000000       0x38 ..\obj\stm32f0xx_usart.o
 .text.USART_OverSampling8Cmd
                0x00000000       0x3c ..\obj\stm32f0xx_usart.o
 .text.USART_OneBitMethodCmd
                0x00000000       0x3c ..\obj\stm32f0xx_usart.o
 .text.USART_MSBFirstCmd
                0x00000000       0x3c ..\obj\stm32f0xx_usart.o
 .text.USART_DataInvCmd
                0x00000000       0x3c ..\obj\stm32f0xx_usart.o
 .text.USART_InvPinCmd
                0x00000000       0x38 ..\obj\stm32f0xx_usart.o
 .text.USART_SWAPPinCmd
                0x00000000       0x3c ..\obj\stm32f0xx_usart.o
 .text.USART_ReceiverTimeOutCmd
                0x00000000       0x3c ..\obj\stm32f0xx_usart.o
 .text.USART_SetReceiverTimeOut
                0x00000000       0x28 ..\obj\stm32f0xx_usart.o
 .text.USART_SetPrescaler
                0x00000000       0x38 ..\obj\stm32f0xx_usart.o
 .text.USART_STOPModeCmd
                0x00000000       0x3c ..\obj\stm32f0xx_usart.o
 .text.USART_StopModeWakeUpSourceConfig
                0x00000000       0x2c ..\obj\stm32f0xx_usart.o
 .text.USART_AutoBaudRateCmd
                0x00000000       0x3c ..\obj\stm32f0xx_usart.o
 .text.USART_AutoBaudRateConfig
                0x00000000       0x2c ..\obj\stm32f0xx_usart.o
 .text.USART_ReceiveData
                0x00000000       0x1c ..\obj\stm32f0xx_usart.o
 .text.USART_SetAddress
                0x00000000       0x30 ..\obj\stm32f0xx_usart.o
 .text.USART_MuteModeCmd
                0x00000000       0x3c ..\obj\stm32f0xx_usart.o
 .text.USART_MuteModeWakeUpConfig
                0x00000000       0x2c ..\obj\stm32f0xx_usart.o
 .text.USART_AddressDetectionConfig
                0x00000000       0x2c ..\obj\stm32f0xx_usart.o
 .text.USART_LINBreakDetectLengthConfig
                0x00000000       0x2c ..\obj\stm32f0xx_usart.o
 .text.USART_LINCmd
                0x00000000       0x3c ..\obj\stm32f0xx_usart.o
 .text.USART_HalfDuplexCmd
                0x00000000       0x3c ..\obj\stm32f0xx_usart.o
 .text.USART_SetGuardTime
                0x00000000       0x3c ..\obj\stm32f0xx_usart.o
 .text.USART_SmartCardCmd
                0x00000000       0x3c ..\obj\stm32f0xx_usart.o
 .text.USART_SmartCardNACKCmd
                0x00000000       0x3c ..\obj\stm32f0xx_usart.o
 .text.USART_SetAutoRetryCount
                0x00000000       0x34 ..\obj\stm32f0xx_usart.o
 .text.USART_SetBlockLength
                0x00000000       0x30 ..\obj\stm32f0xx_usart.o
 .text.USART_IrDAConfig
                0x00000000       0x2c ..\obj\stm32f0xx_usart.o
 .text.USART_IrDACmd
                0x00000000       0x3c ..\obj\stm32f0xx_usart.o
 .text.USART_DECmd
                0x00000000       0x3c ..\obj\stm32f0xx_usart.o
 .text.USART_DEPolarityConfig
                0x00000000       0x2c ..\obj\stm32f0xx_usart.o
 .text.USART_SetDEAssertionTime
                0x00000000       0x30 ..\obj\stm32f0xx_usart.o
 .text.USART_SetDEDeassertionTime
                0x00000000       0x30 ..\obj\stm32f0xx_usart.o
 .text.USART_DMACmd
                0x00000000       0x38 ..\obj\stm32f0xx_usart.o
 .text.USART_DMAReceptionErrorConfig
                0x00000000       0x2c ..\obj\stm32f0xx_usart.o
 .text.USART_ITConfig
                0x00000000       0x84 ..\obj\stm32f0xx_usart.o
 .text.USART_RequestCmd
                0x00000000       0x48 ..\obj\stm32f0xx_usart.o
 .text.USART_OverrunDetectionConfig
                0x00000000       0x2c ..\obj\stm32f0xx_usart.o
 .text.USART_ClearFlag
                0x00000000       0x18 ..\obj\stm32f0xx_usart.o
 .text.USART_GetITStatus
                0x00000000       0xb4 ..\obj\stm32f0xx_usart.o
 .text.USART_ClearITPendingBit
                0x00000000       0x30 ..\obj\stm32f0xx_usart.o
 .text          0x00000000        0x0 ..\obj\queue.o
 .data          0x00000000        0x0 ..\obj\queue.o
 .bss           0x00000000        0x0 ..\obj\queue.o
 .text.xQueueCreateMutex
                0x00000000       0x98 ..\obj\queue.o
 .text.xQueueGiveMutexRecursive
                0x00000000       0x58 ..\obj\queue.o
 .text.xQueueTakeMutexRecursive
                0x00000000       0x64 ..\obj\queue.o
 .text.xQueueCreateCountingSemaphore
                0x00000000       0x50 ..\obj\queue.o
 .text.xQueueReceiveFromISR
                0x00000000       0xb0 ..\obj\queue.o
 .text.xQueuePeekFromISR
                0x00000000       0x78 ..\obj\queue.o
 .text.uxQueueMessagesWaiting
                0x00000000       0x2c ..\obj\queue.o
 .text.uxQueueSpacesAvailable
                0x00000000       0x34 ..\obj\queue.o
 .text.uxQueueMessagesWaitingFromISR
                0x00000000       0x24 ..\obj\queue.o
 .text.vQueueDelete
                0x00000000       0x40 ..\obj\queue.o
 .text.uxQueueGetQueueNumber
                0x00000000       0x14 ..\obj\queue.o
 .text.vQueueSetQueueNumber
                0x00000000       0x18 ..\obj\queue.o
 .text.ucQueueGetQueueType
                0x00000000       0x18 ..\obj\queue.o
 .text.xQueueIsQueueEmptyFromISR
                0x00000000       0x30 ..\obj\queue.o
 .text.xQueueIsQueueFullFromISR
                0x00000000       0x34 ..\obj\queue.o
 .text.vQueueUnregisterQueue
                0x00000000       0x44 ..\obj\queue.o
 .text          0x00000000        0x0 ..\obj\port.o
 .bss           0x00000000        0x0 ..\obj\port.o
 .text.vPortEndScheduler
                0x00000000       0x1c ..\obj\port.o
 .text          0x00000000        0x0 ..\obj\system_stm32f0xx.o
 .bss           0x00000000        0x0 ..\obj\system_stm32f0xx.o
 .text.SystemCoreClockUpdate
                0x00000000       0xd0 ..\obj\system_stm32f0xx.o
 .text          0x00000000        0x0 ..\obj\croutine.o
 .data          0x00000000        0x0 ..\obj\croutine.o
 .bss           0x00000000       0x80 ..\obj\croutine.o
 .text.xCoRoutineCreate
                0x00000000       0xcc ..\obj\croutine.o
 .text.vCoRoutineAddToDelayedList
                0x00000000       0x84 ..\obj\croutine.o
 .text.prvCheckPendingReadyList
                0x00000000       0x74 ..\obj\croutine.o
 .text.prvCheckDelayedList
                0x00000000       0xf4 ..\obj\croutine.o
 .text.vCoRoutineSchedule
                0x00000000       0xa0 ..\obj\croutine.o
 .text.prvInitialiseCoRoutineLists
                0x00000000       0x70 ..\obj\croutine.o
 .text.xCoRoutineRemoveFromEventList
                0x00000000       0x54 ..\obj\croutine.o
 .debug_info    0x00000000      0x4ec ..\obj\croutine.o
 .debug_abbrev  0x00000000      0x180 ..\obj\croutine.o
 .debug_loc     0x00000000      0x188 ..\obj\croutine.o
 .debug_aranges
                0x00000000       0x50 ..\obj\croutine.o
 .debug_ranges  0x00000000       0x40 ..\obj\croutine.o
 .debug_line    0x00000000      0x2c8 ..\obj\croutine.o
 .debug_str     0x00000000      0x480 ..\obj\croutine.o
 .comment       0x00000000       0x71 ..\obj\croutine.o
 .ARM.attributes
                0x00000000       0x31 ..\obj\croutine.o
 .debug_frame   0x00000000       0xf0 ..\obj\croutine.o
 .text          0x00000000        0x0 ..\obj\event_groups.o
 .data          0x00000000        0x0 ..\obj\event_groups.o
 .bss           0x00000000        0x0 ..\obj\event_groups.o
 .text.xEventGroupCreate
                0x00000000       0x30 ..\obj\event_groups.o
 .text.xEventGroupSync
                0x00000000      0x120 ..\obj\event_groups.o
 .text.xEventGroupWaitBits
                0x00000000      0x150 ..\obj\event_groups.o
 .text.xEventGroupClearBits
                0x00000000       0x40 ..\obj\event_groups.o
 .text.xEventGroupClearBitsFromISR
                0x00000000       0x48 ..\obj\event_groups.o
 .text.xEventGroupSetBits
                0x00000000       0xe8 ..\obj\event_groups.o
 .text.vEventGroupDelete
                0x00000000       0x54 ..\obj\event_groups.o
 .text.vEventGroupSetBitsCallback
                0x00000000       0x1c ..\obj\event_groups.o
 .text.prvTestWaitCondition
                0x00000000       0x40 ..\obj\event_groups.o
 .text.uxEventGroupGetNumber
                0x00000000       0x28 ..\obj\event_groups.o
 .debug_info    0x00000000      0x67a ..\obj\event_groups.o
 .debug_abbrev  0x00000000      0x137 ..\obj\event_groups.o
 .debug_loc     0x00000000      0x230 ..\obj\event_groups.o
 .debug_aranges
                0x00000000       0x68 ..\obj\event_groups.o
 .debug_ranges  0x00000000       0x58 ..\obj\event_groups.o
 .debug_line    0x00000000      0x382 ..\obj\event_groups.o
 .debug_str     0x00000000      0x485 ..\obj\event_groups.o
 .comment       0x00000000       0x71 ..\obj\event_groups.o
 .ARM.attributes
                0x00000000       0x31 ..\obj\event_groups.o
 .debug_frame   0x00000000      0x150 ..\obj\event_groups.o
 .text          0x00000000        0x0 ..\obj\core_cm0.o
 .data          0x00000000        0x0 ..\obj\core_cm0.o
 .bss           0x00000000        0x0 ..\obj\core_cm0.o
 .text.__get_PSP
                0x00000000       0x10 ..\obj\core_cm0.o
 .text.__set_PSP
                0x00000000        0x8 ..\obj\core_cm0.o
 .text.__get_MSP
                0x00000000       0x10 ..\obj\core_cm0.o
 .text.__set_MSP
                0x00000000        0x8 ..\obj\core_cm0.o
 .text.__get_PRIMASK
                0x00000000       0x1c ..\obj\core_cm0.o
 .text.__set_PRIMASK
                0x00000000       0x14 ..\obj\core_cm0.o
 .text.__get_CONTROL
                0x00000000       0x1c ..\obj\core_cm0.o
 .text.__set_CONTROL
                0x00000000       0x14 ..\obj\core_cm0.o
 .text.__REV    0x00000000       0x1c ..\obj\core_cm0.o
 .text.__REV16  0x00000000       0x24 ..\obj\core_cm0.o
 .text.__REVSH  0x00000000       0x24 ..\obj\core_cm0.o
 .debug_info    0x00000000      0x2ae ..\obj\core_cm0.o
 .debug_abbrev  0x00000000       0xdb ..\obj\core_cm0.o
 .debug_loc     0x00000000      0x188 ..\obj\core_cm0.o
 .debug_aranges
                0x00000000       0x70 ..\obj\core_cm0.o
 .debug_ranges  0x00000000       0x60 ..\obj\core_cm0.o
 .debug_line    0x00000000      0x1ba ..\obj\core_cm0.o
 .debug_str     0x00000000      0x1d8 ..\obj\core_cm0.o
 .comment       0x00000000       0x71 ..\obj\core_cm0.o
 .ARM.attributes
                0x00000000       0x31 ..\obj\core_cm0.o
 .debug_frame   0x00000000      0x130 ..\obj\core_cm0.o
 .data          0x00000000        0x0 c:/program files (x86)/gnu tools arm embedded/4.7 2013q2/bin/../lib/gcc/arm-none-eabi/4.7.4/armv6-m\libgcc.a(_udivsi3.o)
 .bss           0x00000000        0x0 c:/program files (x86)/gnu tools arm embedded/4.7 2013q2/bin/../lib/gcc/arm-none-eabi/4.7.4/armv6-m\libgcc.a(_udivsi3.o)
 .data          0x00000000        0x0 c:/program files (x86)/gnu tools arm embedded/4.7 2013q2/bin/../lib/gcc/arm-none-eabi/4.7.4/armv6-m\libgcc.a(_dvmd_tls.o)
 .bss           0x00000000        0x0 c:/program files (x86)/gnu tools arm embedded/4.7 2013q2/bin/../lib/gcc/arm-none-eabi/4.7.4/armv6-m\libgcc.a(_dvmd_tls.o)
 .text          0x00000000        0x0 c:/program files (x86)/gnu tools arm embedded/4.7 2013q2/bin/../lib/gcc/arm-none-eabi/4.7.4/../../../../arm-none-eabi/lib/armv6-m\libg.a(lib_a-memcmp.o)
 .data          0x00000000        0x0 c:/program files (x86)/gnu tools arm embedded/4.7 2013q2/bin/../lib/gcc/arm-none-eabi/4.7.4/../../../../arm-none-eabi/lib/armv6-m\libg.a(lib_a-memcmp.o)
 .bss           0x00000000        0x0 c:/program files (x86)/gnu tools arm embedded/4.7 2013q2/bin/../lib/gcc/arm-none-eabi/4.7.4/../../../../arm-none-eabi/lib/armv6-m\libg.a(lib_a-memcmp.o)
 .text          0x00000000        0x0 c:/program files (x86)/gnu tools arm embedded/4.7 2013q2/bin/../lib/gcc/arm-none-eabi/4.7.4/../../../../arm-none-eabi/lib/armv6-m\libg.a(lib_a-memcpy.o)
 .data          0x00000000        0x0 c:/program files (x86)/gnu tools arm embedded/4.7 2013q2/bin/../lib/gcc/arm-none-eabi/4.7.4/../../../../arm-none-eabi/lib/armv6-m\libg.a(lib_a-memcpy.o)
 .bss           0x00000000        0x0 c:/program files (x86)/gnu tools arm embedded/4.7 2013q2/bin/../lib/gcc/arm-none-eabi/4.7.4/../../../../arm-none-eabi/lib/armv6-m\libg.a(lib_a-memcpy.o)
 .text          0x00000000        0x0 c:/program files (x86)/gnu tools arm embedded/4.7 2013q2/bin/../lib/gcc/arm-none-eabi/4.7.4/../../../../arm-none-eabi/lib/armv6-m\libg.a(lib_a-memset.o)
 .data          0x00000000        0x0 c:/program files (x86)/gnu tools arm embedded/4.7 2013q2/bin/../lib/gcc/arm-none-eabi/4.7.4/../../../../arm-none-eabi/lib/armv6-m\libg.a(lib_a-memset.o)
 .bss           0x00000000        0x0 c:/program files (x86)/gnu tools arm embedded/4.7 2013q2/bin/../lib/gcc/arm-none-eabi/4.7.4/../../../../arm-none-eabi/lib/armv6-m\libg.a(lib_a-memset.o)

Memory Configuration

Name             Origin             Length             Attributes
rom              0x08000000         0x00010000         xr
ram              0x20000000         0x00002000         xrw
*default*        0x00000000         0xffffffff

Linker script and memory map

                0x20002000                _eram = 0x20002000

.text           0x08000000     0x3be0
 *(.isr_vector .isr_vector.*)
 .isr_vector    0x08000000       0xc4 ..\obj\startup_stm32f0xx.o
                0x08000000                g_pfnVectors
 *(.text .text.* .gnu.linkonce.t.*)
 .text.ETH_send_packet
                0x080000c4       0x90 ..\obj\enc28j60_jose.o
                0x080000c4                ETH_send_packet
 .text.pvPortMalloc
                0x08000154      0x13c ..\obj\heap_4.o
                0x08000154                pvPortMalloc
 .text.vPortFree
                0x08000290       0x94 ..\obj\heap_4.o
                0x08000290                vPortFree
 .text.prvHeapInit
                0x08000324       0xa8 ..\obj\heap_4.o
 .text.prvInsertBlockIntoFreeList
                0x080003cc       0xac ..\obj\heap_4.o
 .text.usartInit
                0x08000478       0xbc ..\obj\usart_jose.o
                0x08000478                usartInit
 .text.usartSend
                0x08000534       0x38 ..\obj\usart_jose.o
                0x08000534                usartSend
 .text.RCC_GetClocksFreq
                0x0800056c      0x1cc ..\obj\stm32f0xx_rcc.o
                0x0800056c                RCC_GetClocksFreq
 .text.RCC_AHBPeriphClockCmd
                0x08000738       0x3c ..\obj\stm32f0xx_rcc.o
                0x08000738                RCC_AHBPeriphClockCmd
 .text.RCC_APB1PeriphClockCmd
                0x08000774       0x3c ..\obj\stm32f0xx_rcc.o
                0x08000774                RCC_APB1PeriphClockCmd
 .text.ETH_SPI_init
                0x080007b0      0x180 ..\obj\stm32f0_spi_jose.o
                0x080007b0                ETH_SPI_init
 .text.spi      0x08000930       0x54 ..\obj\stm32f0_spi_jose.o
                0x08000930                spi
 .text.ETH_ReadETHControlRegister
                0x08000984       0x90 ..\obj\stm32f0_spi_jose.o
                0x08000984                ETH_ReadETHControlRegister
 .text.ETH_ReadMACandMIIControlRegister
                0x08000a14       0x9c ..\obj\stm32f0_spi_jose.o
                0x08000a14                ETH_ReadMACandMIIControlRegister
 .text.ETH_WriteControlRegister
                0x08000ab0       0x8c ..\obj\stm32f0_spi_jose.o
                0x08000ab0                ETH_WriteControlRegister
 .text.ETH_WritePHYRegister
                0x08000b3c       0x50 ..\obj\stm32f0_spi_jose.o
                0x08000b3c                ETH_WritePHYRegister
 .text.ETH_switch_bank
                0x08000b8c       0x60 ..\obj\stm32f0_spi_jose.o
                0x08000b8c                ETH_switch_bank
 .text.ETH_WriteBufferMemory
                0x08000bec       0x64 ..\obj\stm32f0_spi_jose.o
                0x08000bec                ETH_WriteBufferMemory
 .text.ETH_SystemCommandSoftReset
                0x08000c50       0x24 ..\obj\stm32f0_spi_jose.o
                0x08000c50                ETH_SystemCommandSoftReset
 .text.ETH_bit_set
                0x08000c74       0x8c ..\obj\stm32f0_spi_jose.o
                0x08000c74                ETH_bit_set
 .text.ETH_bit_clear
                0x08000d00       0x8c ..\obj\stm32f0_spi_jose.o
                0x08000d00                ETH_bit_clear
 .text.ETH_MAC_init
                0x08000d8c      0x1dc ..\obj\stm32f0_spi_jose.o
                0x08000d8c                ETH_MAC_init
 .text.LED_init
                0x08000f68       0x58 ..\obj\main.o
                0x08000f68                LED_init
 .text.task1    0x08000fc0       0x60 ..\obj\main.o
 .text.task2    0x08001020       0x3c ..\obj\main.o
 .text.main     0x0800105c       0xc8 ..\obj\main.o
                0x0800105c                main
 .text.vApplicationMallocFailedHook
                0x08001124        0x8 ..\obj\main.o
                0x08001124                vApplicationMallocFailedHook
 .text.vApplicationStackOverflowHook
                0x0800112c       0x10 ..\obj\main.o
                0x0800112c                vApplicationStackOverflowHook
 .text.vApplicationTickHook
                0x0800113c        0x8 ..\obj\main.o
                0x0800113c                vApplicationTickHook
 .text.Reset_Handler
                0x08001144       0x44 ..\obj\startup_stm32f0xx.o
                0x08001144                Reset_Handler
 .text.Default_Handler
                0x08001188        0x2 ..\obj\startup_stm32f0xx.o
                0x08001188                TIM1_CC_IRQHandler
                0x08001188                HardFault_Handler
                0x08001188                ADC1_COMP_IRQHandler
                0x08001188                PVD_IRQHandler
                0x08001188                NMI_Handler
                0x08001188                I2C1_IRQHandler
                0x08001188                SPI1_IRQHandler
                0x08001188                TIM6_DAC_IRQHandler
                0x08001188                EXTI2_3_IRQHandler
                0x08001188                I2C2_IRQHandler
                0x08001188                TIM17_IRQHandler
                0x08001188                RTC_IRQHandler
                0x08001188                TIM16_IRQHandler
                0x08001188                TIM3_IRQHandler
                0x08001188                EXTI4_15_IRQHandler
                0x08001188                RCC_IRQHandler
                0x08001188                DMA1_Channel1_IRQHandler
                0x08001188                Default_Handler
                0x08001188                CEC_IRQHandler
                0x08001188                TIM14_IRQHandler
                0x08001188                DMA1_Channel4_5_IRQHandler
                0x08001188                TIM15_IRQHandler
                0x08001188                EXTI0_1_IRQHandler
                0x08001188                SPI2_IRQHandler
                0x08001188                TS_IRQHandler
                0x08001188                WWDG_IRQHandler
                0x08001188                TIM2_IRQHandler
                0x08001188                DMA1_Channel2_3_IRQHandler
                0x08001188                USART2_IRQHandler
                0x08001188                FLASH_IRQHandler
                0x08001188                USART1_IRQHandler
                0x08001188                TIM1_BRK_UP_TRG_COM_IRQHandler
 *fill*         0x0800118a        0x2 00
 .text.xTimerCreateTimerTask
                0x0800118c       0x5c ..\obj\timers.o
                0x0800118c                xTimerCreateTimerTask
 .text.xTimerGenericCommand
                0x080011e8       0xa0 ..\obj\timers.o
                0x080011e8                xTimerGenericCommand
 .text.prvProcessExpiredTimer
                0x08001288       0x74 ..\obj\timers.o
 .text.prvTimerTask
                0x080012fc       0x28 ..\obj\timers.o
 .text.prvProcessTimerOrBlockTask
                0x08001324       0x78 ..\obj\timers.o
 .text.prvGetNextExpireTime
                0x0800139c       0x40 ..\obj\timers.o
 .text.prvSampleTimeNow
                0x080013dc       0x40 ..\obj\timers.o
 .text.prvInsertTimerInActiveList
                0x0800141c       0x84 ..\obj\timers.o
 .text.prvProcessReceivedCommands
                0x080014a0      0x110 ..\obj\timers.o
 .text.prvSwitchTimerLists
                0x080015b0       0xb8 ..\obj\timers.o
 .text.prvCheckForValidListAndQueue
                0x08001668       0x80 ..\obj\timers.o
 .text.xTaskGenericCreate
                0x080016e8      0x16c ..\obj\tasks.o
                0x080016e8                xTaskGenericCreate
 .text.vTaskDelayUntil
                0x08001854       0xc0 ..\obj\tasks.o
                0x08001854                vTaskDelayUntil
 .text.vTaskDelay
                0x08001914       0x64 ..\obj\tasks.o
                0x08001914                vTaskDelay
 .text.vTaskStartScheduler
                0x08001978       0x74 ..\obj\tasks.o
                0x08001978                vTaskStartScheduler
 .text.vTaskSuspendAll
                0x080019ec       0x18 ..\obj\tasks.o
                0x080019ec                vTaskSuspendAll
 .text.xTaskResumeAll
                0x08001a04      0x108 ..\obj\tasks.o
                0x08001a04                xTaskResumeAll
 .text.xTaskGetTickCount
                0x08001b0c       0x24 ..\obj\tasks.o
                0x08001b0c                xTaskGetTickCount
 .text.xTaskIncrementTick
                0x08001b30      0x180 ..\obj\tasks.o
                0x08001b30                xTaskIncrementTick
 .text.vTaskSwitchContext
                0x08001cb0       0xf0 ..\obj\tasks.o
                0x08001cb0                vTaskSwitchContext
 .text.vTaskPlaceOnEventList
                0x08001da0       0x6c ..\obj\tasks.o
                0x08001da0                vTaskPlaceOnEventList
 .text.vTaskPlaceOnEventListRestricted
                0x08001e0c       0x50 ..\obj\tasks.o
                0x08001e0c                vTaskPlaceOnEventListRestricted
 .text.xTaskRemoveFromEventList
                0x08001e5c       0xb8 ..\obj\tasks.o
                0x08001e5c                xTaskRemoveFromEventList
 .text.vTaskSetTimeOutState
                0x08001f14       0x30 ..\obj\tasks.o
                0x08001f14                vTaskSetTimeOutState
 .text.xTaskCheckForTimeOut
                0x08001f44       0x9c ..\obj\tasks.o
                0x08001f44                xTaskCheckForTimeOut
 .text.vTaskMissedYield
                0x08001fe0       0x14 ..\obj\tasks.o
                0x08001fe0                vTaskMissedYield
 .text.prvIdleTask
                0x08001ff4       0x24 ..\obj\tasks.o
 .text.prvInitialiseTCBVariables
                0x08002018       0x94 ..\obj\tasks.o
 .text.prvInitialiseTaskLists
                0x080020ac       0x88 ..\obj\tasks.o
 .text.prvCheckTasksWaitingTermination
                0x08002134       0x74 ..\obj\tasks.o
 .text.prvAddCurrentTaskToDelayedList
                0x080021a8       0x6c ..\obj\tasks.o
 .text.prvAllocateTCBAndStack
                0x08002214       0x70 ..\obj\tasks.o
 .text.prvDeleteTCB
                0x08002284       0x20 ..\obj\tasks.o
 .text.prvResetNextTaskUnblockTime
                0x080022a4       0x44 ..\obj\tasks.o
 .text.xTaskGetCurrentTaskHandle
                0x080022e8       0x1c ..\obj\tasks.o
                0x080022e8                xTaskGetCurrentTaskHandle
 .text.xTaskGetSchedulerState
                0x08002304       0x38 ..\obj\tasks.o
                0x08002304                xTaskGetSchedulerState
 .text.vTaskPriorityInherit
                0x0800233c       0xbc ..\obj\tasks.o
                0x0800233c                vTaskPriorityInherit
 .text.vTaskPriorityDisinherit
                0x080023f8       0x84 ..\obj\tasks.o
                0x080023f8                vTaskPriorityDisinherit
 .text.SPI_Init
                0x0800247c      0x104 ..\obj\stm32f0xx_spi.o
                0x0800247c                SPI_Init
 .text.SPI_Cmd  0x08002580       0x40 ..\obj\stm32f0xx_spi.o
                0x08002580                SPI_Cmd
 .text.SPI_RxFIFOThresholdConfig
                0x080025c0       0x3c ..\obj\stm32f0xx_spi.o
                0x080025c0                SPI_RxFIFOThresholdConfig
 .text.SPI_SendData8
                0x080025fc       0x2c ..\obj\stm32f0xx_spi.o
                0x080025fc                SPI_SendData8
 .text.SPI_ReceiveData8
                0x08002628       0x24 ..\obj\stm32f0xx_spi.o
                0x08002628                SPI_ReceiveData8
 .text.SPI_CalculateCRC
                0x0800264c       0x44 ..\obj\stm32f0xx_spi.o
                0x0800264c                SPI_CalculateCRC
 .text.SPI_I2S_GetFlagStatus
                0x08002690       0x48 ..\obj\stm32f0xx_spi.o
                0x08002690                SPI_I2S_GetFlagStatus
 .text.GPIO_Init
                0x080026d8      0x138 ..\obj\stm32f0xx_gpio.o
                0x080026d8                GPIO_Init
 .text.GPIO_StructInit
                0x08002810       0x30 ..\obj\stm32f0xx_gpio.o
                0x08002810                GPIO_StructInit
 .text.GPIO_WriteBit
                0x08002840       0x30 ..\obj\stm32f0xx_gpio.o
                0x08002840                GPIO_WriteBit
 .text.GPIO_PinAFConfig
                0x08002870       0x9c ..\obj\stm32f0xx_gpio.o
                0x08002870                GPIO_PinAFConfig
 .text.vListInitialise
                0x0800290c       0x3c ..\obj\list.o
                0x0800290c                vListInitialise
 .text.vListInitialiseItem
                0x08002948       0x14 ..\obj\list.o
                0x08002948                vListInitialiseItem
 .text.vListInsertEnd
                0x0800295c       0x44 ..\obj\list.o
                0x0800295c                vListInsertEnd
 .text.vListInsert
                0x080029a0       0x6c ..\obj\list.o
                0x080029a0                vListInsert
 .text.uxListRemove
                0x08002a0c       0x50 ..\obj\list.o
                0x08002a0c                uxListRemove
 .text.USART_Init
                0x08002a5c      0x160 ..\obj\stm32f0xx_usart.o
                0x08002a5c                USART_Init
 .text.USART_Cmd
                0x08002bbc       0x3c ..\obj\stm32f0xx_usart.o
                0x08002bbc                USART_Cmd
 .text.USART_SendData
                0x08002bf8       0x24 ..\obj\stm32f0xx_usart.o
                0x08002bf8                USART_SendData
 .text.USART_GetFlagStatus
                0x08002c1c       0x3c ..\obj\stm32f0xx_usart.o
                0x08002c1c                USART_GetFlagStatus
 .text.xQueueGenericReset
                0x08002c58       0xac ..\obj\queue.o
                0x08002c58                xQueueGenericReset
 .text.xQueueGenericCreate
                0x08002d04       0x8c ..\obj\queue.o
                0x08002d04                xQueueGenericCreate
 .text.xQueueGenericSend
                0x08002d90      0x180 ..\obj\queue.o
                0x08002d90                xQueueGenericSend
 .text.xQueueGenericSendFromISR
                0x08002f10       0xd4 ..\obj\queue.o
                0x08002f10                xQueueGenericSendFromISR
 .text.xQueueGenericReceive
                0x08002fe4      0x1bc ..\obj\queue.o
                0x08002fe4                xQueueGenericReceive
 .text.prvCopyDataToQueue
                0x080031a0       0xd4 ..\obj\queue.o
 .text.prvCopyDataFromQueue
                0x08003274       0x50 ..\obj\queue.o
 .text.prvUnlockQueue
                0x080032c4       0x98 ..\obj\queue.o
 .text.prvIsQueueEmpty
                0x0800335c       0x2c ..\obj\queue.o
 .text.prvIsQueueFull
                0x08003388       0x30 ..\obj\queue.o
 .text.vQueueAddToRegistry
                0x080033b8       0x4c ..\obj\queue.o
                0x080033b8                vQueueAddToRegistry
 .text.vQueueWaitForMessageRestricted
                0x08003404       0x58 ..\obj\queue.o
                0x08003404                vQueueWaitForMessageRestricted
 .text.pxPortInitialiseStack
                0x0800345c       0x54 ..\obj\port.o
                0x0800345c                pxPortInitialiseStack
 .text.prvTaskExitError
                0x080034b0       0x18 ..\obj\port.o
 .text.SVC_Handler
                0x080034c8        0x8 ..\obj\port.o
                0x080034c8                SVC_Handler
 .text.vPortStartFirstTask
                0x080034d0       0x20 ..\obj\port.o
 .text.xPortStartScheduler
                0x080034f0       0x44 ..\obj\port.o
                0x080034f0                xPortStartScheduler
 .text.vPortYield
                0x08003534       0x1c ..\obj\port.o
                0x08003534                vPortYield
 .text.vPortEnterCritical
                0x08003550       0x20 ..\obj\port.o
                0x08003550                vPortEnterCritical
 .text.vPortExitCritical
                0x08003570       0x2c ..\obj\port.o
                0x08003570                vPortExitCritical
 .text.ulSetInterruptMaskFromISR
                0x0800359c        0xc ..\obj\port.o
                0x0800359c                ulSetInterruptMaskFromISR
 .text.vClearInterruptMaskFromISR
                0x080035a8        0x8 ..\obj\port.o
                0x080035a8                vClearInterruptMaskFromISR
 .text.PendSV_Handler
                0x080035b0       0x44 ..\obj\port.o
                0x080035b0                PendSV_Handler
 .text.SysTick_Handler
                0x080035f4       0x34 ..\obj\port.o
                0x080035f4                SysTick_Handler
 .text.prvSetupTimerInterrupt
                0x08003628       0x30 ..\obj\port.o
 .text.SystemInit
                0x08003658       0x8c ..\obj\system_stm32f0xx.o
                0x08003658                SystemInit
 .text.SetSysClock
                0x080036e4       0xe0 ..\obj\system_stm32f0xx.o
 .text          0x080037c4       0x9c c:/program files (x86)/gnu tools arm embedded/4.7 2013q2/bin/../lib/gcc/arm-none-eabi/4.7.4/armv6-m\libgcc.a(_udivsi3.o)
                0x080037c4                __aeabi_uidiv
                0x080037c4                __udivsi3
                0x0800384c                __aeabi_uidivmod
 .text          0x08003860        0x4 c:/program files (x86)/gnu tools arm embedded/4.7 2013q2/bin/../lib/gcc/arm-none-eabi/4.7.4/armv6-m\libgcc.a(_dvmd_tls.o)
                0x08003860                __aeabi_idiv0
                0x08003860                __aeabi_ldiv0
 .text.memcmp   0x08003864       0xb4 c:/program files (x86)/gnu tools arm embedded/4.7 2013q2/bin/../lib/gcc/arm-none-eabi/4.7.4/../../../../arm-none-eabi/lib/armv6-m\libg.a(lib_a-memcmp.o)
                0x08003864                memcmp
 .text.memcpy   0x08003918      0x144 c:/program files (x86)/gnu tools arm embedded/4.7 2013q2/bin/../lib/gcc/arm-none-eabi/4.7.4/../../../../arm-none-eabi/lib/armv6-m\libg.a(lib_a-memcpy.o)
                0x08003918                memcpy
 .text.memset   0x08003a5c      0x118 c:/program files (x86)/gnu tools arm embedded/4.7 2013q2/bin/../lib/gcc/arm-none-eabi/4.7.4/../../../../arm-none-eabi/lib/armv6-m\libg.a(lib_a-memset.o)
                0x08003a5c                memset
 *(.glue_7t)
 .glue_7t       0x00000000        0x0 linker stubs
 *(.glue_7)
 .glue_7        0x00000000        0x0 linker stubs
 *(.rodata .rodata* .gnu.linkonce.r.*)
 .rodata        0x08003b74        0x8 ..\obj\heap_4.o
 .rodata        0x08003b7c       0x10 ..\obj\main.o
 .rodata        0x08003b8c       0x38 ..\obj\timers.o
 .rodata        0x08003bc4       0x1c ..\obj\tasks.o

.vfp11_veneer   0x08003be0        0x0
 .vfp11_veneer  0x00000000        0x0 linker stubs

.v4_bx          0x08003be0        0x0
 .v4_bx         0x00000000        0x0 linker stubs

.iplt           0x08003be0        0x0
 .iplt          0x00000000        0x0 ..\obj\enc28j60_jose.o

.rel.dyn        0x08003be0        0x0
 .rel.iplt      0x00000000        0x0 ..\obj\enc28j60_jose.o

.ARM.extab
 *(.ARM.extab* .gnu.linkonce.armextab.*)
                0x08003be0                __exidx_start = .

.ARM.exidx
 *(.ARM.exidx* .gnu.linkonce.armexidx.*)
                0x08003be0                __exidx_end = .
                0x08003be0                . = ALIGN (0x4)
                0x08003be0                _etext = .
                0x08003be0                _sidata = .

.data           0x20000000      0x238 load address 0x08003be0
                0x20000000                _sdata = .
 *(.data .data.*)
 .data          0x20000000        0x8 ..\obj\heap_4.o
 .data          0x20000008       0x10 ..\obj\stm32f0xx_rcc.o
 .data          0x20000018      0x204 ..\obj\main.o
 .data          0x2000021c        0x4 ..\obj\tasks.o
 .data          0x20000220        0x4 ..\obj\port.o
 .data          0x20000224       0x14 ..\obj\system_stm32f0xx.o
                0x20000224                SystemCoreClock
                0x20000228                AHBPrescTable
                0x20000238                . = ALIGN (0x4)
                0x20000238                _edata = .

.igot.plt       0x20000238        0x0 load address 0x08003e18
 .igot.plt      0x00000000        0x0 ..\obj\enc28j60_jose.o

.bss            0x20000238     0x1af4 load address 0x08003e18
                0x20000238                _sbss = .
 *(.bss .bss.*)
 .bss           0x20000238     0x1974 ..\obj\heap_4.o
 .bss           0x20001bac        0x1 ..\obj\stm32f0_spi_jose.o
                0x20001bac                last_bank
 *fill*         0x20001bad        0x3 00
 .bss           0x20001bb0        0x8 ..\obj\main.o
 .bss           0x20001bb8       0x38 ..\obj\timers.o
 .bss           0x20001bf0       0xfc ..\obj\tasks.o
                0x20001bf0                pxCurrentTCB
 *(COMMON)
 COMMON         0x20001cec       0x40 ..\obj\queue.o
                0x20001cec                xQueueRegistry
                0x20001d2c                . = ALIGN (0x4)
                0x20001d2c                _ebss = .

.co_stack       0x20001d2c        0x4 load address 0x0800590c
                0x20001d30                . = ALIGN (0x8)
 *fill*         0x20001d2c        0x4 00
 *(.co_stack .co_stack.*)
                0x20001d30                . = ALIGN (0x4)
                0x20001d30                _end = .
LOAD ..\obj\enc28j60_jose.o
LOAD ..\obj\heap_4.o
LOAD ..\obj\usart_jose.o
LOAD ..\obj\stm32f0xx_rcc.o
LOAD ..\obj\stm32f0_spi_jose.o
LOAD ..\obj\main.o
LOAD ..\obj\startup_stm32f0xx.o
LOAD ..\obj\timers.o
LOAD ..\obj\tasks.o
LOAD ..\obj\stm32f0xx_spi.o
LOAD ..\obj\stm32f0xx_gpio.o
LOAD ..\obj\list.o
LOAD ..\obj\stm32f0xx_usart.o
LOAD ..\obj\queue.o
LOAD ..\obj\port.o
LOAD ..\obj\system_stm32f0xx.o
LOAD ..\obj\croutine.o
LOAD ..\obj\event_groups.o
LOAD ..\obj\core_cm0.o
START GROUP
LOAD c:/program files (x86)/gnu tools arm embedded/4.7 2013q2/bin/../lib/gcc/arm-none-eabi/4.7.4/armv6-m\libgcc.a
LOAD c:/program files (x86)/gnu tools arm embedded/4.7 2013q2/bin/../lib/gcc/arm-none-eabi/4.7.4/../../../../arm-none-eabi/lib/armv6-m\libg.a
LOAD c:/program files (x86)/gnu tools arm embedded/4.7 2013q2/bin/../lib/gcc/arm-none-eabi/4.7.4/../../../../arm-none-eabi/lib/armv6-m\libc.a
END GROUP
OUTPUT(elliana.elf elf32-littlearm)

.debug_info     0x00000000     0x7068
 .debug_info    0x00000000      0x148 ..\obj\enc28j60_jose.o
 .debug_info    0x00000148      0x330 ..\obj\heap_4.o
 .debug_info    0x00000478      0x4b9 ..\obj\usart_jose.o
 .debug_info    0x00000931      0xa63 ..\obj\stm32f0xx_rcc.o
 .debug_info    0x00001394      0x789 ..\obj\stm32f0_spi_jose.o
 .debug_info    0x00001b1d      0x47b ..\obj\main.o
 .debug_info    0x00001f98       0xa1 ..\obj\startup_stm32f0xx.o
 .debug_info    0x00002039      0x801 ..\obj\timers.o
 .debug_info    0x0000283a     0x12db ..\obj\tasks.o
 .debug_info    0x00003b15      0xb56 ..\obj\stm32f0xx_spi.o
 .debug_info    0x0000466b      0x618 ..\obj\stm32f0xx_gpio.o
 .debug_info    0x00004c83      0x2c1 ..\obj\list.o
 .debug_info    0x00004f44      0xf43 ..\obj\stm32f0xx_usart.o
 .debug_info    0x00005e87      0xc4a ..\obj\queue.o
 .debug_info    0x00006ad1      0x288 ..\obj\port.o
 .debug_info    0x00006d59      0x30f ..\obj\system_stm32f0xx.o

.debug_abbrev   0x00000000     0x1634
 .debug_abbrev  0x00000000       0xa3 ..\obj\enc28j60_jose.o
 .debug_abbrev  0x000000a3      0x172 ..\obj\heap_4.o
 .debug_abbrev  0x00000215      0x14a ..\obj\usart_jose.o
 .debug_abbrev  0x0000035f      0x1ee ..\obj\stm32f0xx_rcc.o
 .debug_abbrev  0x0000054d      0x1c9 ..\obj\stm32f0_spi_jose.o
 .debug_abbrev  0x00000716      0x185 ..\obj\main.o
 .debug_abbrev  0x0000089b       0x12 ..\obj\startup_stm32f0xx.o
 .debug_abbrev  0x000008ad      0x188 ..\obj\timers.o
 .debug_abbrev  0x00000a35      0x226 ..\obj\tasks.o
 .debug_abbrev  0x00000c5b      0x1a3 ..\obj\stm32f0xx_spi.o
 .debug_abbrev  0x00000dfe      0x190 ..\obj\stm32f0xx_gpio.o
 .debug_abbrev  0x00000f8e       0xbe ..\obj\list.o
 .debug_abbrev  0x0000104c      0x15e ..\obj\stm32f0xx_usart.o
 .debug_abbrev  0x000011aa      0x1ba ..\obj\queue.o
 .debug_abbrev  0x00001364      0x19a ..\obj\port.o
 .debug_abbrev  0x000014fe      0x136 ..\obj\system_stm32f0xx.o

.debug_loc      0x00000000     0x3a2a
 .debug_loc     0x00000000       0x70 ..\obj\enc28j60_jose.o
 .debug_loc     0x00000070      0x164 ..\obj\heap_4.o
 .debug_loc     0x000001d4       0xa8 ..\obj\usart_jose.o
 .debug_loc     0x0000027c      0x864 ..\obj\stm32f0xx_rcc.o
 .debug_loc     0x00000ae0      0x304 ..\obj\stm32f0_spi_jose.o
 .debug_loc     0x00000de4      0x19c ..\obj\main.o
 .debug_loc     0x00000f80      0x304 ..\obj\timers.o
 .debug_loc     0x00001284      0x9a8 ..\obj\tasks.o
 .debug_loc     0x00001c2c      0x6ca ..\obj\stm32f0xx_spi.o
 .debug_loc     0x000022f6      0x2d8 ..\obj\stm32f0xx_gpio.o
 .debug_loc     0x000025ce      0x118 ..\obj\list.o
 .debug_loc     0x000026e6      0xab8 ..\obj\stm32f0xx_usart.o
 .debug_loc     0x0000319e      0x620 ..\obj\queue.o
 .debug_loc     0x000037be      0x1d0 ..\obj\port.o
 .debug_loc     0x0000398e       0x9c ..\obj\system_stm32f0xx.o

.debug_aranges  0x00000000      0xa28
 .debug_aranges
                0x00000000       0x28 ..\obj\enc28j60_jose.o
 .debug_aranges
                0x00000028       0x50 ..\obj\heap_4.o
 .debug_aranges
                0x00000078       0x30 ..\obj\usart_jose.o
 .debug_aranges
                0x000000a8      0x150 ..\obj\stm32f0xx_rcc.o
 .debug_aranges
                0x000001f8       0x88 ..\obj\stm32f0_spi_jose.o
 .debug_aranges
                0x00000280       0x58 ..\obj\main.o
 .debug_aranges
                0x000002d8       0x28 ..\obj\startup_stm32f0xx.o
 .debug_aranges
                0x00000300       0x88 ..\obj\timers.o
 .debug_aranges
                0x00000388      0x180 ..\obj\tasks.o
 .debug_aranges
                0x00000508      0x110 ..\obj\stm32f0xx_spi.o
 .debug_aranges
                0x00000618       0x80 ..\obj\stm32f0xx_gpio.o
 .debug_aranges
                0x00000698       0x40 ..\obj\list.o
 .debug_aranges
                0x000006d8      0x1a0 ..\obj\stm32f0xx_usart.o
 .debug_aranges
                0x00000878       0xf8 ..\obj\queue.o
 .debug_aranges
                0x00000970       0x88 ..\obj\port.o
 .debug_aranges
                0x000009f8       0x30 ..\obj\system_stm32f0xx.o

.debug_ranges   0x00000000      0x930
 .debug_ranges  0x00000000       0x18 ..\obj\enc28j60_jose.o
 .debug_ranges  0x00000018       0x40 ..\obj\heap_4.o
 .debug_ranges  0x00000058       0x20 ..\obj\usart_jose.o
 .debug_ranges  0x00000078      0x140 ..\obj\stm32f0xx_rcc.o
 .debug_ranges  0x000001b8       0x78 ..\obj\stm32f0_spi_jose.o
 .debug_ranges  0x00000230       0x48 ..\obj\main.o
 .debug_ranges  0x00000278       0x20 ..\obj\startup_stm32f0xx.o
 .debug_ranges  0x00000298       0x78 ..\obj\timers.o
 .debug_ranges  0x00000310      0x170 ..\obj\tasks.o
 .debug_ranges  0x00000480      0x100 ..\obj\stm32f0xx_spi.o
 .debug_ranges  0x00000580       0x70 ..\obj\stm32f0xx_gpio.o
 .debug_ranges  0x000005f0       0x30 ..\obj\list.o
 .debug_ranges  0x00000620      0x190 ..\obj\stm32f0xx_usart.o
 .debug_ranges  0x000007b0       0xe8 ..\obj\queue.o
 .debug_ranges  0x00000898       0x78 ..\obj\port.o
 .debug_ranges  0x00000910       0x20 ..\obj\system_stm32f0xx.o

.debug_line     0x00000000     0x3a18
 .debug_line    0x00000000      0x13a ..\obj\enc28j60_jose.o
 .debug_line    0x0000013a      0x277 ..\obj\heap_4.o
 .debug_line    0x000003b1      0x1cf ..\obj\usart_jose.o
 .debug_line    0x00000580      0x4c0 ..\obj\stm32f0xx_rcc.o
 .debug_line    0x00000a40      0x36c ..\obj\stm32f0_spi_jose.o
 .debug_line    0x00000dac      0x2d2 ..\obj\main.o
 .debug_line    0x0000107e       0xa7 ..\obj\startup_stm32f0xx.o
 .debug_line    0x00001125      0x3b1 ..\obj\timers.o
 .debug_line    0x000014d6      0xac4 ..\obj\tasks.o
 .debug_line    0x00001f9a      0x437 ..\obj\stm32f0xx_spi.o
 .debug_line    0x000023d1      0x29b ..\obj\stm32f0xx_gpio.o
 .debug_line    0x0000266c      0x201 ..\obj\list.o
 .debug_line    0x0000286d      0x586 ..\obj\stm32f0xx_usart.o
 .debug_line    0x00002df3      0x7e9 ..\obj\queue.o
 .debug_line    0x000035dc      0x2c5 ..\obj\port.o
 .debug_line    0x000038a1      0x177 ..\obj\system_stm32f0xx.o

.debug_str      0x00000000     0x2fc8
 .debug_str     0x00000000      0x13c ..\obj\enc28j60_jose.o
                                0x17e (size before relaxing)
 .debug_str     0x0000013c      0x238 ..\obj\heap_4.o
                                0x324 (size before relaxing)
 .debug_str     0x00000374      0x2ce ..\obj\usart_jose.o
                                0x3ce (size before relaxing)
 .debug_str     0x00000642      0x576 ..\obj\stm32f0xx_rcc.o
                                0x6c5 (size before relaxing)
 .debug_str     0x00000bb8      0x25b ..\obj\stm32f0_spi_jose.o
                                0x53a (size before relaxing)
 .debug_str     0x00000e13      0x108 ..\obj\main.o
                                0x3ce (size before relaxing)
 .debug_str     0x00000f1b      0x47b ..\obj\timers.o
                                0x5e0 (size before relaxing)
 .debug_str     0x00001396      0x960 ..\obj\tasks.o
                                0xb7c (size before relaxing)
 .debug_str     0x00001cf6      0x3b1 ..\obj\stm32f0xx_spi.o
                                0x69e (size before relaxing)
 .debug_str     0x000020a7      0x176 ..\obj\stm32f0xx_gpio.o
                                0x42c (size before relaxing)
 .debug_str     0x0000221d       0xbb ..\obj\list.o
                                0x25c (size before relaxing)
 .debug_str     0x000022d8      0x658 ..\obj\stm32f0xx_usart.o
                                0x8f3 (size before relaxing)
 .debug_str     0x00002930      0x472 ..\obj\queue.o
                                0x6db (size before relaxing)
 .debug_str     0x00002da2      0x195 ..\obj\port.o
                                0x2d0 (size before relaxing)
 .debug_str     0x00002f37       0x91 ..\obj\system_stm32f0xx.o
                                0x236 (size before relaxing)

.comment        0x00000000       0x70
 .comment       0x00000000       0x70 ..\obj\enc28j60_jose.o
                                 0x71 (size before relaxing)
 .comment       0x00000000       0x71 ..\obj\heap_4.o
 .comment       0x00000000       0x71 ..\obj\usart_jose.o
 .comment       0x00000000       0x71 ..\obj\stm32f0xx_rcc.o
 .comment       0x00000000       0x71 ..\obj\stm32f0_spi_jose.o
 .comment       0x00000000       0x71 ..\obj\main.o
 .comment       0x00000000       0x71 ..\obj\timers.o
 .comment       0x00000000       0x71 ..\obj\tasks.o
 .comment       0x00000000       0x71 ..\obj\stm32f0xx_spi.o
 .comment       0x00000000       0x71 ..\obj\stm32f0xx_gpio.o
 .comment       0x00000000       0x71 ..\obj\list.o
 .comment       0x00000000       0x71 ..\obj\stm32f0xx_usart.o
 .comment       0x00000000       0x71 ..\obj\queue.o
 .comment       0x00000000       0x71 ..\obj\port.o
 .comment       0x00000000       0x71 ..\obj\system_stm32f0xx.o

.ARM.attributes
                0x00000000       0x2f
 .ARM.attributes
                0x00000000       0x31 ..\obj\enc28j60_jose.o
 .ARM.attributes
                0x00000031       0x31 ..\obj\heap_4.o
 .ARM.attributes
                0x00000062       0x31 ..\obj\usart_jose.o
 .ARM.attributes
                0x00000093       0x31 ..\obj\stm32f0xx_rcc.o
 .ARM.attributes
                0x000000c4       0x31 ..\obj\stm32f0_spi_jose.o
 .ARM.attributes
                0x000000f5       0x31 ..\obj\main.o
 .ARM.attributes
                0x00000126       0x21 ..\obj\startup_stm32f0xx.o
 .ARM.attributes
                0x00000147       0x31 ..\obj\timers.o
 .ARM.attributes
                0x00000178       0x31 ..\obj\tasks.o
 .ARM.attributes
                0x000001a9       0x31 ..\obj\stm32f0xx_spi.o
 .ARM.attributes
                0x000001da       0x31 ..\obj\stm32f0xx_gpio.o
 .ARM.attributes
                0x0000020b       0x31 ..\obj\list.o
 .ARM.attributes
                0x0000023c       0x31 ..\obj\stm32f0xx_usart.o
 .ARM.attributes
                0x0000026d       0x31 ..\obj\queue.o
 .ARM.attributes
                0x0000029e       0x31 ..\obj\port.o
 .ARM.attributes
                0x000002cf       0x31 ..\obj\system_stm32f0xx.o
 .ARM.attributes
                0x00000300       0x1e c:/program files (x86)/gnu tools arm embedded/4.7 2013q2/bin/../lib/gcc/arm-none-eabi/4.7.4/armv6-m\libgcc.a(_udivsi3.o)
 .ARM.attributes
                0x0000031e       0x1e c:/program files (x86)/gnu tools arm embedded/4.7 2013q2/bin/../lib/gcc/arm-none-eabi/4.7.4/armv6-m\libgcc.a(_dvmd_tls.o)
 .ARM.attributes
                0x0000033c       0x2c c:/program files (x86)/gnu tools arm embedded/4.7 2013q2/bin/../lib/gcc/arm-none-eabi/4.7.4/../../../../arm-none-eabi/lib/armv6-m\libg.a(lib_a-memcmp.o)
 .ARM.attributes
                0x00000368       0x2c c:/program files (x86)/gnu tools arm embedded/4.7 2013q2/bin/../lib/gcc/arm-none-eabi/4.7.4/../../../../arm-none-eabi/lib/armv6-m\libg.a(lib_a-memcpy.o)
 .ARM.attributes
                0x00000394       0x2c c:/program files (x86)/gnu tools arm embedded/4.7 2013q2/bin/../lib/gcc/arm-none-eabi/4.7.4/../../../../arm-none-eabi/lib/armv6-m\libg.a(lib_a-memset.o)

.debug_frame    0x00000000     0x2368
 .debug_frame   0x00000000       0x50 ..\obj\enc28j60_jose.o
 .debug_frame   0x00000050       0xe4 ..\obj\heap_4.o
 .debug_frame   0x00000134       0x70 ..\obj\usart_jose.o
 .debug_frame   0x000001a4      0x4e4 ..\obj\stm32f0xx_rcc.o
 .debug_frame   0x00000688      0x1cc ..\obj\stm32f0_spi_jose.o
 .debug_frame   0x00000854      0x104 ..\obj\main.o
 .debug_frame   0x00000958      0x1cc ..\obj\timers.o
 .debug_frame   0x00000b24      0x5a0 ..\obj\tasks.o
 .debug_frame   0x000010c4      0x3f0 ..\obj\stm32f0xx_spi.o
 .debug_frame   0x000014b4      0x1b0 ..\obj\stm32f0xx_gpio.o
 .debug_frame   0x00001664       0xb0 ..\obj\list.o
 .debug_frame   0x00001714      0x630 ..\obj\stm32f0xx_usart.o
 .debug_frame   0x00001d44      0x390 ..\obj\queue.o
 .debug_frame   0x000020d4      0x174 ..\obj\port.o
 .debug_frame   0x00002248       0x6c ..\obj\system_stm32f0xx.o
 .debug_frame   0x000022b4       0x20 c:/program files (x86)/gnu tools arm embedded/4.7 2013q2/bin/../lib/gcc/arm-none-eabi/4.7.4/armv6-m\libgcc.a(_udivsi3.o)
 .debug_frame   0x000022d4       0x30 c:/program files (x86)/gnu tools arm embedded/4.7 2013q2/bin/../lib/gcc/arm-none-eabi/4.7.4/../../../../arm-none-eabi/lib/armv6-m\libg.a(lib_a-memcmp.o)
 .debug_frame   0x00002304       0x34 c:/program files (x86)/gnu tools arm embedded/4.7 2013q2/bin/../lib/gcc/arm-none-eabi/4.7.4/../../../../arm-none-eabi/lib/armv6-m\libg.a(lib_a-memcpy.o)
 .debug_frame   0x00002338       0x30 c:/program files (x86)/gnu tools arm embedded/4.7 2013q2/bin/../lib/gcc/arm-none-eabi/4.7.4/../../../../arm-none-eabi/lib/armv6-m\libg.a(lib_a-memset.o)
