Archive member included because of file (symbol)

c:/program files (x86)/gnu tools arm embedded/4.7 2013q2/bin/../lib/gcc/arm-none-eabi/4.7.4/armv6-m\libgcc.a(_udivsi3.o)
                              ..\obj\stm32f0xx_rcc.o (__aeabi_uidiv)
c:/program files (x86)/gnu tools arm embedded/4.7 2013q2/bin/../lib/gcc/arm-none-eabi/4.7.4/armv6-m\libgcc.a(_dvmd_tls.o)
                              c:/program files (x86)/gnu tools arm embedded/4.7 2013q2/bin/../lib/gcc/arm-none-eabi/4.7.4/armv6-m\libgcc.a(_udivsi3.o) (__aeabi_idiv0)
c:/program files (x86)/gnu tools arm embedded/4.7 2013q2/bin/../lib/gcc/arm-none-eabi/4.7.4/../../../../arm-none-eabi/lib/armv6-m\libg.a(lib_a-memcmp.o)
                              ..\obj\ipstack.o (memcmp)
c:/program files (x86)/gnu tools arm embedded/4.7 2013q2/bin/../lib/gcc/arm-none-eabi/4.7.4/../../../../arm-none-eabi/lib/armv6-m\libg.a(lib_a-memcpy.o)
                              ..\obj\ipstack.o (memcpy)
c:/program files (x86)/gnu tools arm embedded/4.7 2013q2/bin/../lib/gcc/arm-none-eabi/4.7.4/../../../../arm-none-eabi/lib/armv6-m\libg.a(lib_a-memset.o)
                              ..\obj\ipstack.o (memset)
c:/program files (x86)/gnu tools arm embedded/4.7 2013q2/bin/../lib/gcc/arm-none-eabi/4.7.4/../../../../arm-none-eabi/lib/armv6-m\libg.a(lib_a-strlen.o)
                              ..\obj\ipstack.o (strlen)

Allocating common symbols
Common symbol       size              file

serverIP            0x4               ..\obj\ipstack.o
xQueueRegistry      0x40              ..\obj\queue.o

Discarded input sections

 .text          0x00000000        0x0 ..\obj\enc28j60.o
 .data          0x00000000        0x0 ..\obj\enc28j60.o
 .text.enc28j60_read_phy
                0x00000000       0x4c ..\obj\enc28j60.o
 .text          0x00000000        0x0 ..\obj\heap_4.o
 .text.xPortGetFreeHeapSize
                0x00000000       0x14 ..\obj\heap_4.o
 .text.xPortGetMinimumEverFreeHeapSize
                0x00000000       0x14 ..\obj\heap_4.o
 .text.vPortInitialiseBlocks
                0x00000000        0x8 ..\obj\heap_4.o
 .text          0x00000000        0x0 ..\obj\usart_jose.o
 .data          0x00000000        0x0 ..\obj\usart_jose.o
 .bss           0x00000000        0x0 ..\obj\usart_jose.o
 .text.usartSendString
                0x00000000       0x44 ..\obj\usart_jose.o
 .text          0x00000000        0x0 ..\obj\ipstack.o
 .bss           0x00000000        0x0 ..\obj\ipstack.o
 .text.add32    0x00000000       0xc8 ..\obj\ipstack.o
 .text.SetupBasicIPPacket
                0x00000000      0x110 ..\obj\ipstack.o
 .text.ackTcp   0x00000000      0x2d0 ..\obj\ipstack.o
 .text.SendPing
                0x00000000       0xec ..\obj\ipstack.o
 .text.DNSLookup
                0x00000000      0x3e8 ..\obj\ipstack.o
 .text.IPstackHTMLPost
                0x00000000      0x64c ..\obj\ipstack.o
 .text.printStruct
                0x00000000       0x3c ..\obj\ipstack.o
 COMMON         0x00000000        0x4 ..\obj\ipstack.o
 .text          0x00000000        0x0 ..\obj\stm32f0xx_rcc.o
 .bss           0x00000000        0x0 ..\obj\stm32f0xx_rcc.o
 .text.RCC_DeInit
                0x00000000       0x88 ..\obj\stm32f0xx_rcc.o
 .text.RCC_HSEConfig
                0x00000000       0x24 ..\obj\stm32f0xx_rcc.o
 .text.RCC_WaitForHSEStartUp
                0x00000000       0x60 ..\obj\stm32f0xx_rcc.o
 .text.RCC_AdjustHSICalibrationValue
                0x00000000       0x3c ..\obj\stm32f0xx_rcc.o
 .text.RCC_HSICmd
                0x00000000       0x38 ..\obj\stm32f0xx_rcc.o
 .text.RCC_AdjustHSI14CalibrationValue
                0x00000000       0x3c ..\obj\stm32f0xx_rcc.o
 .text.RCC_HSI14Cmd
                0x00000000       0x38 ..\obj\stm32f0xx_rcc.o
 .text.RCC_HSI14ADCRequestCmd
                0x00000000       0x38 ..\obj\stm32f0xx_rcc.o
 .text.RCC_LSEConfig
                0x00000000       0x38 ..\obj\stm32f0xx_rcc.o
 .text.RCC_LSEDriveConfig
                0x00000000       0x2c ..\obj\stm32f0xx_rcc.o
 .text.RCC_LSICmd
                0x00000000       0x38 ..\obj\stm32f0xx_rcc.o
 .text.RCC_PLLConfig
                0x00000000       0x34 ..\obj\stm32f0xx_rcc.o
 .text.RCC_PLLCmd
                0x00000000       0x40 ..\obj\stm32f0xx_rcc.o
 .text.RCC_PREDIV1Config
                0x00000000       0x34 ..\obj\stm32f0xx_rcc.o
 .text.RCC_ClockSecuritySystemCmd
                0x00000000       0x40 ..\obj\stm32f0xx_rcc.o
 .text.RCC_MCOConfig
                0x00000000       0x20 ..\obj\stm32f0xx_rcc.o
 .text.RCC_SYSCLKConfig
                0x00000000       0x34 ..\obj\stm32f0xx_rcc.o
 .text.RCC_GetSYSCLKSource
                0x00000000       0x1c ..\obj\stm32f0xx_rcc.o
 .text.RCC_HCLKConfig
                0x00000000       0x34 ..\obj\stm32f0xx_rcc.o
 .text.RCC_PCLKConfig
                0x00000000       0x38 ..\obj\stm32f0xx_rcc.o
 .text.RCC_ADCCLKConfig
                0x00000000       0x50 ..\obj\stm32f0xx_rcc.o
 .text.RCC_CECCLKConfig
                0x00000000       0x2c ..\obj\stm32f0xx_rcc.o
 .text.RCC_I2CCLKConfig
                0x00000000       0x2c ..\obj\stm32f0xx_rcc.o
 .text.RCC_USARTCLKConfig
                0x00000000       0x2c ..\obj\stm32f0xx_rcc.o
 .text.RCC_RTCCLKConfig
                0x00000000       0x20 ..\obj\stm32f0xx_rcc.o
 .text.RCC_RTCCLKCmd
                0x00000000       0x40 ..\obj\stm32f0xx_rcc.o
 .text.RCC_BackupResetCmd
                0x00000000       0x40 ..\obj\stm32f0xx_rcc.o
 .text.RCC_APB2PeriphClockCmd
                0x00000000       0x3c ..\obj\stm32f0xx_rcc.o
 .text.RCC_AHBPeriphResetCmd
                0x00000000       0x3c ..\obj\stm32f0xx_rcc.o
 .text.RCC_APB2PeriphResetCmd
                0x00000000       0x3c ..\obj\stm32f0xx_rcc.o
 .text.RCC_APB1PeriphResetCmd
                0x00000000       0x3c ..\obj\stm32f0xx_rcc.o
 .text.RCC_ITConfig
                0x00000000       0x50 ..\obj\stm32f0xx_rcc.o
 .text.RCC_GetFlagStatus
                0x00000000       0x90 ..\obj\stm32f0xx_rcc.o
 .text.RCC_ClearFlag
                0x00000000       0x1c ..\obj\stm32f0xx_rcc.o
 .text.RCC_GetITStatus
                0x00000000       0x44 ..\obj\stm32f0xx_rcc.o
 .text.RCC_ClearITPendingBit
                0x00000000       0x20 ..\obj\stm32f0xx_rcc.o
 .text          0x00000000        0x0 ..\obj\main.o
 .data          0x00000000        0x0 ..\obj\main.o
 .bss           0x00000000        0x0 ..\obj\main.o
 .text.task2    0x00000000       0x30 ..\obj\main.o
 .text.vApplicationIdleHook
                0x00000000        0x8 ..\obj\main.o
 .text          0x00000000       0x14 ..\obj\startup_stm32f0xx.o
 .data          0x00000000        0x0 ..\obj\startup_stm32f0xx.o
 .bss           0x00000000        0x0 ..\obj\startup_stm32f0xx.o
 .text          0x00000000        0x0 ..\obj\timers.o
 .data          0x00000000        0x0 ..\obj\timers.o
 .text.xTimerCreate
                0x00000000       0x6c ..\obj\timers.o
 .text.xTimerIsTimerActive
                0x00000000       0x2c ..\obj\timers.o
 .text.pvTimerGetTimerID
                0x00000000       0x18 ..\obj\timers.o
 .text          0x00000000        0x0 ..\obj\tasks.o
 .text.vTaskDelete
                0x00000000       0xa4 ..\obj\tasks.o
 .text.vTaskDelayUntil
                0x00000000       0xc0 ..\obj\tasks.o
 .text.vTaskDelay
                0x00000000       0x64 ..\obj\tasks.o
 .text.uxTaskPriorityGet
                0x00000000       0x34 ..\obj\tasks.o
 .text.vTaskPrioritySet
                0x00000000      0x120 ..\obj\tasks.o
 .text.vTaskSuspend
                0x00000000       0xb0 ..\obj\tasks.o
 .text.prvTaskIsTaskSuspended
                0x00000000       0x60 ..\obj\tasks.o
 .text.vTaskResume
                0x00000000       0x9c ..\obj\tasks.o
 .text.xTaskResumeFromISR
                0x00000000       0xbc ..\obj\tasks.o
 .text.vTaskEndScheduler
                0x00000000       0x18 ..\obj\tasks.o
 .text.xTaskGetTickCountFromISR
                0x00000000       0x2c ..\obj\tasks.o
 .text.uxTaskGetNumberOfTasks
                0x00000000       0x14 ..\obj\tasks.o
 .text.uxTaskGetSystemState
                0x00000000       0xfc ..\obj\tasks.o
 .text.vTaskPlaceOnUnorderedEventList
                0x00000000       0x8c ..\obj\tasks.o
 .text.xTaskRemoveFromUnorderedEventList
                0x00000000       0xb0 ..\obj\tasks.o
 .text.uxTaskGetTaskNumber
                0x00000000       0x28 ..\obj\tasks.o
 .text.vTaskSetTaskNumber
                0x00000000       0x20 ..\obj\tasks.o
 .text.prvListTaskWithinSingleList
                0x00000000      0x11c ..\obj\tasks.o
 .text.prvTaskCheckFreeStackSpace
                0x00000000       0x34 ..\obj\tasks.o
 .text.uxTaskResetEventItemValue
                0x00000000       0x2c ..\obj\tasks.o
 .text          0x00000000        0x0 ..\obj\stm32f0xx_spi.o
 .data          0x00000000        0x0 ..\obj\stm32f0xx_spi.o
 .bss           0x00000000        0x0 ..\obj\stm32f0xx_spi.o
 .text.SPI_I2S_DeInit
                0x00000000       0x58 ..\obj\stm32f0xx_spi.o
 .text.SPI_StructInit
                0x00000000       0x48 ..\obj\stm32f0xx_spi.o
 .text.I2S_StructInit
                0x00000000       0x34 ..\obj\stm32f0xx_spi.o
 .text.I2S_Init
                0x00000000      0x1c0 ..\obj\stm32f0xx_spi.o
 .text.SPI_TIModeCmd
                0x00000000       0x40 ..\obj\stm32f0xx_spi.o
 .text.I2S_Cmd  0x00000000       0x44 ..\obj\stm32f0xx_spi.o
 .text.SPI_DataSizeConfig
                0x00000000       0x58 ..\obj\stm32f0xx_spi.o
 .text.SPI_BiDirectionalLineConfig
                0x00000000       0x48 ..\obj\stm32f0xx_spi.o
 .text.SPI_NSSInternalSoftwareConfig
                0x00000000       0x4c ..\obj\stm32f0xx_spi.o
 .text.SPI_SSOutputCmd
                0x00000000       0x40 ..\obj\stm32f0xx_spi.o
 .text.SPI_NSSPulseModeCmd
                0x00000000       0x40 ..\obj\stm32f0xx_spi.o
 .text.SPI_I2S_SendData16
                0x00000000       0x1c ..\obj\stm32f0xx_spi.o
 .text.SPI_I2S_ReceiveData16
                0x00000000       0x18 ..\obj\stm32f0xx_spi.o
 .text.SPI_CRCLengthConfig
                0x00000000       0x3c ..\obj\stm32f0xx_spi.o
 .text.SPI_TransmitCRC
                0x00000000       0x20 ..\obj\stm32f0xx_spi.o
 .text.SPI_GetCRC
                0x00000000       0x44 ..\obj\stm32f0xx_spi.o
 .text.SPI_GetCRCPolynomial
                0x00000000       0x18 ..\obj\stm32f0xx_spi.o
 .text.SPI_I2S_DMACmd
                0x00000000       0x48 ..\obj\stm32f0xx_spi.o
 .text.SPI_LastDMATransferCmd
                0x00000000       0x3c ..\obj\stm32f0xx_spi.o
 .text.SPI_I2S_ITConfig
                0x00000000       0x7c ..\obj\stm32f0xx_spi.o
 .text.SPI_GetTransmissionFIFOStatus
                0x00000000       0x20 ..\obj\stm32f0xx_spi.o
 .text.SPI_GetReceptionFIFOStatus
                0x00000000       0x20 ..\obj\stm32f0xx_spi.o
 .text.SPI_I2S_ClearFlag
                0x00000000       0x20 ..\obj\stm32f0xx_spi.o
 .text.SPI_I2S_GetITStatus
                0x00000000       0xb0 ..\obj\stm32f0xx_spi.o
 .text          0x00000000        0x0 ..\obj\stm32f0xx_gpio.o
 .data          0x00000000        0x0 ..\obj\stm32f0xx_gpio.o
 .bss           0x00000000        0x0 ..\obj\stm32f0xx_gpio.o
 .text.GPIO_DeInit
                0x00000000       0xc8 ..\obj\stm32f0xx_gpio.o
 .text.GPIO_PinLockConfig
                0x00000000       0x44 ..\obj\stm32f0xx_gpio.o
 .text.GPIO_ReadInputDataBit
                0x00000000       0x48 ..\obj\stm32f0xx_gpio.o
 .text.GPIO_ReadInputData
                0x00000000       0x18 ..\obj\stm32f0xx_gpio.o
 .text.GPIO_ReadOutputDataBit
                0x00000000       0x48 ..\obj\stm32f0xx_gpio.o
 .text.GPIO_ReadOutputData
                0x00000000       0x18 ..\obj\stm32f0xx_gpio.o
 .text.GPIO_WriteBit
                0x00000000       0x30 ..\obj\stm32f0xx_gpio.o
 .text.GPIO_Write
                0x00000000       0x1c ..\obj\stm32f0xx_gpio.o
 .text          0x00000000        0x0 ..\obj\list.o
 .data          0x00000000        0x0 ..\obj\list.o
 .bss           0x00000000        0x0 ..\obj\list.o
 .text          0x00000000        0x0 ..\obj\stm32f0xx_usart.o
 .data          0x00000000        0x0 ..\obj\stm32f0xx_usart.o
 .bss           0x00000000        0x0 ..\obj\stm32f0xx_usart.o
 .text.USART_DeInit
                0x00000000       0x58 ..\obj\stm32f0xx_usart.o
 .text.USART_StructInit
                0x00000000       0x34 ..\obj\stm32f0xx_usart.o
 .text.USART_ClockInit
                0x00000000       0x48 ..\obj\stm32f0xx_usart.o
 .text.USART_ClockStructInit
                0x00000000       0x28 ..\obj\stm32f0xx_usart.o
 .text.USART_DirectionModeCmd
                0x00000000       0x38 ..\obj\stm32f0xx_usart.o
 .text.USART_OverSampling8Cmd
                0x00000000       0x3c ..\obj\stm32f0xx_usart.o
 .text.USART_OneBitMethodCmd
                0x00000000       0x3c ..\obj\stm32f0xx_usart.o
 .text.USART_MSBFirstCmd
                0x00000000       0x3c ..\obj\stm32f0xx_usart.o
 .text.USART_DataInvCmd
                0x00000000       0x3c ..\obj\stm32f0xx_usart.o
 .text.USART_InvPinCmd
                0x00000000       0x38 ..\obj\stm32f0xx_usart.o
 .text.USART_SWAPPinCmd
                0x00000000       0x3c ..\obj\stm32f0xx_usart.o
 .text.USART_ReceiverTimeOutCmd
                0x00000000       0x3c ..\obj\stm32f0xx_usart.o
 .text.USART_SetReceiverTimeOut
                0x00000000       0x28 ..\obj\stm32f0xx_usart.o
 .text.USART_SetPrescaler
                0x00000000       0x38 ..\obj\stm32f0xx_usart.o
 .text.USART_STOPModeCmd
                0x00000000       0x3c ..\obj\stm32f0xx_usart.o
 .text.USART_StopModeWakeUpSourceConfig
                0x00000000       0x2c ..\obj\stm32f0xx_usart.o
 .text.USART_AutoBaudRateCmd
                0x00000000       0x3c ..\obj\stm32f0xx_usart.o
 .text.USART_AutoBaudRateConfig
                0x00000000       0x2c ..\obj\stm32f0xx_usart.o
 .text.USART_ReceiveData
                0x00000000       0x1c ..\obj\stm32f0xx_usart.o
 .text.USART_SetAddress
                0x00000000       0x30 ..\obj\stm32f0xx_usart.o
 .text.USART_MuteModeCmd
                0x00000000       0x3c ..\obj\stm32f0xx_usart.o
 .text.USART_MuteModeWakeUpConfig
                0x00000000       0x2c ..\obj\stm32f0xx_usart.o
 .text.USART_AddressDetectionConfig
                0x00000000       0x2c ..\obj\stm32f0xx_usart.o
 .text.USART_LINBreakDetectLengthConfig
                0x00000000       0x2c ..\obj\stm32f0xx_usart.o
 .text.USART_LINCmd
                0x00000000       0x3c ..\obj\stm32f0xx_usart.o
 .text.USART_HalfDuplexCmd
                0x00000000       0x3c ..\obj\stm32f0xx_usart.o
 .text.USART_SetGuardTime
                0x00000000       0x3c ..\obj\stm32f0xx_usart.o
 .text.USART_SmartCardCmd
                0x00000000       0x3c ..\obj\stm32f0xx_usart.o
 .text.USART_SmartCardNACKCmd
                0x00000000       0x3c ..\obj\stm32f0xx_usart.o
 .text.USART_SetAutoRetryCount
                0x00000000       0x34 ..\obj\stm32f0xx_usart.o
 .text.USART_SetBlockLength
                0x00000000       0x30 ..\obj\stm32f0xx_usart.o
 .text.USART_IrDAConfig
                0x00000000       0x2c ..\obj\stm32f0xx_usart.o
 .text.USART_IrDACmd
                0x00000000       0x3c ..\obj\stm32f0xx_usart.o
 .text.USART_DECmd
                0x00000000       0x3c ..\obj\stm32f0xx_usart.o
 .text.USART_DEPolarityConfig
                0x00000000       0x2c ..\obj\stm32f0xx_usart.o
 .text.USART_SetDEAssertionTime
                0x00000000       0x30 ..\obj\stm32f0xx_usart.o
 .text.USART_SetDEDeassertionTime
                0x00000000       0x30 ..\obj\stm32f0xx_usart.o
 .text.USART_DMACmd
                0x00000000       0x38 ..\obj\stm32f0xx_usart.o
 .text.USART_DMAReceptionErrorConfig
                0x00000000       0x2c ..\obj\stm32f0xx_usart.o
 .text.USART_ITConfig
                0x00000000       0x84 ..\obj\stm32f0xx_usart.o
 .text.USART_RequestCmd
                0x00000000       0x48 ..\obj\stm32f0xx_usart.o
 .text.USART_OverrunDetectionConfig
                0x00000000       0x2c ..\obj\stm32f0xx_usart.o
 .text.USART_ClearFlag
                0x00000000       0x18 ..\obj\stm32f0xx_usart.o
 .text.USART_GetITStatus
                0x00000000       0xb4 ..\obj\stm32f0xx_usart.o
 .text.USART_ClearITPendingBit
                0x00000000       0x30 ..\obj\stm32f0xx_usart.o
 .text          0x00000000        0x0 ..\obj\queue.o
 .data          0x00000000        0x0 ..\obj\queue.o
 .bss           0x00000000        0x0 ..\obj\queue.o
 .text.xQueueCreateMutex
                0x00000000       0x98 ..\obj\queue.o
 .text.xQueueGiveMutexRecursive
                0x00000000       0x58 ..\obj\queue.o
 .text.xQueueTakeMutexRecursive
                0x00000000       0x64 ..\obj\queue.o
 .text.xQueueCreateCountingSemaphore
                0x00000000       0x50 ..\obj\queue.o
 .text.xQueueReceiveFromISR
                0x00000000       0xb0 ..\obj\queue.o
 .text.xQueuePeekFromISR
                0x00000000       0x78 ..\obj\queue.o
 .text.uxQueueMessagesWaiting
                0x00000000       0x2c ..\obj\queue.o
 .text.uxQueueSpacesAvailable
                0x00000000       0x34 ..\obj\queue.o
 .text.uxQueueMessagesWaitingFromISR
                0x00000000       0x24 ..\obj\queue.o
 .text.vQueueDelete
                0x00000000       0x40 ..\obj\queue.o
 .text.uxQueueGetQueueNumber
                0x00000000       0x14 ..\obj\queue.o
 .text.vQueueSetQueueNumber
                0x00000000       0x18 ..\obj\queue.o
 .text.ucQueueGetQueueType
                0x00000000       0x18 ..\obj\queue.o
 .text.xQueueIsQueueEmptyFromISR
                0x00000000       0x30 ..\obj\queue.o
 .text.xQueueIsQueueFullFromISR
                0x00000000       0x34 ..\obj\queue.o
 .text.vQueueUnregisterQueue
                0x00000000       0x44 ..\obj\queue.o
 .text          0x00000000        0x0 ..\obj\port.o
 .bss           0x00000000        0x0 ..\obj\port.o
 .text.vPortEndScheduler
                0x00000000       0x1c ..\obj\port.o
 .text          0x00000000        0x0 ..\obj\system_stm32f0xx.o
 .bss           0x00000000        0x0 ..\obj\system_stm32f0xx.o
 .text.SystemCoreClockUpdate
                0x00000000       0xd0 ..\obj\system_stm32f0xx.o
 .text          0x00000000        0x0 ..\obj\croutine.o
 .data          0x00000000        0x0 ..\obj\croutine.o
 .bss           0x00000000       0x80 ..\obj\croutine.o
 .text.xCoRoutineCreate
                0x00000000       0xcc ..\obj\croutine.o
 .text.vCoRoutineAddToDelayedList
                0x00000000       0x84 ..\obj\croutine.o
 .text.prvCheckPendingReadyList
                0x00000000       0x74 ..\obj\croutine.o
 .text.prvCheckDelayedList
                0x00000000       0xf4 ..\obj\croutine.o
 .text.vCoRoutineSchedule
                0x00000000       0xa0 ..\obj\croutine.o
 .text.prvInitialiseCoRoutineLists
                0x00000000       0x70 ..\obj\croutine.o
 .text.xCoRoutineRemoveFromEventList
                0x00000000       0x54 ..\obj\croutine.o
 .debug_info    0x00000000      0x4ec ..\obj\croutine.o
 .debug_abbrev  0x00000000      0x180 ..\obj\croutine.o
 .debug_loc     0x00000000      0x188 ..\obj\croutine.o
 .debug_aranges
                0x00000000       0x50 ..\obj\croutine.o
 .debug_ranges  0x00000000       0x40 ..\obj\croutine.o
 .debug_line    0x00000000      0x2c8 ..\obj\croutine.o
 .debug_str     0x00000000      0x480 ..\obj\croutine.o
 .comment       0x00000000       0x71 ..\obj\croutine.o
 .ARM.attributes
                0x00000000       0x31 ..\obj\croutine.o
 .debug_frame   0x00000000       0xf0 ..\obj\croutine.o
 .text          0x00000000        0x0 ..\obj\event_groups.o
 .data          0x00000000        0x0 ..\obj\event_groups.o
 .bss           0x00000000        0x0 ..\obj\event_groups.o
 .text.xEventGroupCreate
                0x00000000       0x30 ..\obj\event_groups.o
 .text.xEventGroupSync
                0x00000000      0x120 ..\obj\event_groups.o
 .text.xEventGroupWaitBits
                0x00000000      0x150 ..\obj\event_groups.o
 .text.xEventGroupClearBits
                0x00000000       0x40 ..\obj\event_groups.o
 .text.xEventGroupClearBitsFromISR
                0x00000000       0x48 ..\obj\event_groups.o
 .text.xEventGroupSetBits
                0x00000000       0xe8 ..\obj\event_groups.o
 .text.vEventGroupDelete
                0x00000000       0x54 ..\obj\event_groups.o
 .text.vEventGroupSetBitsCallback
                0x00000000       0x1c ..\obj\event_groups.o
 .text.prvTestWaitCondition
                0x00000000       0x40 ..\obj\event_groups.o
 .text.uxEventGroupGetNumber
                0x00000000       0x28 ..\obj\event_groups.o
 .debug_info    0x00000000      0x67a ..\obj\event_groups.o
 .debug_abbrev  0x00000000      0x137 ..\obj\event_groups.o
 .debug_loc     0x00000000      0x230 ..\obj\event_groups.o
 .debug_aranges
                0x00000000       0x68 ..\obj\event_groups.o
 .debug_ranges  0x00000000       0x58 ..\obj\event_groups.o
 .debug_line    0x00000000      0x382 ..\obj\event_groups.o
 .debug_str     0x00000000      0x485 ..\obj\event_groups.o
 .comment       0x00000000       0x71 ..\obj\event_groups.o
 .ARM.attributes
                0x00000000       0x31 ..\obj\event_groups.o
 .debug_frame   0x00000000      0x150 ..\obj\event_groups.o
 .text          0x00000000        0x0 ..\obj\core_cm0.o
 .data          0x00000000        0x0 ..\obj\core_cm0.o
 .bss           0x00000000        0x0 ..\obj\core_cm0.o
 .text.__get_PSP
                0x00000000       0x10 ..\obj\core_cm0.o
 .text.__set_PSP
                0x00000000        0x8 ..\obj\core_cm0.o
 .text.__get_MSP
                0x00000000       0x10 ..\obj\core_cm0.o
 .text.__set_MSP
                0x00000000        0x8 ..\obj\core_cm0.o
 .text.__get_PRIMASK
                0x00000000       0x1c ..\obj\core_cm0.o
 .text.__set_PRIMASK
                0x00000000       0x14 ..\obj\core_cm0.o
 .text.__get_CONTROL
                0x00000000       0x1c ..\obj\core_cm0.o
 .text.__set_CONTROL
                0x00000000       0x14 ..\obj\core_cm0.o
 .text.__REV    0x00000000       0x1c ..\obj\core_cm0.o
 .text.__REV16  0x00000000       0x24 ..\obj\core_cm0.o
 .text.__REVSH  0x00000000       0x24 ..\obj\core_cm0.o
 .debug_info    0x00000000      0x2ae ..\obj\core_cm0.o
 .debug_abbrev  0x00000000       0xdb ..\obj\core_cm0.o
 .debug_loc     0x00000000      0x188 ..\obj\core_cm0.o
 .debug_aranges
                0x00000000       0x70 ..\obj\core_cm0.o
 .debug_ranges  0x00000000       0x60 ..\obj\core_cm0.o
 .debug_line    0x00000000      0x1ba ..\obj\core_cm0.o
 .debug_str     0x00000000      0x1d8 ..\obj\core_cm0.o
 .comment       0x00000000       0x71 ..\obj\core_cm0.o
 .ARM.attributes
                0x00000000       0x31 ..\obj\core_cm0.o
 .debug_frame   0x00000000      0x130 ..\obj\core_cm0.o
 .data          0x00000000        0x0 c:/program files (x86)/gnu tools arm embedded/4.7 2013q2/bin/../lib/gcc/arm-none-eabi/4.7.4/armv6-m\libgcc.a(_udivsi3.o)
 .bss           0x00000000        0x0 c:/program files (x86)/gnu tools arm embedded/4.7 2013q2/bin/../lib/gcc/arm-none-eabi/4.7.4/armv6-m\libgcc.a(_udivsi3.o)
 .data          0x00000000        0x0 c:/program files (x86)/gnu tools arm embedded/4.7 2013q2/bin/../lib/gcc/arm-none-eabi/4.7.4/armv6-m\libgcc.a(_dvmd_tls.o)
 .bss           0x00000000        0x0 c:/program files (x86)/gnu tools arm embedded/4.7 2013q2/bin/../lib/gcc/arm-none-eabi/4.7.4/armv6-m\libgcc.a(_dvmd_tls.o)
 .text          0x00000000        0x0 c:/program files (x86)/gnu tools arm embedded/4.7 2013q2/bin/../lib/gcc/arm-none-eabi/4.7.4/../../../../arm-none-eabi/lib/armv6-m\libg.a(lib_a-memcmp.o)
 .data          0x00000000        0x0 c:/program files (x86)/gnu tools arm embedded/4.7 2013q2/bin/../lib/gcc/arm-none-eabi/4.7.4/../../../../arm-none-eabi/lib/armv6-m\libg.a(lib_a-memcmp.o)
 .bss           0x00000000        0x0 c:/program files (x86)/gnu tools arm embedded/4.7 2013q2/bin/../lib/gcc/arm-none-eabi/4.7.4/../../../../arm-none-eabi/lib/armv6-m\libg.a(lib_a-memcmp.o)
 .text          0x00000000        0x0 c:/program files (x86)/gnu tools arm embedded/4.7 2013q2/bin/../lib/gcc/arm-none-eabi/4.7.4/../../../../arm-none-eabi/lib/armv6-m\libg.a(lib_a-memcpy.o)
 .data          0x00000000        0x0 c:/program files (x86)/gnu tools arm embedded/4.7 2013q2/bin/../lib/gcc/arm-none-eabi/4.7.4/../../../../arm-none-eabi/lib/armv6-m\libg.a(lib_a-memcpy.o)
 .bss           0x00000000        0x0 c:/program files (x86)/gnu tools arm embedded/4.7 2013q2/bin/../lib/gcc/arm-none-eabi/4.7.4/../../../../arm-none-eabi/lib/armv6-m\libg.a(lib_a-memcpy.o)
 .text          0x00000000        0x0 c:/program files (x86)/gnu tools arm embedded/4.7 2013q2/bin/../lib/gcc/arm-none-eabi/4.7.4/../../../../arm-none-eabi/lib/armv6-m\libg.a(lib_a-memset.o)
 .data          0x00000000        0x0 c:/program files (x86)/gnu tools arm embedded/4.7 2013q2/bin/../lib/gcc/arm-none-eabi/4.7.4/../../../../arm-none-eabi/lib/armv6-m\libg.a(lib_a-memset.o)
 .bss           0x00000000        0x0 c:/program files (x86)/gnu tools arm embedded/4.7 2013q2/bin/../lib/gcc/arm-none-eabi/4.7.4/../../../../arm-none-eabi/lib/armv6-m\libg.a(lib_a-memset.o)
 .text          0x00000000        0x0 c:/program files (x86)/gnu tools arm embedded/4.7 2013q2/bin/../lib/gcc/arm-none-eabi/4.7.4/../../../../arm-none-eabi/lib/armv6-m\libg.a(lib_a-strlen.o)
 .data          0x00000000        0x0 c:/program files (x86)/gnu tools arm embedded/4.7 2013q2/bin/../lib/gcc/arm-none-eabi/4.7.4/../../../../arm-none-eabi/lib/armv6-m\libg.a(lib_a-strlen.o)
 .bss           0x00000000        0x0 c:/program files (x86)/gnu tools arm embedded/4.7 2013q2/bin/../lib/gcc/arm-none-eabi/4.7.4/../../../../arm-none-eabi/lib/armv6-m\libg.a(lib_a-strlen.o)
 .text.strlen   0x00000000       0x10 c:/program files (x86)/gnu tools arm embedded/4.7 2013q2/bin/../lib/gcc/arm-none-eabi/4.7.4/../../../../arm-none-eabi/lib/armv6-m\libg.a(lib_a-strlen.o)
 .ARM.attributes
                0x00000000       0x2c c:/program files (x86)/gnu tools arm embedded/4.7 2013q2/bin/../lib/gcc/arm-none-eabi/4.7.4/../../../../arm-none-eabi/lib/armv6-m\libg.a(lib_a-strlen.o)
 .debug_frame   0x00000000       0x20 c:/program files (x86)/gnu tools arm embedded/4.7 2013q2/bin/../lib/gcc/arm-none-eabi/4.7.4/../../../../arm-none-eabi/lib/armv6-m\libg.a(lib_a-strlen.o)

Memory Configuration

Name             Origin             Length             Attributes
rom              0x08000000         0x00010000         xr
ram              0x20000000         0x00002000         xrw
*default*        0x00000000         0xffffffff

Linker script and memory map

                0x20002000                _eram = 0x20002000

.text           0x08000000     0x3ff8
 *(.isr_vector .isr_vector.*)
 .isr_vector    0x08000000       0xc4 ..\obj\startup_stm32f0xx.o
                0x08000000                g_pfnVectors
 *(.text .text.* .gnu.linkonce.t.*)
 .text.enc28j60_rxtx
                0x080000c4       0x54 ..\obj\enc28j60.o
                0x080000c4                enc28j60_rxtx
 .text.enc28j60_read_op
                0x08000118       0x7c ..\obj\enc28j60.o
                0x08000118                enc28j60_read_op
 .text.enc28j60_write_op
                0x08000194       0x60 ..\obj\enc28j60.o
                0x08000194                enc28j60_write_op
 .text.enc28j60_soft_reset
                0x080001f4       0x54 ..\obj\enc28j60.o
                0x080001f4                enc28j60_soft_reset
 .text.enc28j60_set_bank
                0x08000248       0x68 ..\obj\enc28j60.o
                0x08000248                enc28j60_set_bank
 .text.enc28j60_rcr
                0x080002b0       0x2c ..\obj\enc28j60.o
                0x080002b0                enc28j60_rcr
 .text.enc28j60_rcr16
                0x080002dc       0x4c ..\obj\enc28j60.o
                0x080002dc                enc28j60_rcr16
 .text.enc28j60_wcr
                0x08000328       0x34 ..\obj\enc28j60.o
                0x08000328                enc28j60_wcr
 .text.enc28j60_wcr16
                0x0800035c       0x54 ..\obj\enc28j60.o
                0x0800035c                enc28j60_wcr16
 .text.enc28j60_bfc
                0x080003b0       0x34 ..\obj\enc28j60.o
                0x080003b0                enc28j60_bfc
 .text.enc28j60_bfs
                0x080003e4       0x34 ..\obj\enc28j60.o
                0x080003e4                enc28j60_bfs
 .text.enc28j60_read_buffer
                0x08000418       0x68 ..\obj\enc28j60.o
                0x08000418                enc28j60_read_buffer
 .text.enc28j60_write_buffer
                0x08000480       0x64 ..\obj\enc28j60.o
                0x08000480                enc28j60_write_buffer
 .text.enc28j60_write_phy
                0x080004e4       0x44 ..\obj\enc28j60.o
                0x080004e4                enc28j60_write_phy
 .text.enc28j60_init
                0x08000528      0x2b0 ..\obj\enc28j60.o
                0x08000528                enc28j60_init
 .text.enc28j60_send_packet
                0x080007d8       0x98 ..\obj\enc28j60.o
                0x080007d8                enc28j60_send_packet
 .text.enc28j60_recv_packet
                0x08000870       0xd4 ..\obj\enc28j60.o
                0x08000870                enc28j60_recv_packet
 .text.pvPortMalloc
                0x08000944      0x13c ..\obj\heap_4.o
                0x08000944                pvPortMalloc
 .text.vPortFree
                0x08000a80       0x94 ..\obj\heap_4.o
                0x08000a80                vPortFree
 .text.prvHeapInit
                0x08000b14       0xa8 ..\obj\heap_4.o
 .text.prvInsertBlockIntoFreeList
                0x08000bbc       0xac ..\obj\heap_4.o
 .text.usartInit
                0x08000c68       0xbc ..\obj\usart_jose.o
                0x08000c68                usartInit
 .text.usartSend
                0x08000d24       0x38 ..\obj\usart_jose.o
                0x08000d24                usartSend
 .text.chksum   0x08000d5c       0xbc ..\obj\ipstack.o
 .text.SendArpPacket
                0x08000e18       0xf0 ..\obj\ipstack.o
                0x08000e18                SendArpPacket
 .text.ReplyArpPacket
                0x08000f08       0xcc ..\obj\ipstack.o
                0x08000f08                ReplyArpPacket
 .text.PingReply
                0x08000fd4      0x178 ..\obj\ipstack.o
                0x08000fd4                PingReply
 .text.GetPacket
                0x0800114c       0xd4 ..\obj\ipstack.o
                0x0800114c                GetPacket
 .text.IPstackInit
                0x08001220      0x11c ..\obj\ipstack.o
                0x08001220                IPstackInit
 .text.IPstackIdle
                0x0800133c       0x1c ..\obj\ipstack.o
                0x0800133c                IPstackIdle
 .text.RCC_GetClocksFreq
                0x08001358      0x1cc ..\obj\stm32f0xx_rcc.o
                0x08001358                RCC_GetClocksFreq
 .text.RCC_AHBPeriphClockCmd
                0x08001524       0x3c ..\obj\stm32f0xx_rcc.o
                0x08001524                RCC_AHBPeriphClockCmd
 .text.RCC_APB1PeriphClockCmd
                0x08001560       0x3c ..\obj\stm32f0xx_rcc.o
                0x08001560                RCC_APB1PeriphClockCmd
 .text.LED_init
                0x0800159c       0x58 ..\obj\main.o
                0x0800159c                LED_init
 .text.task1    0x080015f4       0x10 ..\obj\main.o
 .text.main     0x08001604       0x48 ..\obj\main.o
                0x08001604                main
 .text.vApplicationMallocFailedHook
                0x0800164c        0x8 ..\obj\main.o
                0x0800164c                vApplicationMallocFailedHook
 .text.vApplicationStackOverflowHook
                0x08001654       0x10 ..\obj\main.o
                0x08001654                vApplicationStackOverflowHook
 .text.vApplicationTickHook
                0x08001664        0x8 ..\obj\main.o
                0x08001664                vApplicationTickHook
 .text.Reset_Handler
                0x0800166c       0x44 ..\obj\startup_stm32f0xx.o
                0x0800166c                Reset_Handler
 .text.Default_Handler
                0x080016b0        0x2 ..\obj\startup_stm32f0xx.o
                0x080016b0                TIM1_CC_IRQHandler
                0x080016b0                HardFault_Handler
                0x080016b0                ADC1_COMP_IRQHandler
                0x080016b0                PVD_IRQHandler
                0x080016b0                NMI_Handler
                0x080016b0                I2C1_IRQHandler
                0x080016b0                SPI1_IRQHandler
                0x080016b0                TIM6_DAC_IRQHandler
                0x080016b0                EXTI2_3_IRQHandler
                0x080016b0                I2C2_IRQHandler
                0x080016b0                TIM17_IRQHandler
                0x080016b0                RTC_IRQHandler
                0x080016b0                TIM16_IRQHandler
                0x080016b0                TIM3_IRQHandler
                0x080016b0                EXTI4_15_IRQHandler
                0x080016b0                RCC_IRQHandler
                0x080016b0                DMA1_Channel1_IRQHandler
                0x080016b0                Default_Handler
                0x080016b0                CEC_IRQHandler
                0x080016b0                TIM14_IRQHandler
                0x080016b0                DMA1_Channel4_5_IRQHandler
                0x080016b0                TIM15_IRQHandler
                0x080016b0                EXTI0_1_IRQHandler
                0x080016b0                SPI2_IRQHandler
                0x080016b0                TS_IRQHandler
                0x080016b0                WWDG_IRQHandler
                0x080016b0                TIM2_IRQHandler
                0x080016b0                DMA1_Channel2_3_IRQHandler
                0x080016b0                USART2_IRQHandler
                0x080016b0                FLASH_IRQHandler
                0x080016b0                USART1_IRQHandler
                0x080016b0                TIM1_BRK_UP_TRG_COM_IRQHandler
 *fill*         0x080016b2        0x2 00
 .text.xTimerCreateTimerTask
                0x080016b4       0x5c ..\obj\timers.o
                0x080016b4                xTimerCreateTimerTask
 .text.xTimerGenericCommand
                0x08001710       0xa0 ..\obj\timers.o
                0x08001710                xTimerGenericCommand
 .text.prvProcessExpiredTimer
                0x080017b0       0x74 ..\obj\timers.o
 .text.prvTimerTask
                0x08001824       0x28 ..\obj\timers.o
 .text.prvProcessTimerOrBlockTask
                0x0800184c       0x78 ..\obj\timers.o
 .text.prvGetNextExpireTime
                0x080018c4       0x40 ..\obj\timers.o
 .text.prvSampleTimeNow
                0x08001904       0x40 ..\obj\timers.o
 .text.prvInsertTimerInActiveList
                0x08001944       0x84 ..\obj\timers.o
 .text.prvProcessReceivedCommands
                0x080019c8      0x110 ..\obj\timers.o
 .text.prvSwitchTimerLists
                0x08001ad8       0xb8 ..\obj\timers.o
 .text.prvCheckForValidListAndQueue
                0x08001b90       0x80 ..\obj\timers.o
 .text.xTaskGenericCreate
                0x08001c10      0x16c ..\obj\tasks.o
                0x08001c10                xTaskGenericCreate
 .text.vTaskStartScheduler
                0x08001d7c       0x74 ..\obj\tasks.o
                0x08001d7c                vTaskStartScheduler
 .text.vTaskSuspendAll
                0x08001df0       0x18 ..\obj\tasks.o
                0x08001df0                vTaskSuspendAll
 .text.xTaskResumeAll
                0x08001e08      0x108 ..\obj\tasks.o
                0x08001e08                xTaskResumeAll
 .text.xTaskGetTickCount
                0x08001f10       0x24 ..\obj\tasks.o
                0x08001f10                xTaskGetTickCount
 .text.xTaskIncrementTick
                0x08001f34      0x180 ..\obj\tasks.o
                0x08001f34                xTaskIncrementTick
 .text.vTaskSwitchContext
                0x080020b4       0xf0 ..\obj\tasks.o
                0x080020b4                vTaskSwitchContext
 .text.vTaskPlaceOnEventList
                0x080021a4       0x6c ..\obj\tasks.o
                0x080021a4                vTaskPlaceOnEventList
 .text.vTaskPlaceOnEventListRestricted
                0x08002210       0x50 ..\obj\tasks.o
                0x08002210                vTaskPlaceOnEventListRestricted
 .text.xTaskRemoveFromEventList
                0x08002260       0xb8 ..\obj\tasks.o
                0x08002260                xTaskRemoveFromEventList
 .text.vTaskSetTimeOutState
                0x08002318       0x30 ..\obj\tasks.o
                0x08002318                vTaskSetTimeOutState
 .text.xTaskCheckForTimeOut
                0x08002348       0x9c ..\obj\tasks.o
                0x08002348                xTaskCheckForTimeOut
 .text.vTaskMissedYield
                0x080023e4       0x14 ..\obj\tasks.o
                0x080023e4                vTaskMissedYield
 .text.prvIdleTask
                0x080023f8       0x24 ..\obj\tasks.o
 .text.prvInitialiseTCBVariables
                0x0800241c       0x94 ..\obj\tasks.o
 .text.prvInitialiseTaskLists
                0x080024b0       0x88 ..\obj\tasks.o
 .text.prvCheckTasksWaitingTermination
                0x08002538       0x74 ..\obj\tasks.o
 .text.prvAddCurrentTaskToDelayedList
                0x080025ac       0x6c ..\obj\tasks.o
 .text.prvAllocateTCBAndStack
                0x08002618       0x70 ..\obj\tasks.o
 .text.prvDeleteTCB
                0x08002688       0x20 ..\obj\tasks.o
 .text.prvResetNextTaskUnblockTime
                0x080026a8       0x44 ..\obj\tasks.o
 .text.xTaskGetCurrentTaskHandle
                0x080026ec       0x1c ..\obj\tasks.o
                0x080026ec                xTaskGetCurrentTaskHandle
 .text.xTaskGetSchedulerState
                0x08002708       0x38 ..\obj\tasks.o
                0x08002708                xTaskGetSchedulerState
 .text.vTaskPriorityInherit
                0x08002740       0xbc ..\obj\tasks.o
                0x08002740                vTaskPriorityInherit
 .text.vTaskPriorityDisinherit
                0x080027fc       0x84 ..\obj\tasks.o
                0x080027fc                vTaskPriorityDisinherit
 .text.SPI_Init
                0x08002880      0x104 ..\obj\stm32f0xx_spi.o
                0x08002880                SPI_Init
 .text.SPI_Cmd  0x08002984       0x40 ..\obj\stm32f0xx_spi.o
                0x08002984                SPI_Cmd
 .text.SPI_RxFIFOThresholdConfig
                0x080029c4       0x3c ..\obj\stm32f0xx_spi.o
                0x080029c4                SPI_RxFIFOThresholdConfig
 .text.SPI_SendData8
                0x08002a00       0x2c ..\obj\stm32f0xx_spi.o
                0x08002a00                SPI_SendData8
 .text.SPI_ReceiveData8
                0x08002a2c       0x24 ..\obj\stm32f0xx_spi.o
                0x08002a2c                SPI_ReceiveData8
 .text.SPI_CalculateCRC
                0x08002a50       0x44 ..\obj\stm32f0xx_spi.o
                0x08002a50                SPI_CalculateCRC
 .text.SPI_I2S_GetFlagStatus
                0x08002a94       0x48 ..\obj\stm32f0xx_spi.o
                0x08002a94                SPI_I2S_GetFlagStatus
 .text.GPIO_Init
                0x08002adc      0x138 ..\obj\stm32f0xx_gpio.o
                0x08002adc                GPIO_Init
 .text.GPIO_StructInit
                0x08002c14       0x30 ..\obj\stm32f0xx_gpio.o
                0x08002c14                GPIO_StructInit
 .text.GPIO_SetBits
                0x08002c44       0x1c ..\obj\stm32f0xx_gpio.o
                0x08002c44                GPIO_SetBits
 .text.GPIO_ResetBits
                0x08002c60       0x1c ..\obj\stm32f0xx_gpio.o
                0x08002c60                GPIO_ResetBits
 .text.GPIO_PinAFConfig
                0x08002c7c       0x9c ..\obj\stm32f0xx_gpio.o
                0x08002c7c                GPIO_PinAFConfig
 .text.vListInitialise
                0x08002d18       0x3c ..\obj\list.o
                0x08002d18                vListInitialise
 .text.vListInitialiseItem
                0x08002d54       0x14 ..\obj\list.o
                0x08002d54                vListInitialiseItem
 .text.vListInsertEnd
                0x08002d68       0x44 ..\obj\list.o
                0x08002d68                vListInsertEnd
 .text.vListInsert
                0x08002dac       0x6c ..\obj\list.o
                0x08002dac                vListInsert
 .text.uxListRemove
                0x08002e18       0x50 ..\obj\list.o
                0x08002e18                uxListRemove
 .text.USART_Init
                0x08002e68      0x160 ..\obj\stm32f0xx_usart.o
                0x08002e68                USART_Init
 .text.USART_Cmd
                0x08002fc8       0x3c ..\obj\stm32f0xx_usart.o
                0x08002fc8                USART_Cmd
 .text.USART_SendData
                0x08003004       0x24 ..\obj\stm32f0xx_usart.o
                0x08003004                USART_SendData
 .text.USART_GetFlagStatus
                0x08003028       0x3c ..\obj\stm32f0xx_usart.o
                0x08003028                USART_GetFlagStatus
 .text.xQueueGenericReset
                0x08003064       0xac ..\obj\queue.o
                0x08003064                xQueueGenericReset
 .text.xQueueGenericCreate
                0x08003110       0x8c ..\obj\queue.o
                0x08003110                xQueueGenericCreate
 .text.xQueueGenericSend
                0x0800319c      0x180 ..\obj\queue.o
                0x0800319c                xQueueGenericSend
 .text.xQueueGenericSendFromISR
                0x0800331c       0xd4 ..\obj\queue.o
                0x0800331c                xQueueGenericSendFromISR
 .text.xQueueGenericReceive
                0x080033f0      0x1bc ..\obj\queue.o
                0x080033f0                xQueueGenericReceive
 .text.prvCopyDataToQueue
                0x080035ac       0xd4 ..\obj\queue.o
 .text.prvCopyDataFromQueue
                0x08003680       0x50 ..\obj\queue.o
 .text.prvUnlockQueue
                0x080036d0       0x98 ..\obj\queue.o
 .text.prvIsQueueEmpty
                0x08003768       0x2c ..\obj\queue.o
 .text.prvIsQueueFull
                0x08003794       0x30 ..\obj\queue.o
 .text.vQueueAddToRegistry
                0x080037c4       0x4c ..\obj\queue.o
                0x080037c4                vQueueAddToRegistry
 .text.vQueueWaitForMessageRestricted
                0x08003810       0x58 ..\obj\queue.o
                0x08003810                vQueueWaitForMessageRestricted
 .text.pxPortInitialiseStack
                0x08003868       0x54 ..\obj\port.o
                0x08003868                pxPortInitialiseStack
 .text.prvTaskExitError
                0x080038bc       0x18 ..\obj\port.o
 .text.SVC_Handler
                0x080038d4        0x8 ..\obj\port.o
                0x080038d4                SVC_Handler
 .text.vPortStartFirstTask
                0x080038dc       0x20 ..\obj\port.o
 .text.xPortStartScheduler
                0x080038fc       0x44 ..\obj\port.o
                0x080038fc                xPortStartScheduler
 .text.vPortYield
                0x08003940       0x1c ..\obj\port.o
                0x08003940                vPortYield
 .text.vPortEnterCritical
                0x0800395c       0x20 ..\obj\port.o
                0x0800395c                vPortEnterCritical
 .text.vPortExitCritical
                0x0800397c       0x2c ..\obj\port.o
                0x0800397c                vPortExitCritical
 .text.ulSetInterruptMaskFromISR
                0x080039a8        0xc ..\obj\port.o
                0x080039a8                ulSetInterruptMaskFromISR
 .text.vClearInterruptMaskFromISR
                0x080039b4        0x8 ..\obj\port.o
                0x080039b4                vClearInterruptMaskFromISR
 .text.PendSV_Handler
                0x080039bc       0x44 ..\obj\port.o
                0x080039bc                PendSV_Handler
 .text.SysTick_Handler
                0x08003a00       0x34 ..\obj\port.o
                0x08003a00                SysTick_Handler
 .text.prvSetupTimerInterrupt
                0x08003a34       0x30 ..\obj\port.o
 .text.SystemInit
                0x08003a64       0x8c ..\obj\system_stm32f0xx.o
                0x08003a64                SystemInit
 .text.SetSysClock
                0x08003af0       0xe0 ..\obj\system_stm32f0xx.o
 .text          0x08003bd0       0x9c c:/program files (x86)/gnu tools arm embedded/4.7 2013q2/bin/../lib/gcc/arm-none-eabi/4.7.4/armv6-m\libgcc.a(_udivsi3.o)
                0x08003bd0                __aeabi_uidiv
                0x08003bd0                __udivsi3
                0x08003c58                __aeabi_uidivmod
 .text          0x08003c6c        0x4 c:/program files (x86)/gnu tools arm embedded/4.7 2013q2/bin/../lib/gcc/arm-none-eabi/4.7.4/armv6-m\libgcc.a(_dvmd_tls.o)
                0x08003c6c                __aeabi_idiv0
                0x08003c6c                __aeabi_ldiv0
 .text.memcmp   0x08003c70       0xb4 c:/program files (x86)/gnu tools arm embedded/4.7 2013q2/bin/../lib/gcc/arm-none-eabi/4.7.4/../../../../arm-none-eabi/lib/armv6-m\libg.a(lib_a-memcmp.o)
                0x08003c70                memcmp
 .text.memcpy   0x08003d24      0x144 c:/program files (x86)/gnu tools arm embedded/4.7 2013q2/bin/../lib/gcc/arm-none-eabi/4.7.4/../../../../arm-none-eabi/lib/armv6-m\libg.a(lib_a-memcpy.o)
                0x08003d24                memcpy
 .text.memset   0x08003e68      0x118 c:/program files (x86)/gnu tools arm embedded/4.7 2013q2/bin/../lib/gcc/arm-none-eabi/4.7.4/../../../../arm-none-eabi/lib/armv6-m\libg.a(lib_a-memset.o)
                0x08003e68                memset
 *(.glue_7t)
 .glue_7t       0x00000000        0x0 linker stubs
 *(.glue_7)
 .glue_7        0x00000000        0x0 linker stubs
 *(.rodata .rodata* .gnu.linkonce.r.*)
 .rodata        0x08003f80        0x4 ..\obj\enc28j60.o
 .rodata        0x08003f84        0x8 ..\obj\heap_4.o
 .rodata        0x08003f8c       0x10 ..\obj\ipstack.o
                0x08003f8c                deviceMAC
 .rodata        0x08003f9c        0x8 ..\obj\main.o
 .rodata        0x08003fa4       0x38 ..\obj\timers.o
 .rodata        0x08003fdc       0x1c ..\obj\tasks.o

.vfp11_veneer   0x08003ff8        0x0
 .vfp11_veneer  0x00000000        0x0 linker stubs

.v4_bx          0x08003ff8        0x0
 .v4_bx         0x00000000        0x0 linker stubs

.iplt           0x08003ff8        0x0
 .iplt          0x00000000        0x0 ..\obj\enc28j60.o

.rel.dyn        0x08003ff8        0x0
 .rel.iplt      0x00000000        0x0 ..\obj\enc28j60.o

.ARM.extab
 *(.ARM.extab* .gnu.linkonce.armextab.*)
                0x08003ff8                __exidx_start = .

.ARM.exidx
 *(.ARM.exidx* .gnu.linkonce.armexidx.*)
                0x08003ff8                __exidx_end = .
                0x08003ff8                . = ALIGN (0x4)
                0x08003ff8                _etext = .
                0x08003ff8                _sidata = .

.data           0x20000000       0x48 load address 0x08003ff8
                0x20000000                _sdata = .
 *(.data .data.*)
 .data          0x20000000        0x8 ..\obj\heap_4.o
 .data          0x20000008       0x14 ..\obj\ipstack.o
                0x20000008                routerMAC
                0x20000010                deviceIP
                0x20000014                routerIP
                0x20000018                dnsIP
 .data          0x2000001c       0x10 ..\obj\stm32f0xx_rcc.o
 .data          0x2000002c        0x4 ..\obj\tasks.o
 .data          0x20000030        0x4 ..\obj\port.o
 .data          0x20000034       0x14 ..\obj\system_stm32f0xx.o
                0x20000034                SystemCoreClock
                0x20000038                AHBPrescTable
                0x20000048                . = ALIGN (0x4)
                0x20000048                _edata = .

.igot.plt       0x20000048        0x0 load address 0x08004040
 .igot.plt      0x00000000        0x0 ..\obj\enc28j60.o

.bss            0x20000048     0x1aec load address 0x08004040
                0x20000048                _sbss = .
 *(.bss .bss.*)
 .bss           0x20000048        0x4 ..\obj\enc28j60.o
                0x20000048                enc28j60_current_bank
                0x2000004a                enc28j60_rxrdpt
 .bss           0x2000004c     0x1974 ..\obj\heap_4.o
 .bss           0x200019c0       0x38 ..\obj\timers.o
 .bss           0x200019f8       0xfc ..\obj\tasks.o
                0x200019f8                pxCurrentTCB
 *(COMMON)
 COMMON         0x20001af4       0x40 ..\obj\queue.o
                0x20001af4                xQueueRegistry
                0x20001b34                . = ALIGN (0x4)
                0x20001b34                _ebss = .

.co_stack       0x20001b34        0x4 load address 0x08005b2c
                0x20001b38                . = ALIGN (0x8)
 *fill*         0x20001b34        0x4 00
 *(.co_stack .co_stack.*)
                0x20001b38                . = ALIGN (0x4)
                0x20001b38                _end = .
LOAD ..\obj\enc28j60.o
LOAD ..\obj\heap_4.o
LOAD ..\obj\usart_jose.o
LOAD ..\obj\ipstack.o
LOAD ..\obj\stm32f0xx_rcc.o
LOAD ..\obj\main.o
LOAD ..\obj\startup_stm32f0xx.o
LOAD ..\obj\timers.o
LOAD ..\obj\tasks.o
LOAD ..\obj\stm32f0xx_spi.o
LOAD ..\obj\stm32f0xx_gpio.o
LOAD ..\obj\list.o
LOAD ..\obj\stm32f0xx_usart.o
LOAD ..\obj\queue.o
LOAD ..\obj\port.o
LOAD ..\obj\system_stm32f0xx.o
LOAD ..\obj\croutine.o
LOAD ..\obj\event_groups.o
LOAD ..\obj\core_cm0.o
START GROUP
LOAD c:/program files (x86)/gnu tools arm embedded/4.7 2013q2/bin/../lib/gcc/arm-none-eabi/4.7.4/armv6-m\libgcc.a
LOAD c:/program files (x86)/gnu tools arm embedded/4.7 2013q2/bin/../lib/gcc/arm-none-eabi/4.7.4/../../../../arm-none-eabi/lib/armv6-m\libg.a
LOAD c:/program files (x86)/gnu tools arm embedded/4.7 2013q2/bin/../lib/gcc/arm-none-eabi/4.7.4/../../../../arm-none-eabi/lib/armv6-m\libc.a
END GROUP
OUTPUT(elliana.elf elf32-littlearm)

.debug_info     0x00000000     0x7aae
 .debug_info    0x00000000      0x8b3 ..\obj\enc28j60.o
 .debug_info    0x000008b3      0x330 ..\obj\heap_4.o
 .debug_info    0x00000be3      0x4b9 ..\obj\usart_jose.o
 .debug_info    0x0000109c      0xaf7 ..\obj\ipstack.o
 .debug_info    0x00001b93      0xa63 ..\obj\stm32f0xx_rcc.o
 .debug_info    0x000025f6      0x3e8 ..\obj\main.o
 .debug_info    0x000029de       0xa1 ..\obj\startup_stm32f0xx.o
 .debug_info    0x00002a7f      0x801 ..\obj\timers.o
 .debug_info    0x00003280     0x12db ..\obj\tasks.o
 .debug_info    0x0000455b      0xb56 ..\obj\stm32f0xx_spi.o
 .debug_info    0x000050b1      0x618 ..\obj\stm32f0xx_gpio.o
 .debug_info    0x000056c9      0x2c1 ..\obj\list.o
 .debug_info    0x0000598a      0xf43 ..\obj\stm32f0xx_usart.o
 .debug_info    0x000068cd      0xc4a ..\obj\queue.o
 .debug_info    0x00007517      0x288 ..\obj\port.o
 .debug_info    0x0000779f      0x30f ..\obj\system_stm32f0xx.o

.debug_abbrev   0x00000000     0x17a0
 .debug_abbrev  0x00000000      0x1d9 ..\obj\enc28j60.o
 .debug_abbrev  0x000001d9      0x172 ..\obj\heap_4.o
 .debug_abbrev  0x0000034b      0x14a ..\obj\usart_jose.o
 .debug_abbrev  0x00000495      0x219 ..\obj\ipstack.o
 .debug_abbrev  0x000006ae      0x1ee ..\obj\stm32f0xx_rcc.o
 .debug_abbrev  0x0000089c      0x16b ..\obj\main.o
 .debug_abbrev  0x00000a07       0x12 ..\obj\startup_stm32f0xx.o
 .debug_abbrev  0x00000a19      0x188 ..\obj\timers.o
 .debug_abbrev  0x00000ba1      0x226 ..\obj\tasks.o
 .debug_abbrev  0x00000dc7      0x1a3 ..\obj\stm32f0xx_spi.o
 .debug_abbrev  0x00000f6a      0x190 ..\obj\stm32f0xx_gpio.o
 .debug_abbrev  0x000010fa       0xbe ..\obj\list.o
 .debug_abbrev  0x000011b8      0x15e ..\obj\stm32f0xx_usart.o
 .debug_abbrev  0x00001316      0x1ba ..\obj\queue.o
 .debug_abbrev  0x000014d0      0x19a ..\obj\port.o
 .debug_abbrev  0x0000166a      0x136 ..\obj\system_stm32f0xx.o

.debug_loc      0x00000000     0x3dc0
 .debug_loc     0x00000000      0x3f0 ..\obj\enc28j60.o
 .debug_loc     0x000003f0      0x164 ..\obj\heap_4.o
 .debug_loc     0x00000554       0xa8 ..\obj\usart_jose.o
 .debug_loc     0x000005fc      0x31a ..\obj\ipstack.o
 .debug_loc     0x00000916      0x864 ..\obj\stm32f0xx_rcc.o
 .debug_loc     0x0000117a      0x19c ..\obj\main.o
 .debug_loc     0x00001316      0x304 ..\obj\timers.o
 .debug_loc     0x0000161a      0x9a8 ..\obj\tasks.o
 .debug_loc     0x00001fc2      0x6ca ..\obj\stm32f0xx_spi.o
 .debug_loc     0x0000268c      0x2d8 ..\obj\stm32f0xx_gpio.o
 .debug_loc     0x00002964      0x118 ..\obj\list.o
 .debug_loc     0x00002a7c      0xab8 ..\obj\stm32f0xx_usart.o
 .debug_loc     0x00003534      0x620 ..\obj\queue.o
 .debug_loc     0x00003b54      0x1d0 ..\obj\port.o
 .debug_loc     0x00003d24       0x9c ..\obj\system_stm32f0xx.o

.debug_aranges  0x00000000      0xaa8
 .debug_aranges
                0x00000000       0xa8 ..\obj\enc28j60.o
 .debug_aranges
                0x000000a8       0x50 ..\obj\heap_4.o
 .debug_aranges
                0x000000f8       0x30 ..\obj\usart_jose.o
 .debug_aranges
                0x00000128       0x88 ..\obj\ipstack.o
 .debug_aranges
                0x000001b0      0x150 ..\obj\stm32f0xx_rcc.o
 .debug_aranges
                0x00000300       0x58 ..\obj\main.o
 .debug_aranges
                0x00000358       0x28 ..\obj\startup_stm32f0xx.o
 .debug_aranges
                0x00000380       0x88 ..\obj\timers.o
 .debug_aranges
                0x00000408      0x180 ..\obj\tasks.o
 .debug_aranges
                0x00000588      0x110 ..\obj\stm32f0xx_spi.o
 .debug_aranges
                0x00000698       0x80 ..\obj\stm32f0xx_gpio.o
 .debug_aranges
                0x00000718       0x40 ..\obj\list.o
 .debug_aranges
                0x00000758      0x1a0 ..\obj\stm32f0xx_usart.o
 .debug_aranges
                0x000008f8       0xf8 ..\obj\queue.o
 .debug_aranges
                0x000009f0       0x88 ..\obj\port.o
 .debug_aranges
                0x00000a78       0x30 ..\obj\system_stm32f0xx.o

.debug_ranges   0x00000000      0x9b0
 .debug_ranges  0x00000000       0x98 ..\obj\enc28j60.o
 .debug_ranges  0x00000098       0x40 ..\obj\heap_4.o
 .debug_ranges  0x000000d8       0x20 ..\obj\usart_jose.o
 .debug_ranges  0x000000f8       0x78 ..\obj\ipstack.o
 .debug_ranges  0x00000170      0x140 ..\obj\stm32f0xx_rcc.o
 .debug_ranges  0x000002b0       0x48 ..\obj\main.o
 .debug_ranges  0x000002f8       0x20 ..\obj\startup_stm32f0xx.o
 .debug_ranges  0x00000318       0x78 ..\obj\timers.o
 .debug_ranges  0x00000390      0x170 ..\obj\tasks.o
 .debug_ranges  0x00000500      0x100 ..\obj\stm32f0xx_spi.o
 .debug_ranges  0x00000600       0x70 ..\obj\stm32f0xx_gpio.o
 .debug_ranges  0x00000670       0x30 ..\obj\list.o
 .debug_ranges  0x000006a0      0x190 ..\obj\stm32f0xx_usart.o
 .debug_ranges  0x00000830       0xe8 ..\obj\queue.o
 .debug_ranges  0x00000918       0x78 ..\obj\port.o
 .debug_ranges  0x00000990       0x20 ..\obj\system_stm32f0xx.o

.debug_line     0x00000000     0x3c1a
 .debug_line    0x00000000      0x376 ..\obj\enc28j60.o
 .debug_line    0x00000376      0x277 ..\obj\heap_4.o
 .debug_line    0x000005ed      0x1cf ..\obj\usart_jose.o
 .debug_line    0x000007bc      0x35a ..\obj\ipstack.o
 .debug_line    0x00000b16      0x4c0 ..\obj\stm32f0xx_rcc.o
 .debug_line    0x00000fd6      0x2aa ..\obj\main.o
 .debug_line    0x00001280       0xa7 ..\obj\startup_stm32f0xx.o
 .debug_line    0x00001327      0x3b1 ..\obj\timers.o
 .debug_line    0x000016d8      0xac4 ..\obj\tasks.o
 .debug_line    0x0000219c      0x437 ..\obj\stm32f0xx_spi.o
 .debug_line    0x000025d3      0x29b ..\obj\stm32f0xx_gpio.o
 .debug_line    0x0000286e      0x201 ..\obj\list.o
 .debug_line    0x00002a6f      0x586 ..\obj\stm32f0xx_usart.o
 .debug_line    0x00002ff5      0x7e9 ..\obj\queue.o
 .debug_line    0x000037de      0x2c5 ..\obj\port.o
 .debug_line    0x00003aa3      0x177 ..\obj\system_stm32f0xx.o

.debug_str      0x00000000     0x322f
 .debug_str     0x00000000      0x519 ..\obj\enc28j60.o
                                0x564 (size before relaxing)
 .debug_str     0x00000519      0x22f ..\obj\heap_4.o
                                0x324 (size before relaxing)
 .debug_str     0x00000748       0xfd ..\obj\usart_jose.o
                                0x3ce (size before relaxing)
 .debug_str     0x00000845      0x2c8 ..\obj\ipstack.o
                                0x3d3 (size before relaxing)
 .debug_str     0x00000b0d      0x576 ..\obj\stm32f0xx_rcc.o
                                0x6c5 (size before relaxing)
 .debug_str     0x00001083       0xe5 ..\obj\main.o
                                0x399 (size before relaxing)
 .debug_str     0x00001168      0x488 ..\obj\timers.o
                                0x5e0 (size before relaxing)
 .debug_str     0x000015f0      0x960 ..\obj\tasks.o
                                0xb7c (size before relaxing)
 .debug_str     0x00001f50      0x3b1 ..\obj\stm32f0xx_spi.o
                                0x69e (size before relaxing)
 .debug_str     0x00002301      0x183 ..\obj\stm32f0xx_gpio.o
                                0x42c (size before relaxing)
 .debug_str     0x00002484       0xbb ..\obj\list.o
                                0x25c (size before relaxing)
 .debug_str     0x0000253f      0x658 ..\obj\stm32f0xx_usart.o
                                0x8f3 (size before relaxing)
 .debug_str     0x00002b97      0x472 ..\obj\queue.o
                                0x6db (size before relaxing)
 .debug_str     0x00003009      0x195 ..\obj\port.o
                                0x2d0 (size before relaxing)
 .debug_str     0x0000319e       0x91 ..\obj\system_stm32f0xx.o
                                0x236 (size before relaxing)

.comment        0x00000000       0x70
 .comment       0x00000000       0x70 ..\obj\enc28j60.o
                                 0x71 (size before relaxing)
 .comment       0x00000000       0x71 ..\obj\heap_4.o
 .comment       0x00000000       0x71 ..\obj\usart_jose.o
 .comment       0x00000000       0x71 ..\obj\ipstack.o
 .comment       0x00000000       0x71 ..\obj\stm32f0xx_rcc.o
 .comment       0x00000000       0x71 ..\obj\main.o
 .comment       0x00000000       0x71 ..\obj\timers.o
 .comment       0x00000000       0x71 ..\obj\tasks.o
 .comment       0x00000000       0x71 ..\obj\stm32f0xx_spi.o
 .comment       0x00000000       0x71 ..\obj\stm32f0xx_gpio.o
 .comment       0x00000000       0x71 ..\obj\list.o
 .comment       0x00000000       0x71 ..\obj\stm32f0xx_usart.o
 .comment       0x00000000       0x71 ..\obj\queue.o
 .comment       0x00000000       0x71 ..\obj\port.o
 .comment       0x00000000       0x71 ..\obj\system_stm32f0xx.o

.ARM.attributes
                0x00000000       0x2f
 .ARM.attributes
                0x00000000       0x31 ..\obj\enc28j60.o
 .ARM.attributes
                0x00000031       0x31 ..\obj\heap_4.o
 .ARM.attributes
                0x00000062       0x31 ..\obj\usart_jose.o
 .ARM.attributes
                0x00000093       0x31 ..\obj\ipstack.o
 .ARM.attributes
                0x000000c4       0x31 ..\obj\stm32f0xx_rcc.o
 .ARM.attributes
                0x000000f5       0x31 ..\obj\main.o
 .ARM.attributes
                0x00000126       0x21 ..\obj\startup_stm32f0xx.o
 .ARM.attributes
                0x00000147       0x31 ..\obj\timers.o
 .ARM.attributes
                0x00000178       0x31 ..\obj\tasks.o
 .ARM.attributes
                0x000001a9       0x31 ..\obj\stm32f0xx_spi.o
 .ARM.attributes
                0x000001da       0x31 ..\obj\stm32f0xx_gpio.o
 .ARM.attributes
                0x0000020b       0x31 ..\obj\list.o
 .ARM.attributes
                0x0000023c       0x31 ..\obj\stm32f0xx_usart.o
 .ARM.attributes
                0x0000026d       0x31 ..\obj\queue.o
 .ARM.attributes
                0x0000029e       0x31 ..\obj\port.o
 .ARM.attributes
                0x000002cf       0x31 ..\obj\system_stm32f0xx.o
 .ARM.attributes
                0x00000300       0x1e c:/program files (x86)/gnu tools arm embedded/4.7 2013q2/bin/../lib/gcc/arm-none-eabi/4.7.4/armv6-m\libgcc.a(_udivsi3.o)
 .ARM.attributes
                0x0000031e       0x1e c:/program files (x86)/gnu tools arm embedded/4.7 2013q2/bin/../lib/gcc/arm-none-eabi/4.7.4/armv6-m\libgcc.a(_dvmd_tls.o)
 .ARM.attributes
                0x0000033c       0x2c c:/program files (x86)/gnu tools arm embedded/4.7 2013q2/bin/../lib/gcc/arm-none-eabi/4.7.4/../../../../arm-none-eabi/lib/armv6-m\libg.a(lib_a-memcmp.o)
 .ARM.attributes
                0x00000368       0x2c c:/program files (x86)/gnu tools arm embedded/4.7 2013q2/bin/../lib/gcc/arm-none-eabi/4.7.4/../../../../arm-none-eabi/lib/armv6-m\libg.a(lib_a-memcpy.o)
 .ARM.attributes
                0x00000394       0x2c c:/program files (x86)/gnu tools arm embedded/4.7 2013q2/bin/../lib/gcc/arm-none-eabi/4.7.4/../../../../arm-none-eabi/lib/armv6-m\libg.a(lib_a-memset.o)

.debug_frame    0x00000000     0x257c
 .debug_frame   0x00000000      0x250 ..\obj\enc28j60.o
 .debug_frame   0x00000250       0xe4 ..\obj\heap_4.o
 .debug_frame   0x00000334       0x70 ..\obj\usart_jose.o
 .debug_frame   0x000003a4      0x1e0 ..\obj\ipstack.o
 .debug_frame   0x00000584      0x4e4 ..\obj\stm32f0xx_rcc.o
 .debug_frame   0x00000a68      0x104 ..\obj\main.o
 .debug_frame   0x00000b6c      0x1cc ..\obj\timers.o
 .debug_frame   0x00000d38      0x5a0 ..\obj\tasks.o
 .debug_frame   0x000012d8      0x3f0 ..\obj\stm32f0xx_spi.o
 .debug_frame   0x000016c8      0x1b0 ..\obj\stm32f0xx_gpio.o
 .debug_frame   0x00001878       0xb0 ..\obj\list.o
 .debug_frame   0x00001928      0x630 ..\obj\stm32f0xx_usart.o
 .debug_frame   0x00001f58      0x390 ..\obj\queue.o
 .debug_frame   0x000022e8      0x174 ..\obj\port.o
 .debug_frame   0x0000245c       0x6c ..\obj\system_stm32f0xx.o
 .debug_frame   0x000024c8       0x20 c:/program files (x86)/gnu tools arm embedded/4.7 2013q2/bin/../lib/gcc/arm-none-eabi/4.7.4/armv6-m\libgcc.a(_udivsi3.o)
 .debug_frame   0x000024e8       0x30 c:/program files (x86)/gnu tools arm embedded/4.7 2013q2/bin/../lib/gcc/arm-none-eabi/4.7.4/../../../../arm-none-eabi/lib/armv6-m\libg.a(lib_a-memcmp.o)
 .debug_frame   0x00002518       0x34 c:/program files (x86)/gnu tools arm embedded/4.7 2013q2/bin/../lib/gcc/arm-none-eabi/4.7.4/../../../../arm-none-eabi/lib/armv6-m\libg.a(lib_a-memcpy.o)
 .debug_frame   0x0000254c       0x30 c:/program files (x86)/gnu tools arm embedded/4.7 2013q2/bin/../lib/gcc/arm-none-eabi/4.7.4/../../../../arm-none-eabi/lib/armv6-m\libg.a(lib_a-memset.o)
