Archive member included because of file (symbol)

c:/program files (x86)/gnu tools arm embedded/4.7 2013q2/bin/../lib/gcc/arm-none-eabi/4.7.4/armv6-m\libgcc.a(_udivsi3.o)
                              ..\obj\stm32f0xx_rcc.o (__aeabi_uidiv)
c:/program files (x86)/gnu tools arm embedded/4.7 2013q2/bin/../lib/gcc/arm-none-eabi/4.7.4/armv6-m\libgcc.a(_divsi3.o)
                              ..\obj\clock-arch.o (__aeabi_idiv)
c:/program files (x86)/gnu tools arm embedded/4.7 2013q2/bin/../lib/gcc/arm-none-eabi/4.7.4/armv6-m\libgcc.a(_dvmd_tls.o)
                              c:/program files (x86)/gnu tools arm embedded/4.7 2013q2/bin/../lib/gcc/arm-none-eabi/4.7.4/armv6-m\libgcc.a(_udivsi3.o) (__aeabi_idiv0)
c:/program files (x86)/gnu tools arm embedded/4.7 2013q2/bin/../lib/gcc/arm-none-eabi/4.7.4/../../../../arm-none-eabi/lib/armv6-m\libg.a(lib_a-memcpy.o)
                              ..\obj\psock.o (memcpy)
c:/program files (x86)/gnu tools arm embedded/4.7 2013q2/bin/../lib/gcc/arm-none-eabi/4.7.4/../../../../arm-none-eabi/lib/armv6-m\libg.a(lib_a-memset.o)
                              ..\obj\uip_arp.o (memset)
c:/program files (x86)/gnu tools arm embedded/4.7 2013q2/bin/../lib/gcc/arm-none-eabi/4.7.4/../../../../arm-none-eabi/lib/armv6-m\libg.a(lib_a-printf.o)
                              ..\obj\uip-neighbor.o (printf)
c:/program files (x86)/gnu tools arm embedded/4.7 2013q2/bin/../lib/gcc/arm-none-eabi/4.7.4/../../../../arm-none-eabi/lib/armv6-m\libg.a(lib_a-puts.o)
                              ..\obj\psock.o (puts)
c:/program files (x86)/gnu tools arm embedded/4.7 2013q2/bin/../lib/gcc/arm-none-eabi/4.7.4/../../../../arm-none-eabi/lib/armv6-m\libg.a(lib_a-strlen.o)
                              ..\obj\hello-world.o (strlen)
c:/program files (x86)/gnu tools arm embedded/4.7 2013q2/bin/../lib/gcc/arm-none-eabi/4.7.4/../../../../arm-none-eabi/lib/armv6-m\libg.a(lib_a-strncpy.o)
                              ..\obj\hello-world.o (strncpy)
c:/program files (x86)/gnu tools arm embedded/4.7 2013q2/bin/../lib/gcc/arm-none-eabi/4.7.4/../../../../arm-none-eabi/lib/armv6-m\libg.a(lib_a-sysgettod.o)
                              ..\obj\clock-arch.o (gettimeofday)
c:/program files (x86)/gnu tools arm embedded/4.7 2013q2/bin/../lib/gcc/arm-none-eabi/4.7.4/../../../../arm-none-eabi/lib/armv6-m\libg.a(lib_a-vfprintf.o)
                              c:/program files (x86)/gnu tools arm embedded/4.7 2013q2/bin/../lib/gcc/arm-none-eabi/4.7.4/../../../../arm-none-eabi/lib/armv6-m\libg.a(lib_a-printf.o) (_vfprintf_r)
c:/program files (x86)/gnu tools arm embedded/4.7 2013q2/bin/../lib/gcc/arm-none-eabi/4.7.4/../../../../arm-none-eabi/lib/armv6-m\libg.a(lib_a-wsetup.o)
                              c:/program files (x86)/gnu tools arm embedded/4.7 2013q2/bin/../lib/gcc/arm-none-eabi/4.7.4/../../../../arm-none-eabi/lib/armv6-m\libg.a(lib_a-vfprintf.o) (__swsetup_r)
c:/program files (x86)/gnu tools arm embedded/4.7 2013q2/bin/../lib/gcc/arm-none-eabi/4.7.4/../../../../arm-none-eabi/lib/armv6-m\libg.a(lib_a-dtoa.o)
                              c:/program files (x86)/gnu tools arm embedded/4.7 2013q2/bin/../lib/gcc/arm-none-eabi/4.7.4/../../../../arm-none-eabi/lib/armv6-m\libg.a(lib_a-vfprintf.o) (_dtoa_r)
c:/program files (x86)/gnu tools arm embedded/4.7 2013q2/bin/../lib/gcc/arm-none-eabi/4.7.4/../../../../arm-none-eabi/lib/armv6-m\libg.a(lib_a-fflush.o)
                              c:/program files (x86)/gnu tools arm embedded/4.7 2013q2/bin/../lib/gcc/arm-none-eabi/4.7.4/../../../../arm-none-eabi/lib/armv6-m\libg.a(lib_a-vfprintf.o) (_fflush_r)
c:/program files (x86)/gnu tools arm embedded/4.7 2013q2/bin/../lib/gcc/arm-none-eabi/4.7.4/../../../../arm-none-eabi/lib/armv6-m\libg.a(lib_a-findfp.o)
                              c:/program files (x86)/gnu tools arm embedded/4.7 2013q2/bin/../lib/gcc/arm-none-eabi/4.7.4/../../../../arm-none-eabi/lib/armv6-m\libg.a(lib_a-vfprintf.o) (__sinit)
c:/program files (x86)/gnu tools arm embedded/4.7 2013q2/bin/../lib/gcc/arm-none-eabi/4.7.4/../../../../arm-none-eabi/lib/armv6-m\libg.a(lib_a-freer.o)
                              c:/program files (x86)/gnu tools arm embedded/4.7 2013q2/bin/../lib/gcc/arm-none-eabi/4.7.4/../../../../arm-none-eabi/lib/armv6-m\libg.a(lib_a-wsetup.o) (_free_r)
c:/program files (x86)/gnu tools arm embedded/4.7 2013q2/bin/../lib/gcc/arm-none-eabi/4.7.4/../../../../arm-none-eabi/lib/armv6-m\libg.a(lib_a-fvwrite.o)
                              c:/program files (x86)/gnu tools arm embedded/4.7 2013q2/bin/../lib/gcc/arm-none-eabi/4.7.4/../../../../arm-none-eabi/lib/armv6-m\libg.a(lib_a-puts.o) (__sfvwrite_r)
c:/program files (x86)/gnu tools arm embedded/4.7 2013q2/bin/../lib/gcc/arm-none-eabi/4.7.4/../../../../arm-none-eabi/lib/armv6-m\libg.a(lib_a-fwalk.o)
                              c:/program files (x86)/gnu tools arm embedded/4.7 2013q2/bin/../lib/gcc/arm-none-eabi/4.7.4/../../../../arm-none-eabi/lib/armv6-m\libg.a(lib_a-findfp.o) (_fwalk)
[...]
Memory Configuration

Name             Origin             Length             Attributes
rom              0x08000000         0x00010000         xr
ram              0x20000000         0x00002000         xrw
*default*        0x00000000         0xffffffff

Linker script and memory map

                0x20002000                _eram = 0x20002000

.text           0x08000000     0x3998
 *(.isr_vector .isr_vector.*)
 .isr_vector    0x08000000       0xc4 ..\obj\startup_stm32f0xx.o
                0x08000000                g_pfnVectors
 *(.text .text.* .gnu.linkonce.t.*)
 .text.enc28j60_rxtx
                0x080000c4       0x54 ..\obj\enc28j60.o
                0x080000c4                enc28j60_rxtx
 .text.enc28j60_read_op
                0x08000118       0x7c ..\obj\enc28j60.o
                0x08000118                enc28j60_read_op
 .text.enc28j60_write_op
                0x08000194       0x60 ..\obj\enc28j60.o
                0x08000194                enc28j60_write_op
 .text.enc28j60_soft_reset
                0x080001f4       0x54 ..\obj\enc28j60.o
                0x080001f4                enc28j60_soft_reset
 .text.enc28j60_set_bank
                0x08000248       0x68 ..\obj\enc28j60.o
                0x08000248                enc28j60_set_bank
 .text.enc28j60_rcr
                0x080002b0       0x2c ..\obj\enc28j60.o
                0x080002b0                enc28j60_rcr
 .text.enc28j60_rcr16
                0x080002dc       0x4c ..\obj\enc28j60.o
                0x080002dc                enc28j60_rcr16
 .text.enc28j60_wcr
                0x08000328       0x34 ..\obj\enc28j60.o
                0x08000328                enc28j60_wcr
 .text.enc28j60_wcr16
                0x0800035c       0x54 ..\obj\enc28j60.o
                0x0800035c                enc28j60_wcr16
 .text.enc28j60_bfc
                0x080003b0       0x34 ..\obj\enc28j60.o
                0x080003b0                enc28j60_bfc
 .text.enc28j60_bfs
                0x080003e4       0x34 ..\obj\enc28j60.o
                0x080003e4                enc28j60_bfs
 .text.enc28j60_read_buffer
                0x08000418       0x68 ..\obj\enc28j60.o
                0x08000418                enc28j60_read_buffer
 .text.enc28j60_write_buffer
                0x08000480       0x64 ..\obj\enc28j60.o
                0x08000480                enc28j60_write_buffer
 .text.enc28j60_write_phy
                0x080004e4       0x44 ..\obj\enc28j60.o
                0x080004e4                enc28j60_write_phy
 .text.enc28j60_init
                0x08000528      0x2b0 ..\obj\enc28j60.o
                0x08000528                enc28j60_init
 .text.enc28j60_send_packet
                0x080007d8       0x98 ..\obj\enc28j60.o
                0x080007d8                enc28j60_send_packet
 .text.enc28j60_recv_packet
                0x08000870       0xd4 ..\obj\enc28j60.o
                0x08000870                enc28j60_recv_packet
 .text.usartInit
                0x08000944       0xbc ..\obj\usart_jose.o
                0x08000944                usartInit
 .text.usartSend
                0x08000a00       0x38 ..\obj\usart_jose.o
                0x08000a00                usartSend
 .text.RCC_GetClocksFreq
                0x08000a38      0x1cc ..\obj\stm32f0xx_rcc.o
                0x08000a38                RCC_GetClocksFreq
 .text.RCC_AHBPeriphClockCmd
                0x08000c04       0x3c ..\obj\stm32f0xx_rcc.o
                0x08000c04                RCC_AHBPeriphClockCmd
 .text.RCC_APB1PeriphClockCmd
                0x08000c40       0x3c ..\obj\stm32f0xx_rcc.o
                0x08000c40                RCC_APB1PeriphClockCmd
 .text.buf_setup
                0x08000c7c       0x24 ..\obj\psock.o
 .text.buf_bufto
                0x08000ca0       0xa0 ..\obj\psock.o
 .text.send_data
                0x08000d40       0x60 ..\obj\psock.o
 .text.data_acked
                0x08000da0       0x68 ..\obj\psock.o
 .text.psock_send
                0x08000e08       0x84 ..\obj\psock.o
                0x08000e08                psock_send
 .text.psock_datalen
                0x08000e8c       0x20 ..\obj\psock.o
                0x08000e8c                psock_datalen
 .text.psock_newdata
                0x08000eac       0x48 ..\obj\psock.o
                0x08000eac                psock_newdata
 .text.psock_readto
                0x08000ef4       0xc0 ..\obj\psock.o
                0x08000ef4                psock_readto
 .text.psock_init
                0x08000fb4       0x40 ..\obj\psock.o
                0x08000fb4                psock_init
 .text.LED_init
                0x08000ff4       0x58 ..\obj\main.o
                0x08000ff4                LED_init
 .text.main     0x0800104c      0x190 ..\obj\main.o
                0x0800104c                main
 .text.Reset_Handler
                0x080011dc       0x44 ..\obj\startup_stm32f0xx.o
                0x080011dc                Reset_Handler
 .text.Default_Handler
                0x08001220        0x2 ..\obj\startup_stm32f0xx.o
                0x08001220                TIM1_CC_IRQHandler
                0x08001220                HardFault_Handler
                0x08001220                ADC1_COMP_IRQHandler
                0x08001220                SysTick_Handler
                0x08001220                PVD_IRQHandler
                0x08001220                PendSV_Handler
                0x08001220                NMI_Handler
                0x08001220                I2C1_IRQHandler
                0x08001220                SPI1_IRQHandler
                0x08001220                TIM6_DAC_IRQHandler
                0x08001220                EXTI2_3_IRQHandler
                0x08001220                I2C2_IRQHandler
                0x08001220                TIM17_IRQHandler
                0x08001220                RTC_IRQHandler
                0x08001220                TIM16_IRQHandler
                0x08001220                TIM3_IRQHandler
                0x08001220                EXTI4_15_IRQHandler
                0x08001220                RCC_IRQHandler
                0x08001220                DMA1_Channel1_IRQHandler
                0x08001220                Default_Handler
                0x08001220                CEC_IRQHandler
                0x08001220                TIM14_IRQHandler
                0x08001220                DMA1_Channel4_5_IRQHandler
                0x08001220                TIM15_IRQHandler
                0x08001220                EXTI0_1_IRQHandler
                0x08001220                SPI2_IRQHandler
                0x08001220                SVC_Handler
                0x08001220                TS_IRQHandler
                0x08001220                WWDG_IRQHandler
                0x08001220                TIM2_IRQHandler
                0x08001220                DMA1_Channel2_3_IRQHandler
                0x08001220                USART2_IRQHandler
                0x08001220                FLASH_IRQHandler
                0x08001220                USART1_IRQHandler
                0x08001220                TIM1_BRK_UP_TRG_COM_IRQHandler
 *fill*         0x08001222        0x2 00
 .text.uip_arp_init
                0x08001224       0x48 ..\obj\uip_arp.o
                0x08001224                uip_arp_init
 .text.uip_arp_update
                0x0800126c      0x170 ..\obj\uip_arp.o
 .text.uip_arp_arpin
                0x080013dc      0x12c ..\obj\uip_arp.o
                0x080013dc                uip_arp_arpin
 .text.uip_arp_out
                0x08001508      0x200 ..\obj\uip_arp.o
                0x08001508                uip_arp_out
 .text.SPI_Init
                0x08001708      0x104 ..\obj\stm32f0xx_spi.o
                0x08001708                SPI_Init
 .text.SPI_Cmd  0x0800180c       0x40 ..\obj\stm32f0xx_spi.o
                0x0800180c                SPI_Cmd
 .text.SPI_RxFIFOThresholdConfig
                0x0800184c       0x3c ..\obj\stm32f0xx_spi.o
                0x0800184c                SPI_RxFIFOThresholdConfig
 .text.SPI_SendData8
                0x08001888       0x2c ..\obj\stm32f0xx_spi.o
                0x08001888                SPI_SendData8
 .text.SPI_ReceiveData8
                0x080018b4       0x24 ..\obj\stm32f0xx_spi.o
                0x080018b4                SPI_ReceiveData8
 .text.SPI_CalculateCRC
                0x080018d8       0x44 ..\obj\stm32f0xx_spi.o
                0x080018d8                SPI_CalculateCRC
 .text.SPI_I2S_GetFlagStatus
                0x0800191c       0x48 ..\obj\stm32f0xx_spi.o
                0x0800191c                SPI_I2S_GetFlagStatus
 .text.GPIO_Init
                0x08001964      0x138 ..\obj\stm32f0xx_gpio.o
                0x08001964                GPIO_Init
 .text.GPIO_StructInit
                0x08001a9c       0x30 ..\obj\stm32f0xx_gpio.o
                0x08001a9c                GPIO_StructInit
 .text.GPIO_SetBits
                0x08001acc       0x1c ..\obj\stm32f0xx_gpio.o
                0x08001acc                GPIO_SetBits
 .text.GPIO_ResetBits
                0x08001ae8       0x1c ..\obj\stm32f0xx_gpio.o
                0x08001ae8                GPIO_ResetBits
 .text.GPIO_PinAFConfig
                0x08001b04       0x9c ..\obj\stm32f0xx_gpio.o
                0x08001b04                GPIO_PinAFConfig
 .text.USART_Init
                0x08001ba0      0x160 ..\obj\stm32f0xx_usart.o
                0x08001ba0                USART_Init
 .text.USART_Cmd
                0x08001d00       0x3c ..\obj\stm32f0xx_usart.o
                0x08001d00                USART_Cmd
 .text.USART_SendData
                0x08001d3c       0x24 ..\obj\stm32f0xx_usart.o
                0x08001d3c                USART_SendData
 .text.USART_GetFlagStatus
                0x08001d60       0x3c ..\obj\stm32f0xx_usart.o
                0x08001d60                USART_GetFlagStatus
 .text.SystemInit
                0x08001d9c       0x8c ..\obj\system_stm32f0xx.o
                0x08001d9c                SystemInit
 .text.SetSysClock
                0x08001e28       0xe0 ..\obj\system_stm32f0xx.o
 .text.uip_add32
                0x08001f08       0xcc ..\obj\uip.o
                0x08001f08                uip_add32
 .text.chksum   0x08001fd4       0xbc ..\obj\uip.o
 .text.uip_ipchksum
                0x08002090       0x40 ..\obj\uip.o
                0x08002090                uip_ipchksum
 .text.upper_layer_chksum
                0x080020d0       0xa8 ..\obj\uip.o
 .text.uip_tcpchksum
                0x08002178       0x14 ..\obj\uip.o
                0x08002178                uip_tcpchksum
 .text.uip_init
                0x0800218c       0x7c ..\obj\uip.o
                0x0800218c                uip_init
 .text.uip_listen
                0x08002208       0x58 ..\obj\uip.o
                0x08002208                uip_listen
 .text.uip_add_rcv_nxt
                0x08002260       0x58 ..\obj\uip.o
 .text.uip_process
                0x080022b8     0x1070 ..\obj\uip.o
                0x080022b8                uip_process
 .text.htons    0x08003328       0x2c ..\obj\uip.o
                0x08003328                htons
 .text.uip_send
                0x08003354       0x44 ..\obj\uip.o
                0x08003354                uip_send
 .text.hello_world_init
                0x08003398       0x14 ..\obj\hello-world.o
                0x08003398                hello_world_init
 .text.hello_world_appcall
                0x080033ac       0x40 ..\obj\hello-world.o
                0x080033ac                hello_world_appcall
 .text.handle_connection
                0x080033ec       0xf0 ..\obj\hello-world.o
 .text          0x080034dc       0x9c c:/program files (x86)/gnu tools arm embedded/4.7 2013q2/bin/../lib/gcc/arm-none-eabi/4.7.4/armv6-m\libgcc.a(_udivsi3.o)
                0x080034dc                __aeabi_uidiv
                0x080034dc                __udivsi3
                0x08003564                __aeabi_uidivmod
 .text          0x08003578        0x4 c:/program files (x86)/gnu tools arm embedded/4.7 2013q2/bin/../lib/gcc/arm-none-eabi/4.7.4/armv6-m\libgcc.a(_dvmd_tls.o)
                0x08003578                __aeabi_idiv0
                0x08003578                __aeabi_ldiv0
 .text.memcpy   0x0800357c      0x144 c:/program files (x86)/gnu tools arm embedded/4.7 2013q2/bin/../lib/gcc/arm-none-eabi/4.7.4/../../../../arm-none-eabi/lib/armv6-m\libg.a(lib_a-memcpy.o)
                0x0800357c                memcpy
 .text.memset   0x080036c0      0x118 c:/program files (x86)/gnu tools arm embedded/4.7 2013q2/bin/../lib/gcc/arm-none-eabi/4.7.4/../../../../arm-none-eabi/lib/armv6-m\libg.a(lib_a-memset.o)
                0x080036c0                memset
 .text.strlen   0x080037d8       0x10 c:/program files (x86)/gnu tools arm embedded/4.7 2013q2/bin/../lib/gcc/arm-none-eabi/4.7.4/../../../../arm-none-eabi/lib/armv6-m\libg.a(lib_a-strlen.o)
                0x080037d8                strlen
 .text.strncpy  0x080037e8      0x124 c:/program files (x86)/gnu tools arm embedded/4.7 2013q2/bin/../lib/gcc/arm-none-eabi/4.7.4/../../../../arm-none-eabi/lib/armv6-m\libg.a(lib_a-strncpy.o)
                0x080037e8                strncpy
 *(.glue_7t)
 .glue_7t       0x00000000        0x0 linker stubs
 *(.glue_7)
 .glue_7        0x00000000        0x0 linker stubs
 *(.rodata .rodata* .gnu.linkonce.r.*)
 .rodata        0x0800390c        0x4 ..\obj\enc28j60.o
 .rodata        0x08003910        0x8 ..\obj\main.o
 .rodata        0x08003918        0xc ..\obj\uip_arp.o
 .rodata        0x08003924       0x50 ..\obj\uip.o
 .rodata        0x08003974       0x24 ..\obj\hello-world.o

.vfp11_veneer   0x08003998        0x0
 .vfp11_veneer  0x00000000        0x0 linker stubs

.v4_bx          0x08003998        0x0
 .v4_bx         0x00000000        0x0 linker stubs

.iplt           0x08003998        0x0
 .iplt          0x00000000        0x0 ..\obj\enc28j60.o

.rel.dyn        0x08003998        0x0
 .rel.iplt      0x00000000        0x0 ..\obj\enc28j60.o

.ARM.extab
 *(.ARM.extab* .gnu.linkonce.armextab.*)
                0x08003998                __exidx_start = .

.ARM.exidx
 *(.ARM.exidx* .gnu.linkonce.armexidx.*)
                0x08003998                __exidx_end = .
                0x08003998                . = ALIGN (0x4)
                0x08003998                _etext = .
                0x08003998                _sidata = .

.data           0x20000000       0x10 load address 0x08003998
                0x20000000                _sdata = .
 *(.data .data.*)
 .data          0x20000000       0x10 ..\obj\stm32f0xx_rcc.o
                0x20000010                . = ALIGN (0x4)
                0x20000010                _edata = .

.igot.plt       0x20000010        0x0 load address 0x080039a8
 .igot.plt      0x00000000        0x0 ..\obj\enc28j60.o

.bss            0x20000010     0x14e8 load address 0x080039a8
                0x20000010                _sbss = .
 *(.bss .bss.*)
 .bss           0x20000010        0x4 ..\obj\enc28j60.o
                0x20000010                enc28j60_current_bank
                0x20000012                enc28j60_rxrdpt
 .bss           0x20000014       0x68 ..\obj\uip_arp.o
 .bss           0x2000007c       0x14 ..\obj\uip.o
                0x2000007c                uip_ethaddr
 *(COMMON)
 COMMON         0x20000090     0x1468 ..\obj\uip.o
                0x20000090                uip_len
                0x20000094                uip_sappdata
                0x20000098                uip_acc32
                0x2000009c                uip_flags
                0x200000a0                uip_appdata
                0x200000a4                uip_conn
                0x200000a8                uip_conns
                0x200012c8                uip_listenports
                0x20001318                uip_draddr
                0x2000131c                uip_stat
                0x20001348                uip_netmask
                0x2000134c                uip_hostaddr
                0x20001350                uip_buf
                0x200014f6                uip_slen
                0x200014f8                . = ALIGN (0x4)
                0x200014f8                _ebss = .

.co_stack       0x200014f8        0x0
                0x200014f8                . = ALIGN (0x8)
 *(.co_stack .co_stack.*)
                0x200014f8                . = ALIGN (0x4)
                0x200014f8                _end = .
LOAD ..\obj\enc28j60.o
LOAD ..\obj\usart_jose.o
LOAD ..\obj\stm32f0xx_rcc.o
LOAD ..\obj\timer.o
LOAD ..\obj\psock.o
LOAD ..\obj\main.o
LOAD ..\obj\startup_stm32f0xx.o
LOAD ..\obj\uiplib.o
LOAD ..\obj\uip-split.o
LOAD ..\obj\uip-fw.o
LOAD ..\obj\clock-arch.o
LOAD ..\obj\uip_arp.o
LOAD ..\obj\stm32f0xx_spi.o
LOAD ..\obj\uip-neighbor.o
LOAD ..\obj\stm32f0xx_gpio.o
LOAD ..\obj\stm32f0xx_usart.o
LOAD ..\obj\system_stm32f0xx.o
LOAD ..\obj\uip.o
LOAD ..\obj\hello-world.o
LOAD ..\obj\core_cm0.o
START GROUP
LOAD c:/program files (x86)/gnu tools arm embedded/4.7 2013q2/bin/../lib/gcc/arm-none-eabi/4.7.4/armv6-m\libgcc.a
LOAD c:/program files (x86)/gnu tools arm embedded/4.7 2013q2/bin/../lib/gcc/arm-none-eabi/4.7.4/../../../../arm-none-eabi/lib/armv6-m\libg.a
LOAD c:/program files (x86)/gnu tools arm embedded/4.7 2013q2/bin/../lib/gcc/arm-none-eabi/4.7.4/../../../../arm-none-eabi/lib/armv6-m\libc.a
END GROUP
OUTPUT(elliana.elf elf32-littlearm)

.debug_info     0x00000000     0x5cf5
 .debug_info    0x00000000      0x8b3 ..\obj\enc28j60.o
 .debug_info    0x000008b3      0x4b9 ..\obj\usart_jose.o
 .debug_info    0x00000d6c      0xa63 ..\obj\stm32f0xx_rcc.o
 .debug_info    0x000017cf      0x6e4 ..\obj\psock.o
 .debug_info    0x00001eb3      0x410 ..\obj\main.o
 .debug_info    0x000022c3       0xa1 ..\obj\startup_stm32f0xx.o
 .debug_info    0x00002364      0x49f ..\obj\uip_arp.o
 .debug_info    0x00002803      0xb56 ..\obj\stm32f0xx_spi.o
 .debug_info    0x00003359      0x618 ..\obj\stm32f0xx_gpio.o
 .debug_info    0x00003971      0xf43 ..\obj\stm32f0xx_usart.o
 .debug_info    0x000048b4      0x30f ..\obj\system_stm32f0xx.o
 .debug_info    0x00004bc3      0xd66 ..\obj\uip.o
 .debug_info    0x00005929      0x3cc ..\obj\hello-world.o

.debug_abbrev   0x00000000     0x13c3
 .debug_abbrev  0x00000000      0x1d9 ..\obj\enc28j60.o
 .debug_abbrev  0x000001d9      0x14a ..\obj\usart_jose.o
 .debug_abbrev  0x00000323      0x1ee ..\obj\stm32f0xx_rcc.o
 .debug_abbrev  0x00000511      0x21a ..\obj\psock.o
 .debug_abbrev  0x0000072b      0x155 ..\obj\main.o
 .debug_abbrev  0x00000880       0x12 ..\obj\startup_stm32f0xx.o
 .debug_abbrev  0x00000892      0x18e ..\obj\uip_arp.o
 .debug_abbrev  0x00000a20      0x1a3 ..\obj\stm32f0xx_spi.o
 .debug_abbrev  0x00000bc3      0x190 ..\obj\stm32f0xx_gpio.o
 .debug_abbrev  0x00000d53      0x15e ..\obj\stm32f0xx_usart.o
 .debug_abbrev  0x00000eb1      0x136 ..\obj\system_stm32f0xx.o
 .debug_abbrev  0x00000fe7      0x287 ..\obj\uip.o
 .debug_abbrev  0x0000126e      0x155 ..\obj\hello-world.o

.debug_loc      0x00000000     0x29e2
 .debug_loc     0x00000000      0x3f0 ..\obj\enc28j60.o
 .debug_loc     0x000003f0       0xa8 ..\obj\usart_jose.o
 .debug_loc     0x00000498      0x864 ..\obj\stm32f0xx_rcc.o
 .debug_loc     0x00000cfc      0x288 ..\obj\psock.o
 .debug_loc     0x00000f84       0x70 ..\obj\main.o
 .debug_loc     0x00000ff4      0x100 ..\obj\uip_arp.o
 .debug_loc     0x000010f4      0x6ca ..\obj\stm32f0xx_spi.o
 .debug_loc     0x000017be      0x2d8 ..\obj\stm32f0xx_gpio.o
 .debug_loc     0x00001a96      0xab8 ..\obj\stm32f0xx_usart.o
 .debug_loc     0x0000254e       0x9c ..\obj\system_stm32f0xx.o
 .debug_loc     0x000025ea      0x35c ..\obj\uip.o
 .debug_loc     0x00002946       0x9c ..\obj\hello-world.o

.debug_aranges  0x00000000      0x758
 .debug_aranges
                0x00000000       0xa8 ..\obj\enc28j60.o
 .debug_aranges
                0x000000a8       0x30 ..\obj\usart_jose.o
 .debug_aranges
                0x000000d8      0x150 ..\obj\stm32f0xx_rcc.o
 .debug_aranges
                0x00000228       0x78 ..\obj\psock.o
 .debug_aranges
                0x000002a0       0x28 ..\obj\main.o
 .debug_aranges
                0x000002c8       0x28 ..\obj\startup_stm32f0xx.o
 .debug_aranges
                0x000002f0       0x40 ..\obj\uip_arp.o
 .debug_aranges
                0x00000330      0x110 ..\obj\stm32f0xx_spi.o
 .debug_aranges
                0x00000440       0x80 ..\obj\stm32f0xx_gpio.o
 .debug_aranges
                0x000004c0      0x1a0 ..\obj\stm32f0xx_usart.o
 .debug_aranges
                0x00000660       0x30 ..\obj\system_stm32f0xx.o
 .debug_aranges
                0x00000690       0x98 ..\obj\uip.o
 .debug_aranges
                0x00000728       0x30 ..\obj\hello-world.o

.debug_ranges   0x00000000      0x690
 .debug_ranges  0x00000000       0x98 ..\obj\enc28j60.o
 .debug_ranges  0x00000098       0x20 ..\obj\usart_jose.o
 .debug_ranges  0x000000b8      0x140 ..\obj\stm32f0xx_rcc.o
 .debug_ranges  0x000001f8       0x68 ..\obj\psock.o
 .debug_ranges  0x00000260       0x18 ..\obj\main.o
 .debug_ranges  0x00000278       0x20 ..\obj\startup_stm32f0xx.o
 .debug_ranges  0x00000298       0x30 ..\obj\uip_arp.o
 .debug_ranges  0x000002c8      0x100 ..\obj\stm32f0xx_spi.o
 .debug_ranges  0x000003c8       0x70 ..\obj\stm32f0xx_gpio.o
 .debug_ranges  0x00000438      0x190 ..\obj\stm32f0xx_usart.o
 .debug_ranges  0x000005c8       0x20 ..\obj\system_stm32f0xx.o
 .debug_ranges  0x000005e8       0x88 ..\obj\uip.o
 .debug_ranges  0x00000670       0x20 ..\obj\hello-world.o

.debug_line     0x00000000     0x27ac
 .debug_line    0x00000000      0x376 ..\obj\enc28j60.o
 .debug_line    0x00000376      0x1cf ..\obj\usart_jose.o
 .debug_line    0x00000545      0x4c0 ..\obj\stm32f0xx_rcc.o
 .debug_line    0x00000a05      0x2ec ..\obj\psock.o
 .debug_line    0x00000cf1      0x1ea ..\obj\main.o
 .debug_line    0x00000edb       0xa7 ..\obj\startup_stm32f0xx.o
 .debug_line    0x00000f82      0x255 ..\obj\uip_arp.o
 .debug_line    0x000011d7      0x437 ..\obj\stm32f0xx_spi.o
 .debug_line    0x0000160e      0x29b ..\obj\stm32f0xx_gpio.o
 .debug_line    0x000018a9      0x586 ..\obj\stm32f0xx_usart.o
 .debug_line    0x00001e2f      0x177 ..\obj\system_stm32f0xx.o
 .debug_line    0x00001fa6      0x64c ..\obj\uip.o
 .debug_line    0x000025f2      0x1ba ..\obj\hello-world.o

.debug_str      0x00000000     0x1f55
 .debug_str     0x00000000      0x514 ..\obj\enc28j60.o
                                0x564 (size before relaxing)
 .debug_str     0x00000514       0xfd ..\obj\usart_jose.o
                                0x3ce (size before relaxing)
 .debug_str     0x00000611      0x576 ..\obj\stm32f0xx_rcc.o
                                0x6c5 (size before relaxing)
 .debug_str     0x00000b87      0x244 ..\obj\psock.o
                                0x353 (size before relaxing)
 .debug_str     0x00000dcb       0x9c ..\obj\main.o
                                0x37a (size before relaxing)
 .debug_str     0x00000e67      0x144 ..\obj\uip_arp.o
                                0x2ec (size before relaxing)
 .debug_str     0x00000fab      0x3b1 ..\obj\stm32f0xx_spi.o
                                0x69e (size before relaxing)
 .debug_str     0x0000135c      0x183 ..\obj\stm32f0xx_gpio.o
                                0x42c (size before relaxing)
 .debug_str     0x000014df      0x658 ..\obj\stm32f0xx_usart.o
                                0x8f3 (size before relaxing)
 .debug_str     0x00001b37       0xa1 ..\obj\system_stm32f0xx.o
                                0x236 (size before relaxing)
 .debug_str     0x00001bd8      0x316 ..\obj\uip.o
                                0x5f3 (size before relaxing)
 .debug_str     0x00001eee       0x67 ..\obj\hello-world.o
                                0x278 (size before relaxing)

.comment        0x00000000       0x70
 .comment       0x00000000       0x70 ..\obj\enc28j60.o
                                 0x71 (size before relaxing)
 .comment       0x00000000       0x71 ..\obj\usart_jose.o
 .comment       0x00000000       0x71 ..\obj\stm32f0xx_rcc.o
 .comment       0x00000000       0x71 ..\obj\psock.o
 .comment       0x00000000       0x71 ..\obj\main.o
 .comment       0x00000000       0x71 ..\obj\uip_arp.o
 .comment       0x00000000       0x71 ..\obj\stm32f0xx_spi.o
 .comment       0x00000000       0x71 ..\obj\stm32f0xx_gpio.o
 .comment       0x00000000       0x71 ..\obj\stm32f0xx_usart.o
 .comment       0x00000000       0x71 ..\obj\system_stm32f0xx.o
 .comment       0x00000000       0x71 ..\obj\uip.o
 .comment       0x00000000       0x71 ..\obj\hello-world.o

.ARM.attributes
                0x00000000       0x2f
 .ARM.attributes
                0x00000000       0x31 ..\obj\enc28j60.o
 .ARM.attributes
                0x00000031       0x31 ..\obj\usart_jose.o
 .ARM.attributes
                0x00000062       0x31 ..\obj\stm32f0xx_rcc.o
 .ARM.attributes
                0x00000093       0x31 ..\obj\psock.o
 .ARM.attributes
                0x000000c4       0x31 ..\obj\main.o
 .ARM.attributes
                0x000000f5       0x21 ..\obj\startup_stm32f0xx.o
 .ARM.attributes
                0x00000116       0x31 ..\obj\uip_arp.o
 .ARM.attributes
                0x00000147       0x31 ..\obj\stm32f0xx_spi.o
 .ARM.attributes
                0x00000178       0x31 ..\obj\stm32f0xx_gpio.o
 .ARM.attributes
                0x000001a9       0x31 ..\obj\stm32f0xx_usart.o
 .ARM.attributes
                0x000001da       0x31 ..\obj\system_stm32f0xx.o
 .ARM.attributes
                0x0000020b       0x31 ..\obj\uip.o
 .ARM.attributes
                0x0000023c       0x31 ..\obj\hello-world.o
 .ARM.attributes
                0x0000026d       0x1e c:/program files (x86)/gnu tools arm embedded/4.7 2013q2/bin/../lib/gcc/arm-none-eabi/4.7.4/armv6-m\libgcc.a(_udivsi3.o)
 .ARM.attributes
                0x0000028b       0x1e c:/program files (x86)/gnu tools arm embedded/4.7 2013q2/bin/../lib/gcc/arm-none-eabi/4.7.4/armv6-m\libgcc.a(_dvmd_tls.o)
 .ARM.attributes
                0x000002a9       0x2c c:/program files (x86)/gnu tools arm embedded/4.7 2013q2/bin/../lib/gcc/arm-none-eabi/4.7.4/../../../../arm-none-eabi/lib/armv6-m\libg.a(lib_a-memcpy.o)
 .ARM.attributes
                0x000002d5       0x2c c:/program files (x86)/gnu tools arm embedded/4.7 2013q2/bin/../lib/gcc/arm-none-eabi/4.7.4/../../../../arm-none-eabi/lib/armv6-m\libg.a(lib_a-memset.o)
 .ARM.attributes
                0x00000301       0x2c c:/program files (x86)/gnu tools arm embedded/4.7 2013q2/bin/../lib/gcc/arm-none-eabi/4.7.4/../../../../arm-none-eabi/lib/armv6-m\libg.a(lib_a-strlen.o)
 .ARM.attributes
                0x0000032d       0x2c c:/program files (x86)/gnu tools arm embedded/4.7 2013q2/bin/../lib/gcc/arm-none-eabi/4.7.4/../../../../arm-none-eabi/lib/armv6-m\libg.a(lib_a-strncpy.o)

.debug_frame    0x00000000     0x19c0
 .debug_frame   0x00000000      0x250 ..\obj\enc28j60.o
 .debug_frame   0x00000250       0x70 ..\obj\usart_jose.o
 .debug_frame   0x000002c0      0x4e4 ..\obj\stm32f0xx_rcc.o
 .debug_frame   0x000007a4      0x194 ..\obj\psock.o
 .debug_frame   0x00000938       0x50 ..\obj\main.o
 .debug_frame   0x00000988       0xa8 ..\obj\uip_arp.o
 .debug_frame   0x00000a30      0x3f0 ..\obj\stm32f0xx_spi.o
 .debug_frame   0x00000e20      0x1b0 ..\obj\stm32f0xx_gpio.o
 .debug_frame   0x00000fd0      0x630 ..\obj\stm32f0xx_usart.o
 .debug_frame   0x00001600       0x6c ..\obj\system_stm32f0xx.o
 .debug_frame   0x0000166c      0x208 ..\obj\uip.o
 .debug_frame   0x00001874       0x70 ..\obj\hello-world.o
 .debug_frame   0x000018e4       0x20 c:/program files (x86)/gnu tools arm embedded/4.7 2013q2/bin/../lib/gcc/arm-none-eabi/4.7.4/armv6-m\libgcc.a(_udivsi3.o)
 .debug_frame   0x00001904       0x34 c:/program files (x86)/gnu tools arm embedded/4.7 2013q2/bin/../lib/gcc/arm-none-eabi/4.7.4/../../../../arm-none-eabi/lib/armv6-m\libg.a(lib_a-memcpy.o)
 .debug_frame   0x00001938       0x30 c:/program files (x86)/gnu tools arm embedded/4.7 2013q2/bin/../lib/gcc/arm-none-eabi/4.7.4/../../../../arm-none-eabi/lib/armv6-m\libg.a(lib_a-memset.o)
 .debug_frame   0x00001968       0x20 c:/program files (x86)/gnu tools arm embedded/4.7 2013q2/bin/../lib/gcc/arm-none-eabi/4.7.4/../../../../arm-none-eabi/lib/armv6-m\libg.a(lib_a-strlen.o)
 .debug_frame   0x00001988       0x38 c:/program files (x86)/gnu tools arm embedded/4.7 2013q2/bin/../lib/gcc/arm-none-eabi/4.7.4/../../../../arm-none-eabi/lib/armv6-m\libg.a(lib_a-strncpy.o)
