Archive member included because of file (symbol)

c:/program files (x86)/gnu tools arm embedded/4.7 2013q2/bin/../lib/gcc/arm-none-eabi/4.7.4/armv6-m\libgcc.a(_udivsi3.o)
                              ..\obj\stm32f0xx_rcc.o (__aeabi_uidiv)
c:/program files (x86)/gnu tools arm embedded/4.7 2013q2/bin/../lib/gcc/arm-none-eabi/4.7.4/armv6-m\libgcc.a(_divsi3.o)
                              ..\obj\clock-arch.o (__aeabi_idiv)
c:/program files (x86)/gnu tools arm embedded/4.7 2013q2/bin/../lib/gcc/arm-none-eabi/4.7.4/armv6-m\libgcc.a(_dvmd_tls.o)
                              c:/program files (x86)/gnu tools arm embedded/4.7 2013q2/bin/../lib/gcc/arm-none-eabi/4.7.4/armv6-m\libgcc.a(_udivsi3.o) (__aeabi_idiv0)
c:/program files (x86)/gnu tools arm embedded/4.7 2013q2/bin/../lib/gcc/arm-none-eabi/4.7.4/../../../../arm-none-eabi/lib/armv6-m\libg.a(lib_a-memcmp.o)
                              ..\obj\tasks.o (memcmp)
c:/program files (x86)/gnu tools arm embedded/4.7 2013q2/bin/../lib/gcc/arm-none-eabi/4.7.4/../../../../arm-none-eabi/lib/armv6-m\libg.a(lib_a-memcpy.o)
                              ..\obj\psock.o (memcpy)
c:/program files (x86)/gnu tools arm embedded/4.7 2013q2/bin/../lib/gcc/arm-none-eabi/4.7.4/../../../../arm-none-eabi/lib/armv6-m\libg.a(lib_a-memset.o)
                              ..\obj\tasks.o (memset)
c:/program files (x86)/gnu tools arm embedded/4.7 2013q2/bin/../lib/gcc/arm-none-eabi/4.7.4/../../../../arm-none-eabi/lib/armv6-m\libg.a(lib_a-printf.o)
                              ..\obj\uip-neighbor.o (printf)
c:/program files (x86)/gnu tools arm embedded/4.7 2013q2/bin/../lib/gcc/arm-none-eabi/4.7.4/../../../../arm-none-eabi/lib/armv6-m\libg.a(lib_a-puts.o)
                              ..\obj\psock.o (puts)
c:/program files (x86)/gnu tools arm embedded/4.7 2013q2/bin/../lib/gcc/arm-none-eabi/4.7.4/../../../../arm-none-eabi/lib/armv6-m\libg.a(lib_a-strlen.o)
                              ..\obj\hello-world.o (strlen)
c:/program files (x86)/gnu tools arm embedded/4.7 2013q2/bin/../lib/gcc/arm-none-eabi/4.7.4/../../../../arm-none-eabi/lib/armv6-m\libg.a(lib_a-strncpy.o)
                              ..\obj\hello-world.o (strncpy)
c:/program files (x86)/gnu tools arm embedded/4.7 2013q2/bin/../lib/gcc/arm-none-eabi/4.7.4/../../../../arm-none-eabi/lib/armv6-m\libg.a(lib_a-sysgettod.o)
                              ..\obj\clock-arch.o (gettimeofday)
c:/program files (x86)/gnu tools arm embedded/4.7 2013q2/bin/../lib/gcc/arm-none-eabi/4.7.4/../../../../arm-none-eabi/lib/armv6-m\libg.a(lib_a-vfprintf.o)
                              c:/program files (x86)/gnu tools arm embedded/4.7 2013q2/bin/../lib/gcc/arm-none-eabi/4.7.4/../../../../arm-none-eabi/lib/armv6-m\libg.a(lib_a-printf.o) (_vfprintf_r)
c:/program files (x86)/gnu tools arm embedded/4.7 2013q2/bin/../lib/gcc/arm-none-eabi/4.7.4/../../../../arm-none-eabi/lib/armv6-m\libg.a(lib_a-wsetup.o)
                              c:/program files (x86)/gnu tools arm embedded/4.7 2013q2/bin/../lib/gcc/arm-none-eabi/4.7.4/../../../../arm-none-eabi/lib/armv6-m\libg.a(lib_a-vfprintf.o) (__swsetup_r)
c:/program files (x86)/gnu tools arm embedded/4.7 2013q2/bin/../lib/gcc/arm-none-eabi/4.7.4/../../../../arm-none-eabi/lib/armv6-m\libg.a(lib_a-dtoa.o)
                              c:/program files (x86)/gnu tools arm embedded/4.7 2013q2/bin/../lib/gcc/arm-none-eabi/4.7.4/../../../../arm-none-eabi/lib/armv6-m\libg.a(lib_a-vfprintf.o) (_dtoa_r)
c:/program files (x86)/gnu tools arm embedded/4.7 2013q2/bin/../lib/gcc/arm-none-eabi/4.7.4/../../../../arm-none-eabi/lib/armv6-m\libg.a(lib_a-fflush.o)
                              c:/program files (x86)/gnu tools arm embedded/4.7 2013q2/bin/../lib/gcc/arm-none-eabi/4.7.4/../../../../arm-none-eabi/lib/armv6-m\libg.a(lib_a-vfprintf.o) (_fflush_r)
c:/program files (x86)/gnu tools arm embedded/4.7 2013q2/bin/../lib/gcc/arm-none-eabi/4.7.4/../../../../arm-none-eabi/lib/armv6-m\libg.a(lib_a-findfp.o)
                              c:/program files (x86)/gnu tools arm embedded/4.7 2013q2/bin/../lib/gcc/arm-none-eabi/4.7.4/../../../../arm-none-eabi/lib/armv6-m\libg.a(lib_a-vfprintf.o) (__sinit)
c:/program files (x86)/gnu tools arm embedded/4.7 2013q2/bin/../lib/gcc/arm-none-eabi/4.7.4/../../../../arm-none-eabi/lib/armv6-m\libg.a(lib_a-freer.o)
                              c:/program files (x86)/gnu tools arm embedded/4.7 2013q2/bin/../lib/gcc/arm-none-eabi/4.7.4/../../../../arm-none-eabi/lib/armv6-m\libg.a(lib_a-wsetup.o) (_free_r)
c:/program files (x86)/gnu tools arm embedded/4.7 2013q2/bin/../lib/gcc/arm-none-eabi/4.7.4/../../../../arm-none-eabi/lib/armv6-m\libg.a(lib_a-fvwrite.o)
                              c:/program files (x86)/gnu tools arm embedded/4.7 2013q2/bin/../lib/gcc/arm-none-eabi/4.7.4/../../../../arm-none-eabi/lib/armv6-m\libg.a(lib_a-puts.o) (__sfvwrite_r)
c:/program files (x86)/gnu tools arm embedded/4.7 2013q2/bin/../lib/gcc/arm-none-eabi/4.7.4/../../../../arm-none-eabi/lib/armv6-m\libg.a(lib_a-fwalk.o)
[...]
Memory Configuration

Name             Origin             Length             Attributes
rom              0x08000000         0x00010000         xr
ram              0x20000000         0x00002000         xrw
*default*        0x00000000         0xffffffff

Linker script and memory map

                0x20002000                _eram = 0x20002000

.text           0x08000000     0x4078
 *(.isr_vector .isr_vector.*)
 .isr_vector    0x08000000       0xc4 ..\obj\startup_stm32f0xx.o
                0x08000000                g_pfnVectors
 *(.text .text.* .gnu.linkonce.t.*)
 .text.ETH_send_packet
                0x080000c4       0x90 ..\obj\enc28j60_jose.o
                0x080000c4                ETH_send_packet
 .text.ETH_ReceivePacket
                0x08000154      0x1e4 ..\obj\enc28j60_jose.o
                0x08000154                ETH_ReceivePacket
 .text.usartInit
                0x08000338       0xbc ..\obj\usart_jose.o
                0x08000338                usartInit
 .text.usartSend
                0x080003f4       0x38 ..\obj\usart_jose.o
                0x080003f4                usartSend
 .text.RCC_GetClocksFreq
                0x0800042c      0x1cc ..\obj\stm32f0xx_rcc.o
                0x0800042c                RCC_GetClocksFreq
 .text.RCC_AHBPeriphClockCmd
                0x080005f8       0x3c ..\obj\stm32f0xx_rcc.o
                0x080005f8                RCC_AHBPeriphClockCmd
 .text.RCC_APB1PeriphClockCmd
                0x08000634       0x3c ..\obj\stm32f0xx_rcc.o
                0x08000634                RCC_APB1PeriphClockCmd
 .text.ETH_SPI_init
                0x08000670      0x180 ..\obj\stm32f0_spi_jose.o
                0x08000670                ETH_SPI_init
 .text.spi      0x080007f0       0x54 ..\obj\stm32f0_spi_jose.o
                0x080007f0                spi
 .text.ETH_ReadETHControlRegister
                0x08000844       0x90 ..\obj\stm32f0_spi_jose.o
                0x08000844                ETH_ReadETHControlRegister
 .text.ETH_ReadMACandMIIControlRegister
                0x080008d4       0x9c ..\obj\stm32f0_spi_jose.o
                0x080008d4                ETH_ReadMACandMIIControlRegister
 .text.ETH_WriteControlRegister
                0x08000970       0x8c ..\obj\stm32f0_spi_jose.o
                0x08000970                ETH_WriteControlRegister
 .text.ETH_WritePHYRegister
                0x080009fc       0x50 ..\obj\stm32f0_spi_jose.o
                0x080009fc                ETH_WritePHYRegister
 .text.ETH_switch_bank
                0x08000a4c       0x60 ..\obj\stm32f0_spi_jose.o
                0x08000a4c                ETH_switch_bank
 .text.ETH_ReadBufferMemory
                0x08000aac       0x68 ..\obj\stm32f0_spi_jose.o
                0x08000aac                ETH_ReadBufferMemory
 .text.ETH_ReadOneWordFromBufferMemory
                0x08000b14       0x40 ..\obj\stm32f0_spi_jose.o
                0x08000b14                ETH_ReadOneWordFromBufferMemory
 .text.ETH_WriteBufferMemory
                0x08000b54       0x64 ..\obj\stm32f0_spi_jose.o
                0x08000b54                ETH_WriteBufferMemory
 .text.ETH_SystemCommandSoftReset
                0x08000bb8       0x24 ..\obj\stm32f0_spi_jose.o
                0x08000bb8                ETH_SystemCommandSoftReset
 .text.ETH_bit_set
                0x08000bdc       0x8c ..\obj\stm32f0_spi_jose.o
                0x08000bdc                ETH_bit_set
 .text.ETH_bit_clear
                0x08000c68       0x8c ..\obj\stm32f0_spi_jose.o
                0x08000c68                ETH_bit_clear
 .text.ETH_MAC_init
                0x08000cf4      0x1dc ..\obj\stm32f0_spi_jose.o
                0x08000cf4                ETH_MAC_init
 .text.buf_setup
                0x08000ed0       0x24 ..\obj\psock.o
 .text.buf_bufto
                0x08000ef4       0xa0 ..\obj\psock.o
 .text.send_data
                0x08000f94       0x60 ..\obj\psock.o
 .text.data_acked
                0x08000ff4       0x68 ..\obj\psock.o
 .text.psock_send
                0x0800105c       0x84 ..\obj\psock.o
                0x0800105c                psock_send
 .text.psock_datalen
                0x080010e0       0x20 ..\obj\psock.o
                0x080010e0                psock_datalen
 .text.psock_newdata
                0x08001100       0x48 ..\obj\psock.o
                0x08001100                psock_newdata
 .text.psock_readto
                0x08001148       0xc0 ..\obj\psock.o
                0x08001148                psock_readto
 .text.psock_init
                0x08001208       0x40 ..\obj\psock.o
                0x08001208                psock_init
 .text.LED_init
                0x08001248       0x58 ..\obj\main.o
                0x08001248                LED_init
 .text.main     0x080012a0      0x194 ..\obj\main.o
                0x080012a0                main
 .text.vApplicationStackOverflowHook
                0x08001434       0x10 ..\obj\main.o
                0x08001434                vApplicationStackOverflowHook
 .text.vApplicationTickHook
                0x08001444        0x8 ..\obj\main.o
                0x08001444                vApplicationTickHook
 .text.Reset_Handler
                0x0800144c       0x44 ..\obj\startup_stm32f0xx.o
                0x0800144c                Reset_Handler
 .text.Default_Handler
                0x08001490        0x2 ..\obj\startup_stm32f0xx.o
                0x08001490                TIM1_CC_IRQHandler
                0x08001490                HardFault_Handler
                0x08001490                ADC1_COMP_IRQHandler
                0x08001490                PVD_IRQHandler
                0x08001490                NMI_Handler
                0x08001490                I2C1_IRQHandler
                0x08001490                SPI1_IRQHandler
                0x08001490                TIM6_DAC_IRQHandler
                0x08001490                EXTI2_3_IRQHandler
                0x08001490                I2C2_IRQHandler
                0x08001490                TIM17_IRQHandler
                0x08001490                RTC_IRQHandler
                0x08001490                TIM16_IRQHandler
                0x08001490                TIM3_IRQHandler
                0x08001490                EXTI4_15_IRQHandler
                0x08001490                RCC_IRQHandler
                0x08001490                DMA1_Channel1_IRQHandler
                0x08001490                Default_Handler
                0x08001490                CEC_IRQHandler
                0x08001490                TIM14_IRQHandler
                0x08001490                DMA1_Channel4_5_IRQHandler
                0x08001490                TIM15_IRQHandler
                0x08001490                EXTI0_1_IRQHandler
                0x08001490                SPI2_IRQHandler
                0x08001490                TS_IRQHandler
                0x08001490                WWDG_IRQHandler
                0x08001490                TIM2_IRQHandler
                0x08001490                DMA1_Channel2_3_IRQHandler
                0x08001490                USART2_IRQHandler
                0x08001490                FLASH_IRQHandler
                0x08001490                USART1_IRQHandler
                0x08001490                TIM1_BRK_UP_TRG_COM_IRQHandler
 *fill*         0x08001492        0x2 00
 .text.xTaskIncrementTick
                0x08001494      0x180 ..\obj\tasks.o
                0x08001494                xTaskIncrementTick
 .text.vTaskSwitchContext
                0x08001614       0xf0 ..\obj\tasks.o
                0x08001614                vTaskSwitchContext
 .text.prvResetNextTaskUnblockTime
                0x08001704       0x44 ..\obj\tasks.o
 .text.uip_arp_init
                0x08001748       0x48 ..\obj\uip_arp.o
                0x08001748                uip_arp_init
 .text.uip_arp_update
                0x08001790      0x170 ..\obj\uip_arp.o
 .text.uip_arp_arpin
                0x08001900      0x12c ..\obj\uip_arp.o
                0x08001900                uip_arp_arpin
 .text.uip_arp_out
                0x08001a2c      0x200 ..\obj\uip_arp.o
                0x08001a2c                uip_arp_out
 .text.SPI_Init
                0x08001c2c      0x104 ..\obj\stm32f0xx_spi.o
                0x08001c2c                SPI_Init
 .text.SPI_Cmd  0x08001d30       0x40 ..\obj\stm32f0xx_spi.o
                0x08001d30                SPI_Cmd
 .text.SPI_RxFIFOThresholdConfig
                0x08001d70       0x3c ..\obj\stm32f0xx_spi.o
                0x08001d70                SPI_RxFIFOThresholdConfig
 .text.SPI_SendData8
                0x08001dac       0x2c ..\obj\stm32f0xx_spi.o
                0x08001dac                SPI_SendData8
 .text.SPI_ReceiveData8
                0x08001dd8       0x24 ..\obj\stm32f0xx_spi.o
                0x08001dd8                SPI_ReceiveData8
 .text.SPI_CalculateCRC
                0x08001dfc       0x44 ..\obj\stm32f0xx_spi.o
                0x08001dfc                SPI_CalculateCRC
 .text.SPI_I2S_GetFlagStatus
                0x08001e40       0x48 ..\obj\stm32f0xx_spi.o
                0x08001e40                SPI_I2S_GetFlagStatus
 .text.GPIO_Init
                0x08001e88      0x138 ..\obj\stm32f0xx_gpio.o
                0x08001e88                GPIO_Init
 .text.GPIO_StructInit
                0x08001fc0       0x30 ..\obj\stm32f0xx_gpio.o
                0x08001fc0                GPIO_StructInit
 .text.GPIO_PinAFConfig
                0x08001ff0       0x9c ..\obj\stm32f0xx_gpio.o
                0x08001ff0                GPIO_PinAFConfig
 .text.vListInsertEnd
                0x0800208c       0x44 ..\obj\list.o
                0x0800208c                vListInsertEnd
 .text.uxListRemove
                0x080020d0       0x50 ..\obj\list.o
                0x080020d0                uxListRemove
 .text.USART_Init
                0x08002120      0x160 ..\obj\stm32f0xx_usart.o
                0x08002120                USART_Init
 .text.USART_Cmd
                0x08002280       0x3c ..\obj\stm32f0xx_usart.o
                0x08002280                USART_Cmd
 .text.USART_SendData
                0x080022bc       0x24 ..\obj\stm32f0xx_usart.o
                0x080022bc                USART_SendData
 .text.USART_GetFlagStatus
                0x080022e0       0x3c ..\obj\stm32f0xx_usart.o
                0x080022e0                USART_GetFlagStatus
 .text.SVC_Handler
                0x0800231c        0x8 ..\obj\port.o
                0x0800231c                SVC_Handler
 .text.ulSetInterruptMaskFromISR
                0x08002324        0xc ..\obj\port.o
                0x08002324                ulSetInterruptMaskFromISR
 .text.vClearInterruptMaskFromISR
                0x08002330        0x8 ..\obj\port.o
                0x08002330                vClearInterruptMaskFromISR
 .text.PendSV_Handler
                0x08002338       0x44 ..\obj\port.o
                0x08002338                PendSV_Handler
 .text.SysTick_Handler
                0x0800237c       0x34 ..\obj\port.o
                0x0800237c                SysTick_Handler
 .text.SystemInit
                0x080023b0       0x8c ..\obj\system_stm32f0xx.o
                0x080023b0                SystemInit
 .text.SetSysClock
                0x0800243c       0xe0 ..\obj\system_stm32f0xx.o
 .text.uip_add32
                0x0800251c       0xcc ..\obj\uip.o
                0x0800251c                uip_add32
 .text.chksum   0x080025e8       0xbc ..\obj\uip.o
 .text.uip_ipchksum
                0x080026a4       0x40 ..\obj\uip.o
                0x080026a4                uip_ipchksum
 .text.upper_layer_chksum
                0x080026e4       0xa8 ..\obj\uip.o
 .text.uip_tcpchksum
                0x0800278c       0x14 ..\obj\uip.o
                0x0800278c                uip_tcpchksum
 .text.uip_init
                0x080027a0       0x7c ..\obj\uip.o
                0x080027a0                uip_init
 .text.uip_listen
                0x0800281c       0x58 ..\obj\uip.o
                0x0800281c                uip_listen
 .text.uip_add_rcv_nxt
                0x08002874       0x58 ..\obj\uip.o
 .text.uip_process
                0x080028cc     0x1070 ..\obj\uip.o
                0x080028cc                uip_process
 .text.htons    0x0800393c       0x2c ..\obj\uip.o
                0x0800393c                htons
 .text.uip_send
                0x08003968       0x44 ..\obj\uip.o
                0x08003968                uip_send
 .text.hello_world_init
                0x080039ac       0x14 ..\obj\hello-world.o
                0x080039ac                hello_world_init
 .text.hello_world_appcall
                0x080039c0       0x40 ..\obj\hello-world.o
                0x080039c0                hello_world_appcall
 .text.handle_connection
                0x08003a00       0xf0 ..\obj\hello-world.o
 .text          0x08003af0       0x9c c:/program files (x86)/gnu tools arm embedded/4.7 2013q2/bin/../lib/gcc/arm-none-eabi/4.7.4/armv6-m\libgcc.a(_udivsi3.o)
                0x08003af0                __aeabi_uidiv
                0x08003af0                __udivsi3
                0x08003b78                __aeabi_uidivmod
 .text          0x08003b8c        0x4 c:/program files (x86)/gnu tools arm embedded/4.7 2013q2/bin/../lib/gcc/arm-none-eabi/4.7.4/armv6-m\libgcc.a(_dvmd_tls.o)
                0x08003b8c                __aeabi_idiv0
                0x08003b8c                __aeabi_ldiv0
 .text.memcmp   0x08003b90       0xb4 c:/program files (x86)/gnu tools arm embedded/4.7 2013q2/bin/../lib/gcc/arm-none-eabi/4.7.4/../../../../arm-none-eabi/lib/armv6-m\libg.a(lib_a-memcmp.o)
                0x08003b90                memcmp
 .text.memcpy   0x08003c44      0x144 c:/program files (x86)/gnu tools arm embedded/4.7 2013q2/bin/../lib/gcc/arm-none-eabi/4.7.4/../../../../arm-none-eabi/lib/armv6-m\libg.a(lib_a-memcpy.o)
                0x08003c44                memcpy
 .text.memset   0x08003d88      0x118 c:/program files (x86)/gnu tools arm embedded/4.7 2013q2/bin/../lib/gcc/arm-none-eabi/4.7.4/../../../../arm-none-eabi/lib/armv6-m\libg.a(lib_a-memset.o)
                0x08003d88                memset
 .text.strlen   0x08003ea0       0x10 c:/program files (x86)/gnu tools arm embedded/4.7 2013q2/bin/../lib/gcc/arm-none-eabi/4.7.4/../../../../arm-none-eabi/lib/armv6-m\libg.a(lib_a-strlen.o)
                0x08003ea0                strlen
 .text.strncpy  0x08003eb0      0x124 c:/program files (x86)/gnu tools arm embedded/4.7 2013q2/bin/../lib/gcc/arm-none-eabi/4.7.4/../../../../arm-none-eabi/lib/armv6-m\libg.a(lib_a-strncpy.o)
                0x08003eb0                strncpy
 *(.glue_7t)
 .glue_7t       0x00000000        0x0 linker stubs
 *(.glue_7)
 .glue_7        0x00000000        0x0 linker stubs
 *(.rodata .rodata* .gnu.linkonce.r.*)
 .rodata        0x08003fd4        0x8 ..\obj\main.o
 .rodata        0x08003fdc       0x1c ..\obj\tasks.o
 .rodata        0x08003ff8        0xc ..\obj\uip_arp.o
 .rodata        0x08004004       0x50 ..\obj\uip.o
 .rodata        0x08004054       0x24 ..\obj\hello-world.o

.vfp11_veneer   0x08004078        0x0
 .vfp11_veneer  0x00000000        0x0 linker stubs

.v4_bx          0x08004078        0x0
 .v4_bx         0x00000000        0x0 linker stubs

.iplt           0x08004078        0x0
 .iplt          0x00000000        0x0 ..\obj\enc28j60_jose.o

.rel.dyn        0x08004078        0x0
 .rel.iplt      0x00000000        0x0 ..\obj\enc28j60_jose.o

.ARM.extab
 *(.ARM.extab* .gnu.linkonce.armextab.*)
                0x08004078                __exidx_start = .

.ARM.exidx
 *(.ARM.exidx* .gnu.linkonce.armexidx.*)
                0x08004078                __exidx_end = .
                0x08004078                . = ALIGN (0x4)
                0x08004078                _etext = .
                0x08004078                _sidata = .

.data           0x20000000       0x14 load address 0x08004078
                0x20000000                _sdata = .
 *(.data .data.*)
 .data          0x20000000       0x10 ..\obj\stm32f0xx_rcc.o
 .data          0x20000010        0x4 ..\obj\tasks.o
                0x20000014                . = ALIGN (0x4)
                0x20000014                _edata = .

.igot.plt       0x20000014        0x0 load address 0x0800408c
 .igot.plt      0x00000000        0x0 ..\obj\enc28j60_jose.o

.bss            0x20000014     0x15e8 load address 0x0800408c
                0x20000014                _sbss = .
 *(.bss .bss.*)
 .bss           0x20000014        0x4 ..\obj\enc28j60_jose.o
 .bss           0x20000018        0x1 ..\obj\stm32f0_spi_jose.o
                0x20000018                last_bank
 *fill*         0x20000019        0x3 00
 .bss           0x2000001c       0xfc ..\obj\tasks.o
                0x2000001c                pxCurrentTCB
 .bss           0x20000118       0x68 ..\obj\uip_arp.o
 .bss           0x20000180       0x14 ..\obj\uip.o
                0x20000180                uip_ethaddr
 *(COMMON)
 COMMON         0x20000194     0x1468 ..\obj\uip.o
                0x20000194                uip_len
                0x20000198                uip_sappdata
                0x2000019c                uip_acc32
                0x200001a0                uip_flags
                0x200001a4                uip_appdata
                0x200001a8                uip_conn
                0x200001ac                uip_conns
                0x200013cc                uip_listenports
                0x2000141c                uip_draddr
                0x20001420                uip_stat
                0x2000144c                uip_netmask
                0x20001450                uip_hostaddr
                0x20001454                uip_buf
                0x200015fa                uip_slen
                0x200015fc                . = ALIGN (0x4)
                0x200015fc                _ebss = .

.co_stack       0x200015fc        0x4 load address 0x08005674
                0x20001600                . = ALIGN (0x8)
 *fill*         0x200015fc        0x4 00
 *(.co_stack .co_stack.*)
                0x20001600                . = ALIGN (0x4)
                0x20001600                _end = .
LOAD ..\obj\enc28j60_jose.o
LOAD ..\obj\heap_4.o
LOAD ..\obj\usart_jose.o
LOAD ..\obj\stm32f0xx_rcc.o
LOAD ..\obj\timer.o
LOAD ..\obj\stm32f0_spi_jose.o
LOAD ..\obj\psock.o
LOAD ..\obj\main.o
LOAD ..\obj\startup_stm32f0xx.o
LOAD ..\obj\timers.o
LOAD ..\obj\uiplib.o
LOAD ..\obj\uip-split.o
LOAD ..\obj\uip-fw.o
LOAD ..\obj\tasks.o
LOAD ..\obj\clock-arch.o
LOAD ..\obj\uip_arp.o
LOAD ..\obj\stm32f0xx_spi.o
LOAD ..\obj\uip-neighbor.o
LOAD ..\obj\stm32f0xx_gpio.o
LOAD ..\obj\list.o
LOAD ..\obj\stm32f0xx_usart.o
LOAD ..\obj\queue.o
LOAD ..\obj\port.o
LOAD ..\obj\system_stm32f0xx.o
LOAD ..\obj\croutine.o
LOAD ..\obj\event_groups.o
LOAD ..\obj\uip.o
LOAD ..\obj\hello-world.o
LOAD ..\obj\core_cm0.o
START GROUP
LOAD c:/program files (x86)/gnu tools arm embedded/4.7 2013q2/bin/../lib/gcc/arm-none-eabi/4.7.4/armv6-m\libgcc.a
LOAD c:/program files (x86)/gnu tools arm embedded/4.7 2013q2/bin/../lib/gcc/arm-none-eabi/4.7.4/../../../../arm-none-eabi/lib/armv6-m\libg.a
LOAD c:/program files (x86)/gnu tools arm embedded/4.7 2013q2/bin/../lib/gcc/arm-none-eabi/4.7.4/../../../../arm-none-eabi/lib/armv6-m\libc.a
END GROUP
OUTPUT(elliana.elf elf32-littlearm)

.debug_info     0x00000000     0x767d
 .debug_info    0x00000000      0x148 ..\obj\enc28j60_jose.o
 .debug_info    0x00000148      0x4b9 ..\obj\usart_jose.o
 .debug_info    0x00000601      0xa63 ..\obj\stm32f0xx_rcc.o
 .debug_info    0x00001064      0x789 ..\obj\stm32f0_spi_jose.o
 .debug_info    0x000017ed      0x6e4 ..\obj\psock.o
 .debug_info    0x00001ed1      0x556 ..\obj\main.o
 .debug_info    0x00002427       0xa1 ..\obj\startup_stm32f0xx.o
 .debug_info    0x000024c8     0x12db ..\obj\tasks.o
 .debug_info    0x000037a3      0x49f ..\obj\uip_arp.o
 .debug_info    0x00003c42      0xb56 ..\obj\stm32f0xx_spi.o
 .debug_info    0x00004798      0x618 ..\obj\stm32f0xx_gpio.o
 .debug_info    0x00004db0      0x2c1 ..\obj\list.o
 .debug_info    0x00005071      0xf43 ..\obj\stm32f0xx_usart.o
 .debug_info    0x00005fb4      0x288 ..\obj\port.o
 .debug_info    0x0000623c      0x30f ..\obj\system_stm32f0xx.o
 .debug_info    0x0000654b      0xd66 ..\obj\uip.o
 .debug_info    0x000072b1      0x3cc ..\obj\hello-world.o

.debug_abbrev   0x00000000     0x1944
 .debug_abbrev  0x00000000       0xa3 ..\obj\enc28j60_jose.o
 .debug_abbrev  0x000000a3      0x14a ..\obj\usart_jose.o
 .debug_abbrev  0x000001ed      0x1ee ..\obj\stm32f0xx_rcc.o
 .debug_abbrev  0x000003db      0x1c9 ..\obj\stm32f0_spi_jose.o
 .debug_abbrev  0x000005a4      0x21a ..\obj\psock.o
 .debug_abbrev  0x000007be      0x1c5 ..\obj\main.o
 .debug_abbrev  0x00000983       0x12 ..\obj\startup_stm32f0xx.o
 .debug_abbrev  0x00000995      0x226 ..\obj\tasks.o
 .debug_abbrev  0x00000bbb      0x18e ..\obj\uip_arp.o
 .debug_abbrev  0x00000d49      0x1a3 ..\obj\stm32f0xx_spi.o
 .debug_abbrev  0x00000eec      0x190 ..\obj\stm32f0xx_gpio.o
 .debug_abbrev  0x0000107c       0xbe ..\obj\list.o
 .debug_abbrev  0x0000113a      0x15e ..\obj\stm32f0xx_usart.o
 .debug_abbrev  0x00001298      0x19a ..\obj\port.o
 .debug_abbrev  0x00001432      0x136 ..\obj\system_stm32f0xx.o
 .debug_abbrev  0x00001568      0x287 ..\obj\uip.o
 .debug_abbrev  0x000017ef      0x155 ..\obj\hello-world.o

.debug_loc      0x00000000     0x3722
 .debug_loc     0x00000000       0x70 ..\obj\enc28j60_jose.o
 .debug_loc     0x00000070       0xa8 ..\obj\usart_jose.o
 .debug_loc     0x00000118      0x864 ..\obj\stm32f0xx_rcc.o
 .debug_loc     0x0000097c      0x304 ..\obj\stm32f0_spi_jose.o
 .debug_loc     0x00000c80      0x288 ..\obj\psock.o
 .debug_loc     0x00000f08      0x19c ..\obj\main.o
 .debug_loc     0x000010a4      0x9a8 ..\obj\tasks.o
 .debug_loc     0x00001a4c      0x100 ..\obj\uip_arp.o
 .debug_loc     0x00001b4c      0x6ca ..\obj\stm32f0xx_spi.o
 .debug_loc     0x00002216      0x2d8 ..\obj\stm32f0xx_gpio.o
 .debug_loc     0x000024ee      0x118 ..\obj\list.o
 .debug_loc     0x00002606      0xab8 ..\obj\stm32f0xx_usart.o
 .debug_loc     0x000030be      0x1d0 ..\obj\port.o
 .debug_loc     0x0000328e       0x9c ..\obj\system_stm32f0xx.o
 .debug_loc     0x0000332a      0x35c ..\obj\uip.o
 .debug_loc     0x00003686       0x9c ..\obj\hello-world.o

.debug_aranges  0x00000000      0x9d8
 .debug_aranges
                0x00000000       0x28 ..\obj\enc28j60_jose.o
 .debug_aranges
                0x00000028       0x30 ..\obj\usart_jose.o
 .debug_aranges
                0x00000058      0x150 ..\obj\stm32f0xx_rcc.o
 .debug_aranges
                0x000001a8       0x88 ..\obj\stm32f0_spi_jose.o
 .debug_aranges
                0x00000230       0x78 ..\obj\psock.o
 .debug_aranges
                0x000002a8       0x58 ..\obj\main.o
 .debug_aranges
                0x00000300       0x28 ..\obj\startup_stm32f0xx.o
 .debug_aranges
                0x00000328      0x180 ..\obj\tasks.o
 .debug_aranges
                0x000004a8       0x40 ..\obj\uip_arp.o
 .debug_aranges
                0x000004e8      0x110 ..\obj\stm32f0xx_spi.o
 .debug_aranges
                0x000005f8       0x80 ..\obj\stm32f0xx_gpio.o
 .debug_aranges
                0x00000678       0x40 ..\obj\list.o
 .debug_aranges
                0x000006b8      0x1a0 ..\obj\stm32f0xx_usart.o
 .debug_aranges
                0x00000858       0x88 ..\obj\port.o
 .debug_aranges
                0x000008e0       0x30 ..\obj\system_stm32f0xx.o
 .debug_aranges
                0x00000910       0x98 ..\obj\uip.o
 .debug_aranges
                0x000009a8       0x30 ..\obj\hello-world.o

.debug_ranges   0x00000000      0x8d0
 .debug_ranges  0x00000000       0x18 ..\obj\enc28j60_jose.o
 .debug_ranges  0x00000018       0x20 ..\obj\usart_jose.o
 .debug_ranges  0x00000038      0x140 ..\obj\stm32f0xx_rcc.o
 .debug_ranges  0x00000178       0x78 ..\obj\stm32f0_spi_jose.o
 .debug_ranges  0x000001f0       0x68 ..\obj\psock.o
 .debug_ranges  0x00000258       0x48 ..\obj\main.o
 .debug_ranges  0x000002a0       0x20 ..\obj\startup_stm32f0xx.o
 .debug_ranges  0x000002c0      0x170 ..\obj\tasks.o
 .debug_ranges  0x00000430       0x30 ..\obj\uip_arp.o
 .debug_ranges  0x00000460      0x100 ..\obj\stm32f0xx_spi.o
 .debug_ranges  0x00000560       0x70 ..\obj\stm32f0xx_gpio.o
 .debug_ranges  0x000005d0       0x30 ..\obj\list.o
 .debug_ranges  0x00000600      0x190 ..\obj\stm32f0xx_usart.o
 .debug_ranges  0x00000790       0x78 ..\obj\port.o
 .debug_ranges  0x00000808       0x20 ..\obj\system_stm32f0xx.o
 .debug_ranges  0x00000828       0x88 ..\obj\uip.o
 .debug_ranges  0x000008b0       0x20 ..\obj\hello-world.o

.debug_line     0x00000000     0x398a
 .debug_line    0x00000000      0x13a ..\obj\enc28j60_jose.o
 .debug_line    0x0000013a      0x1cf ..\obj\usart_jose.o
 .debug_line    0x00000309      0x4c0 ..\obj\stm32f0xx_rcc.o
 .debug_line    0x000007c9      0x36c ..\obj\stm32f0_spi_jose.o
 .debug_line    0x00000b35      0x2ec ..\obj\psock.o
 .debug_line    0x00000e21      0x30e ..\obj\main.o
 .debug_line    0x0000112f       0xa7 ..\obj\startup_stm32f0xx.o
 .debug_line    0x000011d6      0xac4 ..\obj\tasks.o
 .debug_line    0x00001c9a      0x255 ..\obj\uip_arp.o
 .debug_line    0x00001eef      0x437 ..\obj\stm32f0xx_spi.o
 .debug_line    0x00002326      0x29b ..\obj\stm32f0xx_gpio.o
 .debug_line    0x000025c1      0x201 ..\obj\list.o
 .debug_line    0x000027c2      0x586 ..\obj\stm32f0xx_usart.o
 .debug_line    0x00002d48      0x2c5 ..\obj\port.o
 .debug_line    0x0000300d      0x177 ..\obj\system_stm32f0xx.o
 .debug_line    0x00003184      0x64c ..\obj\uip.o
 .debug_line    0x000037d0      0x1ba ..\obj\hello-world.o

.debug_str      0x00000000     0x2cc8
 .debug_str     0x00000000      0x135 ..\obj\enc28j60_jose.o
                                0x17e (size before relaxing)
 .debug_str     0x00000135      0x2d7 ..\obj\usart_jose.o
                                0x3ce (size before relaxing)
 .debug_str     0x0000040c      0x576 ..\obj\stm32f0xx_rcc.o
                                0x6c5 (size before relaxing)
 .debug_str     0x00000982      0x256 ..\obj\stm32f0_spi_jose.o
                                0x53a (size before relaxing)
 .debug_str     0x00000bd8      0x244 ..\obj\psock.o
                                0x353 (size before relaxing)
 .debug_str     0x00000e1c      0x158 ..\obj\main.o
                                0x447 (size before relaxing)
 .debug_str     0x00000f74      0xa10 ..\obj\tasks.o
                                0xb7c (size before relaxing)
 .debug_str     0x00001984      0x144 ..\obj\uip_arp.o
                                0x2ec (size before relaxing)
 .debug_str     0x00001ac8      0x3b1 ..\obj\stm32f0xx_spi.o
                                0x69e (size before relaxing)
 .debug_str     0x00001e79      0x188 ..\obj\stm32f0xx_gpio.o
                                0x42c (size before relaxing)
 .debug_str     0x00002001       0xc6 ..\obj\list.o
                                0x25c (size before relaxing)
 .debug_str     0x000020c7      0x658 ..\obj\stm32f0xx_usart.o
                                0x8f3 (size before relaxing)
 .debug_str     0x0000271f      0x195 ..\obj\port.o
                                0x2d0 (size before relaxing)
 .debug_str     0x000028b4       0x91 ..\obj\system_stm32f0xx.o
                                0x236 (size before relaxing)
 .debug_str     0x00002945      0x31c ..\obj\uip.o
                                0x5f3 (size before relaxing)
 .debug_str     0x00002c61       0x67 ..\obj\hello-world.o
                                0x278 (size before relaxing)

.comment        0x00000000       0x70
 .comment       0x00000000       0x70 ..\obj\enc28j60_jose.o
                                 0x71 (size before relaxing)
 .comment       0x00000000       0x71 ..\obj\usart_jose.o
 .comment       0x00000000       0x71 ..\obj\stm32f0xx_rcc.o
 .comment       0x00000000       0x71 ..\obj\stm32f0_spi_jose.o
 .comment       0x00000000       0x71 ..\obj\psock.o
 .comment       0x00000000       0x71 ..\obj\main.o
 .comment       0x00000000       0x71 ..\obj\tasks.o
 .comment       0x00000000       0x71 ..\obj\uip_arp.o
 .comment       0x00000000       0x71 ..\obj\stm32f0xx_spi.o
 .comment       0x00000000       0x71 ..\obj\stm32f0xx_gpio.o
 .comment       0x00000000       0x71 ..\obj\list.o
 .comment       0x00000000       0x71 ..\obj\stm32f0xx_usart.o
 .comment       0x00000000       0x71 ..\obj\port.o
 .comment       0x00000000       0x71 ..\obj\system_stm32f0xx.o
 .comment       0x00000000       0x71 ..\obj\uip.o
 .comment       0x00000000       0x71 ..\obj\hello-world.o

.ARM.attributes
                0x00000000       0x2f
 .ARM.attributes
                0x00000000       0x31 ..\obj\enc28j60_jose.o
 .ARM.attributes
                0x00000031       0x31 ..\obj\usart_jose.o
 .ARM.attributes
                0x00000062       0x31 ..\obj\stm32f0xx_rcc.o
 .ARM.attributes
                0x00000093       0x31 ..\obj\stm32f0_spi_jose.o
 .ARM.attributes
                0x000000c4       0x31 ..\obj\psock.o
 .ARM.attributes
                0x000000f5       0x31 ..\obj\main.o
 .ARM.attributes
                0x00000126       0x21 ..\obj\startup_stm32f0xx.o
 .ARM.attributes
                0x00000147       0x31 ..\obj\tasks.o
 .ARM.attributes
                0x00000178       0x31 ..\obj\uip_arp.o
 .ARM.attributes
                0x000001a9       0x31 ..\obj\stm32f0xx_spi.o
 .ARM.attributes
                0x000001da       0x31 ..\obj\stm32f0xx_gpio.o
 .ARM.attributes
                0x0000020b       0x31 ..\obj\list.o
 .ARM.attributes
                0x0000023c       0x31 ..\obj\stm32f0xx_usart.o
 .ARM.attributes
                0x0000026d       0x31 ..\obj\port.o
 .ARM.attributes
                0x0000029e       0x31 ..\obj\system_stm32f0xx.o
 .ARM.attributes
                0x000002cf       0x31 ..\obj\uip.o
 .ARM.attributes
                0x00000300       0x31 ..\obj\hello-world.o
 .ARM.attributes
                0x00000331       0x1e c:/program files (x86)/gnu tools arm embedded/4.7 2013q2/bin/../lib/gcc/arm-none-eabi/4.7.4/armv6-m\libgcc.a(_udivsi3.o)
 .ARM.attributes
                0x0000034f       0x1e c:/program files (x86)/gnu tools arm embedded/4.7 2013q2/bin/../lib/gcc/arm-none-eabi/4.7.4/armv6-m\libgcc.a(_dvmd_tls.o)
 .ARM.attributes
                0x0000036d       0x2c c:/program files (x86)/gnu tools arm embedded/4.7 2013q2/bin/../lib/gcc/arm-none-eabi/4.7.4/../../../../arm-none-eabi/lib/armv6-m\libg.a(lib_a-memcmp.o)
 .ARM.attributes
                0x00000399       0x2c c:/program files (x86)/gnu tools arm embedded/4.7 2013q2/bin/../lib/gcc/arm-none-eabi/4.7.4/../../../../arm-none-eabi/lib/armv6-m\libg.a(lib_a-memcpy.o)
 .ARM.attributes
                0x000003c5       0x2c c:/program files (x86)/gnu tools arm embedded/4.7 2013q2/bin/../lib/gcc/arm-none-eabi/4.7.4/../../../../arm-none-eabi/lib/armv6-m\libg.a(lib_a-memset.o)
 .ARM.attributes
                0x000003f1       0x2c c:/program files (x86)/gnu tools arm embedded/4.7 2013q2/bin/../lib/gcc/arm-none-eabi/4.7.4/../../../../arm-none-eabi/lib/armv6-m\libg.a(lib_a-strlen.o)
 .ARM.attributes
                0x0000041d       0x2c c:/program files (x86)/gnu tools arm embedded/4.7 2013q2/bin/../lib/gcc/arm-none-eabi/4.7.4/../../../../arm-none-eabi/lib/armv6-m\libg.a(lib_a-strncpy.o)

.debug_frame    0x00000000     0x2234
 .debug_frame   0x00000000       0x50 ..\obj\enc28j60_jose.o
 .debug_frame   0x00000050       0x70 ..\obj\usart_jose.o
 .debug_frame   0x000000c0      0x4e4 ..\obj\stm32f0xx_rcc.o
 .debug_frame   0x000005a4      0x1cc ..\obj\stm32f0_spi_jose.o
 .debug_frame   0x00000770      0x194 ..\obj\psock.o
 .debug_frame   0x00000904      0x104 ..\obj\main.o
 .debug_frame   0x00000a08      0x5a0 ..\obj\tasks.o
 .debug_frame   0x00000fa8       0xa8 ..\obj\uip_arp.o
 .debug_frame   0x00001050      0x3f0 ..\obj\stm32f0xx_spi.o
 .debug_frame   0x00001440      0x1b0 ..\obj\stm32f0xx_gpio.o
 .debug_frame   0x000015f0       0xb0 ..\obj\list.o
 .debug_frame   0x000016a0      0x630 ..\obj\stm32f0xx_usart.o
 .debug_frame   0x00001cd0      0x174 ..\obj\port.o
 .debug_frame   0x00001e44       0x6c ..\obj\system_stm32f0xx.o
 .debug_frame   0x00001eb0      0x208 ..\obj\uip.o
 .debug_frame   0x000020b8       0x70 ..\obj\hello-world.o
 .debug_frame   0x00002128       0x20 c:/program files (x86)/gnu tools arm embedded/4.7 2013q2/bin/../lib/gcc/arm-none-eabi/4.7.4/armv6-m\libgcc.a(_udivsi3.o)
 .debug_frame   0x00002148       0x30 c:/program files (x86)/gnu tools arm embedded/4.7 2013q2/bin/../lib/gcc/arm-none-eabi/4.7.4/../../../../arm-none-eabi/lib/armv6-m\libg.a(lib_a-memcmp.o)
 .debug_frame   0x00002178       0x34 c:/program files (x86)/gnu tools arm embedded/4.7 2013q2/bin/../lib/gcc/arm-none-eabi/4.7.4/../../../../arm-none-eabi/lib/armv6-m\libg.a(lib_a-memcpy.o)
 .debug_frame   0x000021ac       0x30 c:/program files (x86)/gnu tools arm embedded/4.7 2013q2/bin/../lib/gcc/arm-none-eabi/4.7.4/../../../../arm-none-eabi/lib/armv6-m\libg.a(lib_a-memset.o)
 .debug_frame   0x000021dc       0x20 c:/program files (x86)/gnu tools arm embedded/4.7 2013q2/bin/../lib/gcc/arm-none-eabi/4.7.4/../../../../arm-none-eabi/lib/armv6-m\libg.a(lib_a-strlen.o)
 .debug_frame   0x000021fc       0x38 c:/program files (x86)/gnu tools arm embedded/4.7 2013q2/bin/../lib/gcc/arm-none-eabi/4.7.4/../../../../arm-none-eabi/lib/armv6-m\libg.a(lib_a-strncpy.o)
